../Core/Src/main.c:201:6:DrawClippedFilledRectangle	40	static
../Core/Src/main.c:221:6:EraseHead	32	static
../Core/Src/main.c:239:6:EraseTail	32	static
../Core/Src/main.c:254:5:GetWrappedDelta	32	static
../Core/Src/main.c:315:6:InitializeStars	32	static
../Core/Src/main.c:362:6:DrawStarsGradually	40	static
../Core/Src/main.c:405:6:UpdateStarPositions	48	static
../Core/Src/main.c:494:5:main	8	static
../Core/Src/main.c:550:6:DrawNewYearGreeting	128	static
../Core/Src/main.c:648:5:isOverlappingExclusion	32	static
../Core/Src/main.c:728:6:ShowStartScreen	216	static
../Core/Src/main.c:939:6:ShowGameOverScreen	232	static
../Core/Src/main.c:1138:6:InitSnakeGame	24	static
../Core/Src/main.c:1166:6:RunSnakeGame	24	static
../Core/Src/main.c:1251:6:UpdateSnakePosition	16	static
../Core/Src/main.c:1296:6:DrawSnake	72	static
../Core/Src/main.c:1387:6:CheckCollision	16	static
../Core/Src/main.c:1407:6:GenerateFood	16	static
../Core/Src/main.c:1425:6:DrawFood	16	static
../Core/Src/main.c:1430:9:IsButtonPressed	32	static
../Core/Src/main.c:1446:6:SystemClock_Config	72	static
../Core/Src/main.c:1486:13:MX_SPI1_Init	8	static
../Core/Src/main.c:1523:13:MX_DMA_Init	16	static
../Core/Src/main.c:1542:13:MX_GPIO_Init	40	static
../Core/Src/main.c:1590:6:Error_Handler	8	static,ignoring_inline_asm
