Archive member included to satisfy reference by file (symbol)

/app/stm32cubeide/plugins/com.st.stm32cube.ide.mcu.externaltools.gnu-tools-for-stm32.10.3-2021.10.linux64_1.0.200.202301161003/tools/bin/../lib/gcc/arm-none-eabi/10.3.1/../../../../arm-none-eabi/lib/thumb/v7-m/nofp/libc_nano.a(lib_a-errno.o)
                              ./Core/Src/syscalls.o (__errno)
/app/stm32cubeide/plugins/com.st.stm32cube.ide.mcu.externaltools.gnu-tools-for-stm32.10.3-2021.10.linux64_1.0.200.202301161003/tools/bin/../lib/gcc/arm-none-eabi/10.3.1/../../../../arm-none-eabi/lib/thumb/v7-m/nofp/libc_nano.a(lib_a-exit.o)
                              /app/stm32cubeide/plugins/com.st.stm32cube.ide.mcu.externaltools.gnu-tools-for-stm32.10.3-2021.10.linux64_1.0.200.202301161003/tools/bin/../lib/gcc/arm-none-eabi/10.3.1/../../../../arm-none-eabi/lib/thumb/v7-m/nofp/crt0.o (exit)
/app/stm32cubeide/plugins/com.st.stm32cube.ide.mcu.externaltools.gnu-tools-for-stm32.10.3-2021.10.linux64_1.0.200.202301161003/tools/bin/../lib/gcc/arm-none-eabi/10.3.1/../../../../arm-none-eabi/lib/thumb/v7-m/nofp/libc_nano.a(lib_a-impure.o)
                              /app/stm32cubeide/plugins/com.st.stm32cube.ide.mcu.externaltools.gnu-tools-for-stm32.10.3-2021.10.linux64_1.0.200.202301161003/tools/bin/../lib/gcc/arm-none-eabi/10.3.1/../../../../arm-none-eabi/lib/thumb/v7-m/nofp/libc_nano.a(lib_a-exit.o) (_global_impure_ptr)
/app/stm32cubeide/plugins/com.st.stm32cube.ide.mcu.externaltools.gnu-tools-for-stm32.10.3-2021.10.linux64_1.0.200.202301161003/tools/bin/../lib/gcc/arm-none-eabi/10.3.1/../../../../arm-none-eabi/lib/thumb/v7-m/nofp/libc_nano.a(lib_a-init.o)
                              /app/stm32cubeide/plugins/com.st.stm32cube.ide.mcu.externaltools.gnu-tools-for-stm32.10.3-2021.10.linux64_1.0.200.202301161003/tools/bin/../lib/gcc/arm-none-eabi/10.3.1/../../../../arm-none-eabi/lib/thumb/v7-m/nofp/crt0.o (__libc_init_array)
/app/stm32cubeide/plugins/com.st.stm32cube.ide.mcu.externaltools.gnu-tools-for-stm32.10.3-2021.10.linux64_1.0.200.202301161003/tools/bin/../lib/gcc/arm-none-eabi/10.3.1/../../../../arm-none-eabi/lib/thumb/v7-m/nofp/libc_nano.a(lib_a-memset.o)
                              /app/stm32cubeide/plugins/com.st.stm32cube.ide.mcu.externaltools.gnu-tools-for-stm32.10.3-2021.10.linux64_1.0.200.202301161003/tools/bin/../lib/gcc/arm-none-eabi/10.3.1/../../../../arm-none-eabi/lib/thumb/v7-m/nofp/crt0.o (memset)
/app/stm32cubeide/plugins/com.st.stm32cube.ide.mcu.externaltools.gnu-tools-for-stm32.10.3-2021.10.linux64_1.0.200.202301161003/tools/bin/../lib/gcc/arm-none-eabi/10.3.1/../../../../arm-none-eabi/lib/thumb/v7-m/nofp/libc_nano.a(lib_a-rand.o)
                              ./Core/Src/main.o (srand)
/app/stm32cubeide/plugins/com.st.stm32cube.ide.mcu.externaltools.gnu-tools-for-stm32.10.3-2021.10.linux64_1.0.200.202301161003/tools/bin/../lib/gcc/arm-none-eabi/10.3.1/../../../../arm-none-eabi/lib/thumb/v7-m/nofp/libc_nano.a(lib_a-strlen.o)
                              ./Core/Src/main.o (strlen)
/app/stm32cubeide/plugins/com.st.stm32cube.ide.mcu.externaltools.gnu-tools-for-stm32.10.3-2021.10.linux64_1.0.200.202301161003/tools/bin/../lib/gcc/arm-none-eabi/10.3.1/../../../../arm-none-eabi/lib/thumb/v7-m/nofp/libc_nano.a(lib_a-assert.o)
                              /app/stm32cubeide/plugins/com.st.stm32cube.ide.mcu.externaltools.gnu-tools-for-stm32.10.3-2021.10.linux64_1.0.200.202301161003/tools/bin/../lib/gcc/arm-none-eabi/10.3.1/../../../../arm-none-eabi/lib/thumb/v7-m/nofp/libc_nano.a(lib_a-rand.o) (__assert_func)
/app/stm32cubeide/plugins/com.st.stm32cube.ide.mcu.externaltools.gnu-tools-for-stm32.10.3-2021.10.linux64_1.0.200.202301161003/tools/bin/../lib/gcc/arm-none-eabi/10.3.1/../../../../arm-none-eabi/lib/thumb/v7-m/nofp/libc_nano.a(lib_a-fprintf.o)
                              /app/stm32cubeide/plugins/com.st.stm32cube.ide.mcu.externaltools.gnu-tools-for-stm32.10.3-2021.10.linux64_1.0.200.202301161003/tools/bin/../lib/gcc/arm-none-eabi/10.3.1/../../../../arm-none-eabi/lib/thumb/v7-m/nofp/libc_nano.a(lib_a-assert.o) (fiprintf)
/app/stm32cubeide/plugins/com.st.stm32cube.ide.mcu.externaltools.gnu-tools-for-stm32.10.3-2021.10.linux64_1.0.200.202301161003/tools/bin/../lib/gcc/arm-none-eabi/10.3.1/../../../../arm-none-eabi/lib/thumb/v7-m/nofp/libc_nano.a(lib_a-malloc.o)
                              /app/stm32cubeide/plugins/com.st.stm32cube.ide.mcu.externaltools.gnu-tools-for-stm32.10.3-2021.10.linux64_1.0.200.202301161003/tools/bin/../lib/gcc/arm-none-eabi/10.3.1/../../../../arm-none-eabi/lib/thumb/v7-m/nofp/libc_nano.a(lib_a-rand.o) (malloc)
/app/stm32cubeide/plugins/com.st.stm32cube.ide.mcu.externaltools.gnu-tools-for-stm32.10.3-2021.10.linux64_1.0.200.202301161003/tools/bin/../lib/gcc/arm-none-eabi/10.3.1/../../../../arm-none-eabi/lib/thumb/v7-m/nofp/libc_nano.a(lib_a-nano-freer.o)
[...]
Memory Configuration

Name             Origin             Length             Attributes
RAM              0x0000000020000000 0x0000000000005000 xrw
FLASH            0x0000000008000000 0x0000000000020000 xr
*default*        0x0000000000000000 0xffffffffffffffff

Linker script and memory map

LOAD /app/stm32cubeide/plugins/com.st.stm32cube.ide.mcu.externaltools.gnu-tools-for-stm32.10.3-2021.10.linux64_1.0.200.202301161003/tools/bin/../lib/gcc/arm-none-eabi/10.3.1/thumb/v7-m/nofp/crti.o
LOAD /app/stm32cubeide/plugins/com.st.stm32cube.ide.mcu.externaltools.gnu-tools-for-stm32.10.3-2021.10.linux64_1.0.200.202301161003/tools/bin/../lib/gcc/arm-none-eabi/10.3.1/thumb/v7-m/nofp/crtbegin.o
LOAD /app/stm32cubeide/plugins/com.st.stm32cube.ide.mcu.externaltools.gnu-tools-for-stm32.10.3-2021.10.linux64_1.0.200.202301161003/tools/bin/../lib/gcc/arm-none-eabi/10.3.1/../../../../arm-none-eabi/lib/thumb/v7-m/nofp/crt0.o
LOAD ./Core/Src/ILI9341_GFX.o
LOAD ./Core/Src/fonts.o
LOAD ./Core/Src/main.o
LOAD ./Core/Src/stm32f1xx_hal_msp.o
LOAD ./Core/Src/stm32f1xx_it.o
LOAD ./Core/Src/syscalls.o
LOAD ./Core/Src/sysmem.o
LOAD ./Core/Src/system_stm32f1xx.o
LOAD ./Core/Startup/startup_stm32f103c8tx.o
LOAD ./Drivers/STM32F1xx_HAL_Driver/Src/stm32f1xx_hal.o
LOAD ./Drivers/STM32F1xx_HAL_Driver/Src/stm32f1xx_hal_cortex.o
LOAD ./Drivers/STM32F1xx_HAL_Driver/Src/stm32f1xx_hal_dma.o
LOAD ./Drivers/STM32F1xx_HAL_Driver/Src/stm32f1xx_hal_exti.o
LOAD ./Drivers/STM32F1xx_HAL_Driver/Src/stm32f1xx_hal_flash.o
LOAD ./Drivers/STM32F1xx_HAL_Driver/Src/stm32f1xx_hal_flash_ex.o
LOAD ./Drivers/STM32F1xx_HAL_Driver/Src/stm32f1xx_hal_gpio.o
LOAD ./Drivers/STM32F1xx_HAL_Driver/Src/stm32f1xx_hal_gpio_ex.o
LOAD ./Drivers/STM32F1xx_HAL_Driver/Src/stm32f1xx_hal_pwr.o
LOAD ./Drivers/STM32F1xx_HAL_Driver/Src/stm32f1xx_hal_rcc.o
LOAD ./Drivers/STM32F1xx_HAL_Driver/Src/stm32f1xx_hal_rcc_ex.o
LOAD ./Drivers/STM32F1xx_HAL_Driver/Src/stm32f1xx_hal_spi.o
LOAD ./Drivers/STM32F1xx_HAL_Driver/Src/stm32f1xx_hal_tim.o
LOAD ./Drivers/STM32F1xx_HAL_Driver/Src/stm32f1xx_hal_tim_ex.o
START GROUP
LOAD /app/stm32cubeide/plugins/com.st.stm32cube.ide.mcu.externaltools.gnu-tools-for-stm32.10.3-2021.10.linux64_1.0.200.202301161003/tools/bin/../lib/gcc/arm-none-eabi/10.3.1/../../../../arm-none-eabi/lib/thumb/v7-m/nofp/libc_nano.a
LOAD /app/stm32cubeide/plugins/com.st.stm32cube.ide.mcu.externaltools.gnu-tools-for-stm32.10.3-2021.10.linux64_1.0.200.202301161003/tools/bin/../lib/gcc/arm-none-eabi/10.3.1/../../../../arm-none-eabi/lib/thumb/v7-m/nofp/libm.a
END GROUP
START GROUP
LOAD /app/stm32cubeide/plugins/com.st.stm32cube.ide.mcu.externaltools.gnu-tools-for-stm32.10.3-2021.10.linux64_1.0.200.202301161003/tools/bin/../lib/gcc/arm-none-eabi/10.3.1/thumb/v7-m/nofp/libgcc.a
LOAD /app/stm32cubeide/plugins/com.st.stm32cube.ide.mcu.externaltools.gnu-tools-for-stm32.10.3-2021.10.linux64_1.0.200.202301161003/tools/bin/../lib/gcc/arm-none-eabi/10.3.1/../../../../arm-none-eabi/lib/thumb/v7-m/nofp/libc_nano.a
END GROUP
START GROUP
LOAD /app/stm32cubeide/plugins/com.st.stm32cube.ide.mcu.externaltools.gnu-tools-for-stm32.10.3-2021.10.linux64_1.0.200.202301161003/tools/bin/../lib/gcc/arm-none-eabi/10.3.1/thumb/v7-m/nofp/libgcc.a
LOAD /app/stm32cubeide/plugins/com.st.stm32cube.ide.mcu.externaltools.gnu-tools-for-stm32.10.3-2021.10.linux64_1.0.200.202301161003/tools/bin/../lib/gcc/arm-none-eabi/10.3.1/../../../../arm-none-eabi/lib/thumb/v7-m/nofp/libc_nano.a
LOAD /app/stm32cubeide/plugins/com.st.stm32cube.ide.mcu.externaltools.gnu-tools-for-stm32.10.3-2021.10.linux64_1.0.200.202301161003/tools/bin/../lib/gcc/arm-none-eabi/10.3.1/../../../../arm-none-eabi/lib/thumb/v7-m/nofp/libnosys.a
END GROUP
START GROUP
LOAD /app/stm32cubeide/plugins/com.st.stm32cube.ide.mcu.externaltools.gnu-tools-for-stm32.10.3-2021.10.linux64_1.0.200.202301161003/tools/bin/../lib/gcc/arm-none-eabi/10.3.1/thumb/v7-m/nofp/libgcc.a
LOAD /app/stm32cubeide/plugins/com.st.stm32cube.ide.mcu.externaltools.gnu-tools-for-stm32.10.3-2021.10.linux64_1.0.200.202301161003/tools/bin/../lib/gcc/arm-none-eabi/10.3.1/../../../../arm-none-eabi/lib/thumb/v7-m/nofp/libc_nano.a
LOAD /app/stm32cubeide/plugins/com.st.stm32cube.ide.mcu.externaltools.gnu-tools-for-stm32.10.3-2021.10.linux64_1.0.200.202301161003/tools/bin/../lib/gcc/arm-none-eabi/10.3.1/../../../../arm-none-eabi/lib/thumb/v7-m/nofp/libnosys.a
END GROUP
LOAD /app/stm32cubeide/plugins/com.st.stm32cube.ide.mcu.externaltools.gnu-tools-for-stm32.10.3-2021.10.linux64_1.0.200.202301161003/tools/bin/../lib/gcc/arm-none-eabi/10.3.1/thumb/v7-m/nofp/crtend.o
LOAD /app/stm32cubeide/plugins/com.st.stm32cube.ide.mcu.externaltools.gnu-tools-for-stm32.10.3-2021.10.linux64_1.0.200.202301161003/tools/bin/../lib/gcc/arm-none-eabi/10.3.1/thumb/v7-m/nofp/crtn.o
                0x0000000020005000                _estack = (ORIGIN (RAM) + LENGTH (RAM))
                0x0000000000000200                _Min_Heap_Size = 0x200
                0x0000000000000400                _Min_Stack_Size = 0x400

.isr_vector     0x0000000008000000      0x10c
                0x0000000008000000                . = ALIGN (0x4)
 *(.isr_vector)
 .isr_vector    0x0000000008000000      0x10c ./Core/Startup/startup_stm32f103c8tx.o
                0x0000000008000000                g_pfnVectors
                0x000000000800010c                . = ALIGN (0x4)

.text           0x000000000800010c     0x548c
                0x000000000800010c                . = ALIGN (0x4)
 *(.text)
 .text          0x000000000800010c       0x40 /app/stm32cubeide/plugins/com.st.stm32cube.ide.mcu.externaltools.gnu-tools-for-stm32.10.3-2021.10.linux64_1.0.200.202301161003/tools/bin/../lib/gcc/arm-none-eabi/10.3.1/thumb/v7-m/nofp/crtbegin.o
 .text          0x000000000800014c       0x10 /app/stm32cubeide/plugins/com.st.stm32cube.ide.mcu.externaltools.gnu-tools-for-stm32.10.3-2021.10.linux64_1.0.200.202301161003/tools/bin/../lib/gcc/arm-none-eabi/10.3.1/../../../../arm-none-eabi/lib/thumb/v7-m/nofp/libc_nano.a(lib_a-strlen.o)
                0x000000000800014c                strlen
 *(.text*)
 .text.ILI9341_Write_Command
                0x000000000800015c       0x60 ./Core/Src/ILI9341_GFX.o
                0x000000000800015c                ILI9341_Write_Command
 .text.ILI9341_Write_Data
                0x00000000080001bc       0x60 ./Core/Src/ILI9341_GFX.o
                0x00000000080001bc                ILI9341_Write_Data
 .text.ILI9341_Set_Address
                0x000000000800021c      0x1bc ./Core/Src/ILI9341_GFX.o
                0x000000000800021c                ILI9341_Set_Address
 .text.ILI9341_Reset
                0x00000000080003d8       0x38 ./Core/Src/ILI9341_GFX.o
                0x00000000080003d8                ILI9341_Reset
 .text.ILI9341_Set_Rotation
                0x0000000008000410       0xe0 ./Core/Src/ILI9341_GFX.o
                0x0000000008000410                ILI9341_Set_Rotation
 .text.ILI9341_Init
                0x00000000080004f0      0x220 ./Core/Src/ILI9341_GFX.o
                0x00000000080004f0                ILI9341_Init
 .text.ILI9341_Draw_Colour_Burst
                0x0000000008000710       0x94 ./Core/Src/ILI9341_GFX.o
                0x0000000008000710                ILI9341_Draw_Colour_Burst
 .text.ILI9341_Fill_Screen
                0x00000000080007a4       0x4c ./Core/Src/ILI9341_GFX.o
                0x00000000080007a4                ILI9341_Fill_Screen
 .text.ILI9341_Draw_Rectangle
                0x00000000080007f0       0xb8 ./Core/Src/ILI9341_GFX.o
                0x00000000080007f0                ILI9341_Draw_Rectangle
 .text.ILI9341_Draw_Filled_Rectangle_Coord
                0x00000000080008a8       0xbc ./Core/Src/ILI9341_GFX.o
                0x00000000080008a8                ILI9341_Draw_Filled_Rectangle_Coord
 .text.ILI9341_Draw_Image
                0x0000000008000964       0xb8 ./Core/Src/ILI9341_GFX.o
                0x0000000008000964                ILI9341_Draw_Image
 .text.DrawClippedFilledRectangle
                0x0000000008000a1c       0x98 ./Core/Src/main.o
                0x0000000008000a1c                DrawClippedFilledRectangle
 .text.EraseHead
                0x0000000008000ab4       0x58 ./Core/Src/main.o
                0x0000000008000ab4                EraseHead
 .text.EraseTail
                0x0000000008000b0c       0x58 ./Core/Src/main.o
                0x0000000008000b0c                EraseTail
 .text.GetWrappedDelta
                0x0000000008000b64       0x40 ./Core/Src/main.o
                0x0000000008000b64                GetWrappedDelta
 .text.InitializeStars
                0x0000000008000ba4      0x308 ./Core/Src/main.o
                0x0000000008000ba4                InitializeStars
 .text.DrawStarsGradually
                0x0000000008000eac      0x1e4 ./Core/Src/main.o
                0x0000000008000eac                DrawStarsGradually
 .text.UpdateStarPositions
                0x0000000008001090      0x380 ./Core/Src/main.o
                0x0000000008001090                UpdateStarPositions
 .text.main     0x0000000008001410       0x5c ./Core/Src/main.o
                0x0000000008001410                main
 .text.DrawNewYearGreeting
                0x000000000800146c      0x18c ./Core/Src/main.o
                0x000000000800146c                DrawNewYearGreeting
 .text.isOverlappingExclusion
                0x00000000080015f8       0x9c ./Core/Src/main.o
                0x00000000080015f8                isOverlappingExclusion
 .text.ShowStartScreen
                0x0000000008001694      0x5a0 ./Core/Src/main.o
                0x0000000008001694                ShowStartScreen
 .text.ShowGameOverScreen
                0x0000000008001c34      0x598 ./Core/Src/main.o
                0x0000000008001c34                ShowGameOverScreen
 .text.InitSnakeGame
                0x00000000080021cc       0xfc ./Core/Src/main.o
                0x00000000080021cc                InitSnakeGame
 .text.RunSnakeGame
                0x00000000080022c8      0x1f4 ./Core/Src/main.o
                0x00000000080022c8                RunSnakeGame
 .text.UpdateSnakePosition
                0x00000000080024bc      0x130 ./Core/Src/main.o
                0x00000000080024bc                UpdateSnakePosition
 .text.DrawSnake
                0x00000000080025ec      0x498 ./Core/Src/main.o
                0x00000000080025ec                DrawSnake
 .text.CheckCollision
                0x0000000008002a84       0xac ./Core/Src/main.o
                0x0000000008002a84                CheckCollision
 .text.GenerateFood
                0x0000000008002b30       0xc8 ./Core/Src/main.o
                0x0000000008002b30                GenerateFood
 .text.DrawFood
                0x0000000008002bf8       0x34 ./Core/Src/main.o
                0x0000000008002bf8                DrawFood
 .text.IsButtonPressed
                0x0000000008002c2c       0x42 ./Core/Src/main.o
                0x0000000008002c2c                IsButtonPressed
 .text.SystemClock_Config
                0x0000000008002c6e       0x8a ./Core/Src/main.o
                0x0000000008002c6e                SystemClock_Config
 .text.MX_SPI1_Init
                0x0000000008002cf8       0x6c ./Core/Src/main.o
 .text.MX_DMA_Init
                0x0000000008002d64       0x3c ./Core/Src/main.o
 .text.MX_GPIO_Init
                0x0000000008002da0       0xd8 ./Core/Src/main.o
 .text.Error_Handler
                0x0000000008002e78       0x18 ./Core/Src/main.o
                0x0000000008002e78                Error_Handler
 .text.HAL_MspInit
                0x0000000008002e90       0x64 ./Core/Src/stm32f1xx_hal_msp.o
                0x0000000008002e90                HAL_MspInit
 .text.HAL_SPI_MspInit
                0x0000000008002ef4       0xd0 ./Core/Src/stm32f1xx_hal_msp.o
                0x0000000008002ef4                HAL_SPI_MspInit
 .text.NMI_Handler
                0x0000000008002fc4        0x6 ./Core/Src/stm32f1xx_it.o
                0x0000000008002fc4                NMI_Handler
 .text.HardFault_Handler
                0x0000000008002fca        0x6 ./Core/Src/stm32f1xx_it.o
                0x0000000008002fca                HardFault_Handler
 .text.MemManage_Handler
                0x0000000008002fd0        0x6 ./Core/Src/stm32f1xx_it.o
                0x0000000008002fd0                MemManage_Handler
 .text.BusFault_Handler
                0x0000000008002fd6        0x6 ./Core/Src/stm32f1xx_it.o
                0x0000000008002fd6                BusFault_Handler
 .text.UsageFault_Handler
                0x0000000008002fdc        0x6 ./Core/Src/stm32f1xx_it.o
                0x0000000008002fdc                UsageFault_Handler
 .text.SVC_Handler
                0x0000000008002fe2        0xc ./Core/Src/stm32f1xx_it.o
                0x0000000008002fe2                SVC_Handler
 .text.DebugMon_Handler
                0x0000000008002fee        0xc ./Core/Src/stm32f1xx_it.o
                0x0000000008002fee                DebugMon_Handler
 .text.PendSV_Handler
                0x0000000008002ffa        0xc ./Core/Src/stm32f1xx_it.o
                0x0000000008002ffa                PendSV_Handler
 .text.SysTick_Handler
                0x0000000008003006        0xc ./Core/Src/stm32f1xx_it.o
                0x0000000008003006                SysTick_Handler
 *fill*         0x0000000008003012        0x2 
 .text.DMA1_Channel3_IRQHandler
                0x0000000008003014       0x14 ./Core/Src/stm32f1xx_it.o
                0x0000000008003014                DMA1_Channel3_IRQHandler
 .text._getpid  0x0000000008003028        0xe ./Core/Src/syscalls.o
                0x0000000008003028                _getpid
 .text._kill    0x0000000008003036       0x20 ./Core/Src/syscalls.o
                0x0000000008003036                _kill
 .text._exit    0x0000000008003056       0x14 ./Core/Src/syscalls.o
                0x0000000008003056                _exit
 .text._read    0x000000000800306a       0x3a ./Core/Src/syscalls.o
                0x000000000800306a                _read
 .text._write   0x00000000080030a4       0x38 ./Core/Src/syscalls.o
                0x00000000080030a4                _write
 .text._close   0x00000000080030dc       0x16 ./Core/Src/syscalls.o
                0x00000000080030dc                _close
 .text._fstat   0x00000000080030f2       0x1e ./Core/Src/syscalls.o
                0x00000000080030f2                _fstat
 .text._isatty  0x0000000008003110       0x14 ./Core/Src/syscalls.o
                0x0000000008003110                _isatty
 .text._lseek   0x0000000008003124       0x18 ./Core/Src/syscalls.o
                0x0000000008003124                _lseek
 .text._sbrk    0x000000000800313c       0x6c ./Core/Src/sysmem.o
                0x000000000800313c                _sbrk
 .text.SystemInit
                0x00000000080031a8        0xc ./Core/Src/system_stm32f1xx.o
                0x00000000080031a8                SystemInit
 .text.Reset_Handler
                0x00000000080031b4       0x48 ./Core/Startup/startup_stm32f103c8tx.o
                0x00000000080031b4                Reset_Handler
 .text.Default_Handler
                0x00000000080031fc        0x2 ./Core/Startup/startup_stm32f103c8tx.o
                0x00000000080031fc                RTC_Alarm_IRQHandler
                0x00000000080031fc                EXTI2_IRQHandler
                0x00000000080031fc                TIM1_CC_IRQHandler
                0x00000000080031fc                PVD_IRQHandler
                0x00000000080031fc                EXTI3_IRQHandler
                0x00000000080031fc                EXTI0_IRQHandler
                0x00000000080031fc                I2C2_EV_IRQHandler
                0x00000000080031fc                ADC1_2_IRQHandler
                0x00000000080031fc                SPI1_IRQHandler
                0x00000000080031fc                TAMPER_IRQHandler
                0x00000000080031fc                DMA1_Channel4_IRQHandler
                0x00000000080031fc                USART3_IRQHandler
                0x00000000080031fc                RTC_IRQHandler
                0x00000000080031fc                DMA1_Channel7_IRQHandler
                0x00000000080031fc                CAN1_RX1_IRQHandler
                0x00000000080031fc                TIM4_IRQHandler
                0x00000000080031fc                I2C1_EV_IRQHandler
                0x00000000080031fc                DMA1_Channel6_IRQHandler
                0x00000000080031fc                TIM3_IRQHandler
                0x00000000080031fc                RCC_IRQHandler
                0x00000000080031fc                TIM1_TRG_COM_IRQHandler
                0x00000000080031fc                DMA1_Channel1_IRQHandler
                0x00000000080031fc                Default_Handler
                0x00000000080031fc                EXTI15_10_IRQHandler
                0x00000000080031fc                EXTI9_5_IRQHandler
                0x00000000080031fc                SPI2_IRQHandler
                0x00000000080031fc                DMA1_Channel5_IRQHandler
                0x00000000080031fc                EXTI4_IRQHandler
                0x00000000080031fc                USB_LP_CAN1_RX0_IRQHandler
                0x00000000080031fc                USB_HP_CAN1_TX_IRQHandler
                0x00000000080031fc                TIM1_UP_IRQHandler
                0x00000000080031fc                WWDG_IRQHandler
                0x00000000080031fc                TIM2_IRQHandler
                0x00000000080031fc                TIM1_BRK_IRQHandler
                0x00000000080031fc                EXTI1_IRQHandler
                0x00000000080031fc                USART2_IRQHandler
                0x00000000080031fc                I2C2_ER_IRQHandler
                0x00000000080031fc                DMA1_Channel2_IRQHandler
                0x00000000080031fc                CAN1_SCE_IRQHandler
                0x00000000080031fc                FLASH_IRQHandler
                0x00000000080031fc                USART1_IRQHandler
                0x00000000080031fc                I2C1_ER_IRQHandler
                0x00000000080031fc                USBWakeUp_IRQHandler
 *fill*         0x00000000080031fe        0x2 
 .text.HAL_Init
                0x0000000008003200       0x2c ./Drivers/STM32F1xx_HAL_Driver/Src/stm32f1xx_hal.o
                0x0000000008003200                HAL_Init
 .text.HAL_InitTick
                0x000000000800322c       0x60 ./Drivers/STM32F1xx_HAL_Driver/Src/stm32f1xx_hal.o
                0x000000000800322c                HAL_InitTick
 .text.HAL_IncTick
                0x000000000800328c       0x24 ./Drivers/STM32F1xx_HAL_Driver/Src/stm32f1xx_hal.o
                0x000000000800328c                HAL_IncTick
 .text.HAL_GetTick
                0x00000000080032b0       0x14 ./Drivers/STM32F1xx_HAL_Driver/Src/stm32f1xx_hal.o
                0x00000000080032b0                HAL_GetTick
 .text.HAL_Delay
                0x00000000080032c4       0x48 ./Drivers/STM32F1xx_HAL_Driver/Src/stm32f1xx_hal.o
                0x00000000080032c4                HAL_Delay
 .text.__NVIC_SetPriorityGrouping
                0x000000000800330c       0x48 ./Drivers/STM32F1xx_HAL_Driver/Src/stm32f1xx_hal_cortex.o
 .text.__NVIC_GetPriorityGrouping
                0x0000000008003354       0x1c ./Drivers/STM32F1xx_HAL_Driver/Src/stm32f1xx_hal_cortex.o
 .text.__NVIC_EnableIRQ
                0x0000000008003370       0x38 ./Drivers/STM32F1xx_HAL_Driver/Src/stm32f1xx_hal_cortex.o
 .text.__NVIC_SetPriority
                0x00000000080033a8       0x54 ./Drivers/STM32F1xx_HAL_Driver/Src/stm32f1xx_hal_cortex.o
 .text.NVIC_EncodePriority
                0x00000000080033fc       0x64 ./Drivers/STM32F1xx_HAL_Driver/Src/stm32f1xx_hal_cortex.o
 .text.SysTick_Config
                0x0000000008003460       0x44 ./Drivers/STM32F1xx_HAL_Driver/Src/stm32f1xx_hal_cortex.o
 .text.HAL_NVIC_SetPriorityGrouping
                0x00000000080034a4       0x16 ./Drivers/STM32F1xx_HAL_Driver/Src/stm32f1xx_hal_cortex.o
                0x00000000080034a4                HAL_NVIC_SetPriorityGrouping
 .text.HAL_NVIC_SetPriority
                0x00000000080034ba       0x38 ./Drivers/STM32F1xx_HAL_Driver/Src/stm32f1xx_hal_cortex.o
                0x00000000080034ba                HAL_NVIC_SetPriority
 .text.HAL_NVIC_EnableIRQ
                0x00000000080034f2       0x1c ./Drivers/STM32F1xx_HAL_Driver/Src/stm32f1xx_hal_cortex.o
                0x00000000080034f2                HAL_NVIC_EnableIRQ
 .text.HAL_SYSTICK_Config
                0x000000000800350e       0x18 ./Drivers/STM32F1xx_HAL_Driver/Src/stm32f1xx_hal_cortex.o
                0x000000000800350e                HAL_SYSTICK_Config
 *fill*         0x0000000008003526        0x2 
 .text.HAL_DMA_Init
                0x0000000008003528       0xb4 ./Drivers/STM32F1xx_HAL_Driver/Src/stm32f1xx_hal_dma.o
                0x0000000008003528                HAL_DMA_Init
 .text.HAL_DMA_IRQHandler
                0x00000000080035dc      0x20c ./Drivers/STM32F1xx_HAL_Driver/Src/stm32f1xx_hal_dma.o
                0x00000000080035dc                HAL_DMA_IRQHandler
 .text.HAL_GPIO_Init
                0x00000000080037e8      0x308 ./Drivers/STM32F1xx_HAL_Driver/Src/stm32f1xx_hal_gpio.o
                0x00000000080037e8                HAL_GPIO_Init
 .text.HAL_GPIO_ReadPin
                0x0000000008003af0       0x2e ./Drivers/STM32F1xx_HAL_Driver/Src/stm32f1xx_hal_gpio.o
                0x0000000008003af0                HAL_GPIO_ReadPin
 .text.HAL_GPIO_WritePin
                0x0000000008003b1e       0x30 ./Drivers/STM32F1xx_HAL_Driver/Src/stm32f1xx_hal_gpio.o
                0x0000000008003b1e                HAL_GPIO_WritePin
 .text.HAL_GPIO_TogglePin
                0x0000000008003b4e       0x32 ./Drivers/STM32F1xx_HAL_Driver/Src/stm32f1xx_hal_gpio.o
                0x0000000008003b4e                HAL_GPIO_TogglePin
 .text.HAL_RCC_OscConfig
                0x0000000008003b80      0x504 ./Drivers/STM32F1xx_HAL_Driver/Src/stm32f1xx_hal_rcc.o
                0x0000000008003b80                HAL_RCC_OscConfig
 .text.HAL_RCC_ClockConfig
                0x0000000008004084      0x1d4 ./Drivers/STM32F1xx_HAL_Driver/Src/stm32f1xx_hal_rcc.o
                0x0000000008004084                HAL_RCC_ClockConfig
 .text.HAL_RCC_GetSysClockFreq
                0x0000000008004258       0xa8 ./Drivers/STM32F1xx_HAL_Driver/Src/stm32f1xx_hal_rcc.o
                0x0000000008004258                HAL_RCC_GetSysClockFreq
 .text.RCC_Delay
                0x0000000008004300       0x3c ./Drivers/STM32F1xx_HAL_Driver/Src/stm32f1xx_hal_rcc.o
 .text.HAL_SPI_Init
                0x000000000800433c      0x108 ./Drivers/STM32F1xx_HAL_Driver/Src/stm32f1xx_hal_spi.o
                0x000000000800433c                HAL_SPI_Init
 .text.__errno  0x0000000008004444        0xc /app/stm32cubeide/plugins/com.st.stm32cube.ide.mcu.externaltools.gnu-tools-for-stm32.10.3-2021.10.linux64_1.0.200.202301161003/tools/bin/../lib/gcc/arm-none-eabi/10.3.1/../../../../arm-none-eabi/lib/thumb/v7-m/nofp/libc_nano.a(lib_a-errno.o)
                0x0000000008004444                __errno
 .text.__libc_init_array
                0x0000000008004450       0x48 /app/stm32cubeide/plugins/com.st.stm32cube.ide.mcu.externaltools.gnu-tools-for-stm32.10.3-2021.10.linux64_1.0.200.202301161003/tools/bin/../lib/gcc/arm-none-eabi/10.3.1/../../../../arm-none-eabi/lib/thumb/v7-m/nofp/libc_nano.a(lib_a-init.o)
                0x0000000008004450                __libc_init_array
 .text.memset   0x0000000008004498       0x10 /app/stm32cubeide/plugins/com.st.stm32cube.ide.mcu.externaltools.gnu-tools-for-stm32.10.3-2021.10.linux64_1.0.200.202301161003/tools/bin/../lib/gcc/arm-none-eabi/10.3.1/../../../../arm-none-eabi/lib/thumb/v7-m/nofp/libc_nano.a(lib_a-memset.o)
                0x0000000008004498                memset
 .text.srand    0x00000000080044a8       0x5c /app/stm32cubeide/plugins/com.st.stm32cube.ide.mcu.externaltools.gnu-tools-for-stm32.10.3-2021.10.linux64_1.0.200.202301161003/tools/bin/../lib/gcc/arm-none-eabi/10.3.1/../../../../arm-none-eabi/lib/thumb/v7-m/nofp/libc_nano.a(lib_a-rand.o)
                0x00000000080044a8                srand
 .text.rand     0x0000000008004504       0x7c /app/stm32cubeide/plugins/com.st.stm32cube.ide.mcu.externaltools.gnu-tools-for-stm32.10.3-2021.10.linux64_1.0.200.202301161003/tools/bin/../lib/gcc/arm-none-eabi/10.3.1/../../../../arm-none-eabi/lib/thumb/v7-m/nofp/libc_nano.a(lib_a-rand.o)
                0x0000000008004504                rand
 .text.__assert_func
                0x0000000008004580       0x3c /app/stm32cubeide/plugins/com.st.stm32cube.ide.mcu.externaltools.gnu-tools-for-stm32.10.3-2021.10.linux64_1.0.200.202301161003/tools/bin/../lib/gcc/arm-none-eabi/10.3.1/../../../../arm-none-eabi/lib/thumb/v7-m/nofp/libc_nano.a(lib_a-assert.o)
                0x0000000008004580                __assert_func
 .text.fprintf  0x00000000080045bc       0x24 /app/stm32cubeide/plugins/com.st.stm32cube.ide.mcu.externaltools.gnu-tools-for-stm32.10.3-2021.10.linux64_1.0.200.202301161003/tools/bin/../lib/gcc/arm-none-eabi/10.3.1/../../../../arm-none-eabi/lib/thumb/v7-m/nofp/libc_nano.a(lib_a-fprintf.o)
                0x00000000080045bc                fprintf
                0x00000000080045bc                fiprintf
 .text.malloc   0x00000000080045e0       0x10 /app/stm32cubeide/plugins/com.st.stm32cube.ide.mcu.externaltools.gnu-tools-for-stm32.10.3-2021.10.linux64_1.0.200.202301161003/tools/bin/../lib/gcc/arm-none-eabi/10.3.1/../../../../arm-none-eabi/lib/thumb/v7-m/nofp/libc_nano.a(lib_a-malloc.o)
                0x00000000080045e0                malloc
 .text._free_r  0x00000000080045f0       0x90 /app/stm32cubeide/plugins/com.st.stm32cube.ide.mcu.externaltools.gnu-tools-for-stm32.10.3-2021.10.linux64_1.0.200.202301161003/tools/bin/../lib/gcc/arm-none-eabi/10.3.1/../../../../arm-none-eabi/lib/thumb/v7-m/nofp/libc_nano.a(lib_a-nano-freer.o)
                0x00000000080045f0                _free_r
 .text.sbrk_aligned
                0x0000000008004680       0x40 /app/stm32cubeide/plugins/com.st.stm32cube.ide.mcu.externaltools.gnu-tools-for-stm32.10.3-2021.10.linux64_1.0.200.202301161003/tools/bin/../lib/gcc/arm-none-eabi/10.3.1/../../../../arm-none-eabi/lib/thumb/v7-m/nofp/libc_nano.a(lib_a-nano-mallocr.o)
 .text._malloc_r
                0x00000000080046c0       0xe8 /app/stm32cubeide/plugins/com.st.stm32cube.ide.mcu.externaltools.gnu-tools-for-stm32.10.3-2021.10.linux64_1.0.200.202301161003/tools/bin/../lib/gcc/arm-none-eabi/10.3.1/../../../../arm-none-eabi/lib/thumb/v7-m/nofp/libc_nano.a(lib_a-nano-mallocr.o)
                0x00000000080046c0                _malloc_r
 .text.__sfputc_r
                0x00000000080047a8       0x2a /app/stm32cubeide/plugins/com.st.stm32cube.ide.mcu.externaltools.gnu-tools-for-stm32.10.3-2021.10.linux64_1.0.200.202301161003/tools/bin/../lib/gcc/arm-none-eabi/10.3.1/../../../../arm-none-eabi/lib/thumb/v7-m/nofp/libc_nano.a(lib_a-nano-vfprintf.o)
 .text.__sfputs_r
                0x00000000080047d2       0x24 /app/stm32cubeide/plugins/com.st.stm32cube.ide.mcu.externaltools.gnu-tools-for-stm32.10.3-2021.10.linux64_1.0.200.202301161003/tools/bin/../lib/gcc/arm-none-eabi/10.3.1/../../../../arm-none-eabi/lib/thumb/v7-m/nofp/libc_nano.a(lib_a-nano-vfprintf.o)
                0x00000000080047d2                __sfputs_r
 *fill*         0x00000000080047f6        0x2 
 .text._vfprintf_r
                0x00000000080047f8      0x260 /app/stm32cubeide/plugins/com.st.stm32cube.ide.mcu.externaltools.gnu-tools-for-stm32.10.3-2021.10.linux64_1.0.200.202301161003/tools/bin/../lib/gcc/arm-none-eabi/10.3.1/../../../../arm-none-eabi/lib/thumb/v7-m/nofp/libc_nano.a(lib_a-nano-vfprintf.o)
                0x00000000080047f8                _vfiprintf_r
                0x00000000080047f8                _vfprintf_r
 .text._printf_common
                0x0000000008004a58       0xde /app/stm32cubeide/plugins/com.st.stm32cube.ide.mcu.externaltools.gnu-tools-for-stm32.10.3-2021.10.linux64_1.0.200.202301161003/tools/bin/../lib/gcc/arm-none-eabi/10.3.1/../../../../arm-none-eabi/lib/thumb/v7-m/nofp/libc_nano.a(lib_a-nano-vfprintf_i.o)
                0x0000000008004a58                _printf_common
 *fill*         0x0000000008004b36        0x2 
 .text._printf_i
                0x0000000008004b38      0x24c /app/stm32cubeide/plugins/com.st.stm32cube.ide.mcu.externaltools.gnu-tools-for-stm32.10.3-2021.10.linux64_1.0.200.202301161003/tools/bin/../lib/gcc/arm-none-eabi/10.3.1/../../../../arm-none-eabi/lib/thumb/v7-m/nofp/libc_nano.a(lib_a-nano-vfprintf_i.o)
                0x0000000008004b38                _printf_i
 .text._sbrk_r  0x0000000008004d84       0x20 /app/stm32cubeide/plugins/com.st.stm32cube.ide.mcu.externaltools.gnu-tools-for-stm32.10.3-2021.10.linux64_1.0.200.202301161003/tools/bin/../lib/gcc/arm-none-eabi/10.3.1/../../../../arm-none-eabi/lib/thumb/v7-m/nofp/libc_nano.a(lib_a-sbrkr.o)
                0x0000000008004d84                _sbrk_r
 .text.__swbuf_r
                0x0000000008004da4       0xa4 /app/stm32cubeide/plugins/com.st.stm32cube.ide.mcu.externaltools.gnu-tools-for-stm32.10.3-2021.10.linux64_1.0.200.202301161003/tools/bin/../lib/gcc/arm-none-eabi/10.3.1/../../../../arm-none-eabi/lib/thumb/v7-m/nofp/libc_nano.a(lib_a-wbuf.o)
                0x0000000008004da4                __swbuf_r
 .text.__swsetup_r
                0x0000000008004e48       0xdc /app/stm32cubeide/plugins/com.st.stm32cube.ide.mcu.externaltools.gnu-tools-for-stm32.10.3-2021.10.linux64_1.0.200.202301161003/tools/bin/../lib/gcc/arm-none-eabi/10.3.1/../../../../arm-none-eabi/lib/thumb/v7-m/nofp/libc_nano.a(lib_a-wsetup.o)
                0x0000000008004e48                __swsetup_r
 .text.abort    0x0000000008004f24        0xe /app/stm32cubeide/plugins/com.st.stm32cube.ide.mcu.externaltools.gnu-tools-for-stm32.10.3-2021.10.linux64_1.0.200.202301161003/tools/bin/../lib/gcc/arm-none-eabi/10.3.1/../../../../arm-none-eabi/lib/thumb/v7-m/nofp/libc_nano.a(lib_a-abort.o)
                0x0000000008004f24                abort
 *fill*         0x0000000008004f32        0x2 
 .text.__sflush_r
                0x0000000008004f34      0x104 /app/stm32cubeide/plugins/com.st.stm32cube.ide.mcu.externaltools.gnu-tools-for-stm32.10.3-2021.10.linux64_1.0.200.202301161003/tools/bin/../lib/gcc/arm-none-eabi/10.3.1/../../../../arm-none-eabi/lib/thumb/v7-m/nofp/libc_nano.a(lib_a-fflush.o)
                0x0000000008004f34                __sflush_r
 .text._fflush_r
                0x0000000008005038       0x78 /app/stm32cubeide/plugins/com.st.stm32cube.ide.mcu.externaltools.gnu-tools-for-stm32.10.3-2021.10.linux64_1.0.200.202301161003/tools/bin/../lib/gcc/arm-none-eabi/10.3.1/../../../../arm-none-eabi/lib/thumb/v7-m/nofp/libc_nano.a(lib_a-fflush.o)
                0x0000000008005038                _fflush_r
 .text.std      0x00000000080050b0       0x48 /app/stm32cubeide/plugins/com.st.stm32cube.ide.mcu.externaltools.gnu-tools-for-stm32.10.3-2021.10.linux64_1.0.200.202301161003/tools/bin/../lib/gcc/arm-none-eabi/10.3.1/../../../../arm-none-eabi/lib/thumb/v7-m/nofp/libc_nano.a(lib_a-findfp.o)
 .text._cleanup_r
                0x00000000080050f8        0xc /app/stm32cubeide/plugins/com.st.stm32cube.ide.mcu.externaltools.gnu-tools-for-stm32.10.3-2021.10.linux64_1.0.200.202301161003/tools/bin/../lib/gcc/arm-none-eabi/10.3.1/../../../../arm-none-eabi/lib/thumb/v7-m/nofp/libc_nano.a(lib_a-findfp.o)
                0x00000000080050f8                _cleanup_r
 .text.__sfmoreglue
                0x0000000008005104       0x2c /app/stm32cubeide/plugins/com.st.stm32cube.ide.mcu.externaltools.gnu-tools-for-stm32.10.3-2021.10.linux64_1.0.200.202301161003/tools/bin/../lib/gcc/arm-none-eabi/10.3.1/../../../../arm-none-eabi/lib/thumb/v7-m/nofp/libc_nano.a(lib_a-findfp.o)
                0x0000000008005104                __sfmoreglue
 .text.__sfp_lock_acquire
                0x0000000008005130        0xc /app/stm32cubeide/plugins/com.st.stm32cube.ide.mcu.externaltools.gnu-tools-for-stm32.10.3-2021.10.linux64_1.0.200.202301161003/tools/bin/../lib/gcc/arm-none-eabi/10.3.1/../../../../arm-none-eabi/lib/thumb/v7-m/nofp/libc_nano.a(lib_a-findfp.o)
                0x0000000008005130                __sfp_lock_acquire
 .text.__sfp_lock_release
                0x000000000800513c        0xc /app/stm32cubeide/plugins/com.st.stm32cube.ide.mcu.externaltools.gnu-tools-for-stm32.10.3-2021.10.linux64_1.0.200.202301161003/tools/bin/../lib/gcc/arm-none-eabi/10.3.1/../../../../arm-none-eabi/lib/thumb/v7-m/nofp/libc_nano.a(lib_a-findfp.o)
                0x000000000800513c                __sfp_lock_release
 .text.__sinit_lock_acquire
                0x0000000008005148        0xc /app/stm32cubeide/plugins/com.st.stm32cube.ide.mcu.externaltools.gnu-tools-for-stm32.10.3-2021.10.linux64_1.0.200.202301161003/tools/bin/../lib/gcc/arm-none-eabi/10.3.1/../../../../arm-none-eabi/lib/thumb/v7-m/nofp/libc_nano.a(lib_a-findfp.o)
                0x0000000008005148                __sinit_lock_acquire
 .text.__sinit_lock_release
                0x0000000008005154        0xc /app/stm32cubeide/plugins/com.st.stm32cube.ide.mcu.externaltools.gnu-tools-for-stm32.10.3-2021.10.linux64_1.0.200.202301161003/tools/bin/../lib/gcc/arm-none-eabi/10.3.1/../../../../arm-none-eabi/lib/thumb/v7-m/nofp/libc_nano.a(lib_a-findfp.o)
                0x0000000008005154                __sinit_lock_release
 .text.__sinit  0x0000000008005160       0x70 /app/stm32cubeide/plugins/com.st.stm32cube.ide.mcu.externaltools.gnu-tools-for-stm32.10.3-2021.10.linux64_1.0.200.202301161003/tools/bin/../lib/gcc/arm-none-eabi/10.3.1/../../../../arm-none-eabi/lib/thumb/v7-m/nofp/libc_nano.a(lib_a-findfp.o)
                0x0000000008005160                __sinit
 .text.__sfp    0x00000000080051d0       0x8c /app/stm32cubeide/plugins/com.st.stm32cube.ide.mcu.externaltools.gnu-tools-for-stm32.10.3-2021.10.linux64_1.0.200.202301161003/tools/bin/../lib/gcc/arm-none-eabi/10.3.1/../../../../arm-none-eabi/lib/thumb/v7-m/nofp/libc_nano.a(lib_a-findfp.o)
                0x00000000080051d0                __sfp
 .text._fwalk_reent
                0x000000000800525c       0x3e /app/stm32cubeide/plugins/com.st.stm32cube.ide.mcu.externaltools.gnu-tools-for-stm32.10.3-2021.10.linux64_1.0.200.202301161003/tools/bin/../lib/gcc/arm-none-eabi/10.3.1/../../../../arm-none-eabi/lib/thumb/v7-m/nofp/libc_nano.a(lib_a-fwalk.o)
                0x000000000800525c                _fwalk_reent
 .text.__retarget_lock_init_recursive
                0x000000000800529a        0x2 /app/stm32cubeide/plugins/com.st.stm32cube.ide.mcu.externaltools.gnu-tools-for-stm32.10.3-2021.10.linux64_1.0.200.202301161003/tools/bin/../lib/gcc/arm-none-eabi/10.3.1/../../../../arm-none-eabi/lib/thumb/v7-m/nofp/libc_nano.a(lib_a-lock.o)
                0x000000000800529a                __retarget_lock_init_recursive
 .text.__retarget_lock_acquire_recursive
                0x000000000800529c        0x2 /app/stm32cubeide/plugins/com.st.stm32cube.ide.mcu.externaltools.gnu-tools-for-stm32.10.3-2021.10.linux64_1.0.200.202301161003/tools/bin/../lib/gcc/arm-none-eabi/10.3.1/../../../../arm-none-eabi/lib/thumb/v7-m/nofp/libc_nano.a(lib_a-lock.o)
                0x000000000800529c                __retarget_lock_acquire_recursive
 .text.__retarget_lock_release_recursive
                0x000000000800529e        0x2 /app/stm32cubeide/plugins/com.st.stm32cube.ide.mcu.externaltools.gnu-tools-for-stm32.10.3-2021.10.linux64_1.0.200.202301161003/tools/bin/../lib/gcc/arm-none-eabi/10.3.1/../../../../arm-none-eabi/lib/thumb/v7-m/nofp/libc_nano.a(lib_a-lock.o)
                0x000000000800529e                __retarget_lock_release_recursive
 .text.__swhatbuf_r
                0x00000000080052a0       0x4a /app/stm32cubeide/plugins/com.st.stm32cube.ide.mcu.externaltools.gnu-tools-for-stm32.10.3-2021.10.linux64_1.0.200.202301161003/tools/bin/../lib/gcc/arm-none-eabi/10.3.1/../../../../arm-none-eabi/lib/thumb/v7-m/nofp/libc_nano.a(lib_a-makebuf.o)
                0x00000000080052a0                __swhatbuf_r
 *fill*         0x00000000080052ea        0x2 
 .text.__smakebuf_r
                0x00000000080052ec       0x80 /app/stm32cubeide/plugins/com.st.stm32cube.ide.mcu.externaltools.gnu-tools-for-stm32.10.3-2021.10.linux64_1.0.200.202301161003/tools/bin/../lib/gcc/arm-none-eabi/10.3.1/../../../../arm-none-eabi/lib/thumb/v7-m/nofp/libc_nano.a(lib_a-makebuf.o)
                0x00000000080052ec                __smakebuf_r
 .text.memchr   0x000000000800536c       0x1c /app/stm32cubeide/plugins/com.st.stm32cube.ide.mcu.externaltools.gnu-tools-for-stm32.10.3-2021.10.linux64_1.0.200.202301161003/tools/bin/../lib/gcc/arm-none-eabi/10.3.1/../../../../arm-none-eabi/lib/thumb/v7-m/nofp/libc_nano.a(lib_a-memchr-stub.o)
                0x000000000800536c                memchr
 .text.__malloc_lock
                0x0000000008005388        0xc /app/stm32cubeide/plugins/com.st.stm32cube.ide.mcu.externaltools.gnu-tools-for-stm32.10.3-2021.10.linux64_1.0.200.202301161003/tools/bin/../lib/gcc/arm-none-eabi/10.3.1/../../../../arm-none-eabi/lib/thumb/v7-m/nofp/libc_nano.a(lib_a-mlock.o)
                0x0000000008005388                __malloc_lock
 .text.__malloc_unlock
                0x0000000008005394        0xc /app/stm32cubeide/plugins/com.st.stm32cube.ide.mcu.externaltools.gnu-tools-for-stm32.10.3-2021.10.linux64_1.0.200.202301161003/tools/bin/../lib/gcc/arm-none-eabi/10.3.1/../../../../arm-none-eabi/lib/thumb/v7-m/nofp/libc_nano.a(lib_a-mlock.o)
                0x0000000008005394                __malloc_unlock
 .text._raise_r
                0x00000000080053a0       0x50 /app/stm32cubeide/plugins/com.st.stm32cube.ide.mcu.externaltools.gnu-tools-for-stm32.10.3-2021.10.linux64_1.0.200.202301161003/tools/bin/../lib/gcc/arm-none-eabi/10.3.1/../../../../arm-none-eabi/lib/thumb/v7-m/nofp/libc_nano.a(lib_a-signal.o)
                0x00000000080053a0                _raise_r
 .text.raise    0x00000000080053f0       0x10 /app/stm32cubeide/plugins/com.st.stm32cube.ide.mcu.externaltools.gnu-tools-for-stm32.10.3-2021.10.linux64_1.0.200.202301161003/tools/bin/../lib/gcc/arm-none-eabi/10.3.1/../../../../arm-none-eabi/lib/thumb/v7-m/nofp/libc_nano.a(lib_a-signal.o)
                0x00000000080053f0                raise
 .text._kill_r  0x0000000008005400       0x24 /app/stm32cubeide/plugins/com.st.stm32cube.ide.mcu.externaltools.gnu-tools-for-stm32.10.3-2021.10.linux64_1.0.200.202301161003/tools/bin/../lib/gcc/arm-none-eabi/10.3.1/../../../../arm-none-eabi/lib/thumb/v7-m/nofp/libc_nano.a(lib_a-signalr.o)
                0x0000000008005400                _kill_r
 .text._getpid_r
                0x0000000008005424        0x4 /app/stm32cubeide/plugins/com.st.stm32cube.ide.mcu.externaltools.gnu-tools-for-stm32.10.3-2021.10.linux64_1.0.200.202301161003/tools/bin/../lib/gcc/arm-none-eabi/10.3.1/../../../../arm-none-eabi/lib/thumb/v7-m/nofp/libc_nano.a(lib_a-signalr.o)
                0x0000000008005424                _getpid_r
 .text.__sread  0x0000000008005428       0x22 /app/stm32cubeide/plugins/com.st.stm32cube.ide.mcu.externaltools.gnu-tools-for-stm32.10.3-2021.10.linux64_1.0.200.202301161003/tools/bin/../lib/gcc/arm-none-eabi/10.3.1/../../../../arm-none-eabi/lib/thumb/v7-m/nofp/libc_nano.a(lib_a-stdio.o)
                0x0000000008005428                __sread
 .text.__swrite
                0x000000000800544a       0x38 /app/stm32cubeide/plugins/com.st.stm32cube.ide.mcu.externaltools.gnu-tools-for-stm32.10.3-2021.10.linux64_1.0.200.202301161003/tools/bin/../lib/gcc/arm-none-eabi/10.3.1/../../../../arm-none-eabi/lib/thumb/v7-m/nofp/libc_nano.a(lib_a-stdio.o)
                0x000000000800544a                __swrite
 .text.__sseek  0x0000000008005482       0x24 /app/stm32cubeide/plugins/com.st.stm32cube.ide.mcu.externaltools.gnu-tools-for-stm32.10.3-2021.10.linux64_1.0.200.202301161003/tools/bin/../lib/gcc/arm-none-eabi/10.3.1/../../../../arm-none-eabi/lib/thumb/v7-m/nofp/libc_nano.a(lib_a-stdio.o)
                0x0000000008005482                __sseek
 .text.__sclose
                0x00000000080054a6        0x8 /app/stm32cubeide/plugins/com.st.stm32cube.ide.mcu.externaltools.gnu-tools-for-stm32.10.3-2021.10.linux64_1.0.200.202301161003/tools/bin/../lib/gcc/arm-none-eabi/10.3.1/../../../../arm-none-eabi/lib/thumb/v7-m/nofp/libc_nano.a(lib_a-stdio.o)
                0x00000000080054a6                __sclose
 *fill*         0x00000000080054ae        0x2 
 .text._write_r
                0x00000000080054b0       0x24 /app/stm32cubeide/plugins/com.st.stm32cube.ide.mcu.externaltools.gnu-tools-for-stm32.10.3-2021.10.linux64_1.0.200.202301161003/tools/bin/../lib/gcc/arm-none-eabi/10.3.1/../../../../arm-none-eabi/lib/thumb/v7-m/nofp/libc_nano.a(lib_a-writer.o)
                0x00000000080054b0                _write_r
 .text._close_r
                0x00000000080054d4       0x20 /app/stm32cubeide/plugins/com.st.stm32cube.ide.mcu.externaltools.gnu-tools-for-stm32.10.3-2021.10.linux64_1.0.200.202301161003/tools/bin/../lib/gcc/arm-none-eabi/10.3.1/../../../../arm-none-eabi/lib/thumb/v7-m/nofp/libc_nano.a(lib_a-closer.o)
                0x00000000080054d4                _close_r
 .text._fstat_r
                0x00000000080054f4       0x24 /app/stm32cubeide/plugins/com.st.stm32cube.ide.mcu.externaltools.gnu-tools-for-stm32.10.3-2021.10.linux64_1.0.200.202301161003/tools/bin/../lib/gcc/arm-none-eabi/10.3.1/../../../../arm-none-eabi/lib/thumb/v7-m/nofp/libc_nano.a(lib_a-fstatr.o)
                0x00000000080054f4                _fstat_r
 .text._isatty_r
                0x0000000008005518       0x20 /app/stm32cubeide/plugins/com.st.stm32cube.ide.mcu.externaltools.gnu-tools-for-stm32.10.3-2021.10.linux64_1.0.200.202301161003/tools/bin/../lib/gcc/arm-none-eabi/10.3.1/../../../../arm-none-eabi/lib/thumb/v7-m/nofp/libc_nano.a(lib_a-isattyr.o)
                0x0000000008005518                _isatty_r
 .text._lseek_r
                0x0000000008005538       0x24 /app/stm32cubeide/plugins/com.st.stm32cube.ide.mcu.externaltools.gnu-tools-for-stm32.10.3-2021.10.linux64_1.0.200.202301161003/tools/bin/../lib/gcc/arm-none-eabi/10.3.1/../../../../arm-none-eabi/lib/thumb/v7-m/nofp/libc_nano.a(lib_a-lseekr.o)
                0x0000000008005538                _lseek_r
 .text._read_r  0x000000000800555c       0x24 /app/stm32cubeide/plugins/com.st.stm32cube.ide.mcu.externaltools.gnu-tools-for-stm32.10.3-2021.10.linux64_1.0.200.202301161003/tools/bin/../lib/gcc/arm-none-eabi/10.3.1/../../../../arm-none-eabi/lib/thumb/v7-m/nofp/libc_nano.a(lib_a-readr.o)
                0x000000000800555c                _read_r
 *(.glue_7)
 .glue_7        0x0000000008005580        0x0 linker stubs
 *(.glue_7t)
 .glue_7t       0x0000000008005580        0x0 linker stubs
 *(.eh_frame)
 .eh_frame      0x0000000008005580        0x0 /app/stm32cubeide/plugins/com.st.stm32cube.ide.mcu.externaltools.gnu-tools-for-stm32.10.3-2021.10.linux64_1.0.200.202301161003/tools/bin/../lib/gcc/arm-none-eabi/10.3.1/thumb/v7-m/nofp/crtbegin.o
 *(.init)
 .init          0x0000000008005580        0x4 /app/stm32cubeide/plugins/com.st.stm32cube.ide.mcu.externaltools.gnu-tools-for-stm32.10.3-2021.10.linux64_1.0.200.202301161003/tools/bin/../lib/gcc/arm-none-eabi/10.3.1/thumb/v7-m/nofp/crti.o
                0x0000000008005580                _init
 .init          0x0000000008005584        0x8 /app/stm32cubeide/plugins/com.st.stm32cube.ide.mcu.externaltools.gnu-tools-for-stm32.10.3-2021.10.linux64_1.0.200.202301161003/tools/bin/../lib/gcc/arm-none-eabi/10.3.1/thumb/v7-m/nofp/crtn.o
 *(.fini)
 .fini          0x000000000800558c        0x4 /app/stm32cubeide/plugins/com.st.stm32cube.ide.mcu.externaltools.gnu-tools-for-stm32.10.3-2021.10.linux64_1.0.200.202301161003/tools/bin/../lib/gcc/arm-none-eabi/10.3.1/thumb/v7-m/nofp/crti.o
                0x000000000800558c                _fini
 .fini          0x0000000008005590        0x8 /app/stm32cubeide/plugins/com.st.stm32cube.ide.mcu.externaltools.gnu-tools-for-stm32.10.3-2021.10.linux64_1.0.200.202301161003/tools/bin/../lib/gcc/arm-none-eabi/10.3.1/thumb/v7-m/nofp/crtn.o
                0x0000000008005598                . = ALIGN (0x4)
                0x0000000008005598                _etext = .

.vfp11_veneer   0x0000000008005598        0x0
 .vfp11_veneer  0x0000000008005598        0x0 linker stubs

.v4_bx          0x0000000008005598        0x0
 .v4_bx         0x0000000008005598        0x0 linker stubs

.iplt           0x0000000008005598        0x0
 .iplt          0x0000000008005598        0x0 /app/stm32cubeide/plugins/com.st.stm32cube.ide.mcu.externaltools.gnu-tools-for-stm32.10.3-2021.10.linux64_1.0.200.202301161003/tools/bin/../lib/gcc/arm-none-eabi/10.3.1/thumb/v7-m/nofp/crtbegin.o

.rodata         0x0000000008005598    0x14b50
                0x0000000008005598                . = ALIGN (0x4)
 *(.rodata)
 .rodata        0x0000000008005598       0xf0 ./Core/Src/main.o
 *(.rodata*)
 .rodata.symbol1
                0x0000000008005688      0x1a0 ./Core/Src/main.o
                0x0000000008005688                symbol1
 .rodata.string1
                0x0000000008005828      0xd8c ./Core/Src/main.o
                0x0000000008005828                string1
 .rodata.string2
                0x00000000080065b4      0xd26 ./Core/Src/main.o
                0x00000000080065b4                string2
 *fill*         0x00000000080072da        0x2 
 .rodata.symbol2
                0x00000000080072dc      0x360 ./Core/Src/main.o
                0x00000000080072dc                symbol2
 .rodata.line1  0x000000000800763c      0x318 ./Core/Src/main.o
                0x000000000800763c                line1
 .rodata.line2  0x0000000008007954     0x189e ./Core/Src/main.o
                0x0000000008007954                line2
 *fill*         0x00000000080091f2        0x2 
 .rodata.line3  0x00000000080091f4     0x17e6 ./Core/Src/main.o
                0x00000000080091f4                line3
 *fill*         0x000000000800a9da        0x2 
 .rodata.line4  0x000000000800a9dc      0x898 ./Core/Src/main.o
                0x000000000800a9dc                line4
 .rodata.line5  0x000000000800b274     0x189e ./Core/Src/main.o
                0x000000000800b274                line5
 *fill*         0x000000000800cb12        0x2 
 .rodata.gameover1
                0x000000000800cb14     0x2618 ./Core/Src/main.o
                0x000000000800cb14                gameover1
 .rodata.gameover2
                0x000000000800f12c     0x10e0 ./Core/Src/main.o
                0x000000000800f12c                gameover2
 .rodata.gameover3
                0x000000000801020c     0x1820 ./Core/Src/main.o
                0x000000000801020c                gameover3
 .rodata.gameover4
                0x0000000008011a2c     0x1b86 ./Core/Src/main.o
                0x0000000008011a2c                gameover4
 *fill*         0x00000000080135b2        0x2 
 .rodata.gameover5
                0x00000000080135b4     0x1c08 ./Core/Src/main.o
                0x00000000080135b4                gameover5
 .rodata.gameover6
                0x00000000080151bc      0x79e ./Core/Src/main.o
                0x00000000080151bc                gameover6
 *fill*         0x000000000801595a        0x2 
 .rodata.img_logo
                0x000000000801595c     0x1200 ./Core/Src/main.o
                0x000000000801595c                img_logo
 .rodata.A      0x0000000008016b5c      0x200 ./Core/Src/main.o
                0x0000000008016b5c                A
 .rodata.P      0x0000000008016d5c      0x200 ./Core/Src/main.o
                0x0000000008016d5c                P
 .rodata.L      0x0000000008016f5c      0x200 ./Core/Src/main.o
                0x0000000008016f5c                L
 .rodata.I      0x000000000801715c      0x200 ./Core/Src/main.o
                0x000000000801715c                I
 .rodata.N      0x000000000801735c      0x200 ./Core/Src/main.o
                0x000000000801735c                N
 .rodata.E      0x000000000801755c      0x200 ./Core/Src/main.o
                0x000000000801755c                E
 .rodata.R      0x000000000801775c      0x200 ./Core/Src/main.o
                0x000000000801775c                R
 .rodata.star_large
                0x000000000801795c      0x200 ./Core/Src/main.o
                0x000000000801795c                star_large
 .rodata.star_medium
                0x0000000008017b5c      0x200 ./Core/Src/main.o
                0x0000000008017b5c                star_medium
 .rodata.star_small
                0x0000000008017d5c      0x200 ./Core/Src/main.o
                0x0000000008017d5c                star_small
 .rodata.star_xsmall
                0x0000000008017f5c      0x200 ./Core/Src/main.o
                0x0000000008017f5c                star_xsmall
 .rodata.chiken
                0x000000000801815c      0x200 ./Core/Src/main.o
                0x000000000801815c                chiken
 .rodata.snake_head_right
                0x000000000801835c      0x200 ./Core/Src/main.o
                0x000000000801835c                snake_head_right
 .rodata.snake_head_down
                0x000000000801855c      0x200 ./Core/Src/main.o
                0x000000000801855c                snake_head_down
 .rodata.snake_head_left
                0x000000000801875c      0x200 ./Core/Src/main.o
                0x000000000801875c                snake_head_left
 .rodata.snake_head_up
                0x000000000801895c      0x200 ./Core/Src/main.o
                0x000000000801895c                snake_head_up
 .rodata.snake_body_horizontal
                0x0000000008018b5c      0x200 ./Core/Src/main.o
                0x0000000008018b5c                snake_body_horizontal
 .rodata.snake_body_vertical
                0x0000000008018d5c      0x200 ./Core/Src/main.o
                0x0000000008018d5c                snake_body_vertical
 .rodata.snake_tail_right
                0x0000000008018f5c      0x200 ./Core/Src/main.o
                0x0000000008018f5c                snake_tail_right
 .rodata.snake_tail_down
                0x000000000801915c      0x200 ./Core/Src/main.o
                0x000000000801915c                snake_tail_down
 .rodata.snake_tail_left
                0x000000000801935c      0x200 ./Core/Src/main.o
                0x000000000801935c                snake_tail_left
 .rodata.snake_tail_up
                0x000000000801955c      0x200 ./Core/Src/main.o
                0x000000000801955c                snake_tail_up
 .rodata.snake_turn_up_to_right
                0x000000000801975c      0x200 ./Core/Src/main.o
                0x000000000801975c                snake_turn_up_to_right
 .rodata.snake_turn_up_to_left
                0x000000000801995c      0x200 ./Core/Src/main.o
                0x000000000801995c                snake_turn_up_to_left
 .rodata.snake_turn_down_to_right
                0x0000000008019b5c      0x200 ./Core/Src/main.o
                0x0000000008019b5c                snake_turn_down_to_right
 .rodata.snake_turn_down_to_left
                0x0000000008019d5c      0x200 ./Core/Src/main.o
                0x0000000008019d5c                snake_turn_down_to_left
 .rodata.element_widths
                0x0000000008019f5c       0x10 ./Core/Src/main.o
                0x0000000008019f5c                element_widths
 .rodata.element_heights
                0x0000000008019f6c       0x10 ./Core/Src/main.o
                0x0000000008019f6c                element_heights
 .rodata.AHBPrescTable
                0x0000000008019f7c       0x10 ./Core/Src/system_stm32f1xx.o
                0x0000000008019f7c                AHBPrescTable
 .rodata.aPLLMULFactorTable.1
                0x0000000008019f8c       0x10 ./Drivers/STM32F1xx_HAL_Driver/Src/stm32f1xx_hal_rcc.o
 .rodata.aPredivFactorTable.0
                0x0000000008019f9c        0x2 ./Drivers/STM32F1xx_HAL_Driver/Src/stm32f1xx_hal_rcc.o
 *fill*         0x0000000008019f9e        0x2 
 .rodata._global_impure_ptr
                0x0000000008019fa0        0x4 /app/stm32cubeide/plugins/com.st.stm32cube.ide.mcu.externaltools.gnu-tools-for-stm32.10.3-2021.10.linux64_1.0.200.202301161003/tools/bin/../lib/gcc/arm-none-eabi/10.3.1/../../../../arm-none-eabi/lib/thumb/v7-m/nofp/libc_nano.a(lib_a-impure.o)
                0x0000000008019fa0                _global_impure_ptr
 .rodata.srand.str1.1
                0x0000000008019fa4       0x72 /app/stm32cubeide/plugins/com.st.stm32cube.ide.mcu.externaltools.gnu-tools-for-stm32.10.3-2021.10.linux64_1.0.200.202301161003/tools/bin/../lib/gcc/arm-none-eabi/10.3.1/../../../../arm-none-eabi/lib/thumb/v7-m/nofp/libc_nano.a(lib_a-rand.o)
 .rodata.__assert_func.str1.1
                0x000000000801a016       0x3c /app/stm32cubeide/plugins/com.st.stm32cube.ide.mcu.externaltools.gnu-tools-for-stm32.10.3-2021.10.linux64_1.0.200.202301161003/tools/bin/../lib/gcc/arm-none-eabi/10.3.1/../../../../arm-none-eabi/lib/thumb/v7-m/nofp/libc_nano.a(lib_a-assert.o)
                                         0x3d (size before relaxing)
 .rodata._vfprintf_r.str1.1
                0x000000000801a052       0x11 /app/stm32cubeide/plugins/com.st.stm32cube.ide.mcu.externaltools.gnu-tools-for-stm32.10.3-2021.10.linux64_1.0.200.202301161003/tools/bin/../lib/gcc/arm-none-eabi/10.3.1/../../../../arm-none-eabi/lib/thumb/v7-m/nofp/libc_nano.a(lib_a-nano-vfprintf.o)
 .rodata._printf_i.str1.1
                0x000000000801a063       0x22 /app/stm32cubeide/plugins/com.st.stm32cube.ide.mcu.externaltools.gnu-tools-for-stm32.10.3-2021.10.linux64_1.0.200.202301161003/tools/bin/../lib/gcc/arm-none-eabi/10.3.1/../../../../arm-none-eabi/lib/thumb/v7-m/nofp/libc_nano.a(lib_a-nano-vfprintf_i.o)
 *fill*         0x000000000801a085        0x3 
 .rodata.__sf_fake_stderr
                0x000000000801a088       0x20 /app/stm32cubeide/plugins/com.st.stm32cube.ide.mcu.externaltools.gnu-tools-for-stm32.10.3-2021.10.linux64_1.0.200.202301161003/tools/bin/../lib/gcc/arm-none-eabi/10.3.1/../../../../arm-none-eabi/lib/thumb/v7-m/nofp/libc_nano.a(lib_a-findfp.o)
                0x000000000801a088                __sf_fake_stderr
 .rodata.__sf_fake_stdin
                0x000000000801a0a8       0x20 /app/stm32cubeide/plugins/com.st.stm32cube.ide.mcu.externaltools.gnu-tools-for-stm32.10.3-2021.10.linux64_1.0.200.202301161003/tools/bin/../lib/gcc/arm-none-eabi/10.3.1/../../../../arm-none-eabi/lib/thumb/v7-m/nofp/libc_nano.a(lib_a-findfp.o)
                0x000000000801a0a8                __sf_fake_stdin
 .rodata.__sf_fake_stdout
                0x000000000801a0c8       0x20 /app/stm32cubeide/plugins/com.st.stm32cube.ide.mcu.externaltools.gnu-tools-for-stm32.10.3-2021.10.linux64_1.0.200.202301161003/tools/bin/../lib/gcc/arm-none-eabi/10.3.1/../../../../arm-none-eabi/lib/thumb/v7-m/nofp/libc_nano.a(lib_a-findfp.o)
                0x000000000801a0c8                __sf_fake_stdout
                0x000000000801a0e8                . = ALIGN (0x4)

.rel.dyn        0x000000000801a0e8        0x0
 .rel.iplt      0x000000000801a0e8        0x0 /app/stm32cubeide/plugins/com.st.stm32cube.ide.mcu.externaltools.gnu-tools-for-stm32.10.3-2021.10.linux64_1.0.200.202301161003/tools/bin/../lib/gcc/arm-none-eabi/10.3.1/thumb/v7-m/nofp/crtbegin.o

.ARM.extab      0x000000000801a0e8        0x0
                0x000000000801a0e8                . = ALIGN (0x4)
 *(.ARM.extab* .gnu.linkonce.armextab.*)
                0x000000000801a0e8                . = ALIGN (0x4)

.ARM            0x000000000801a0e8        0x0
                0x000000000801a0e8                . = ALIGN (0x4)
                0x000000000801a0e8                __exidx_start = .
 *(.ARM.exidx*)
                0x000000000801a0e8                __exidx_end = .
                0x000000000801a0e8                . = ALIGN (0x4)

.preinit_array  0x000000000801a0e8        0x0
                0x000000000801a0e8                . = ALIGN (0x4)
                0x000000000801a0e8                PROVIDE (__preinit_array_start = .)
 *(.preinit_array*)
                0x000000000801a0e8                PROVIDE (__preinit_array_end = .)
                0x000000000801a0e8                . = ALIGN (0x4)

.init_array     0x000000000801a0e8        0x4
                0x000000000801a0e8                . = ALIGN (0x4)
                0x000000000801a0e8                PROVIDE (__init_array_start = .)
 *(SORT_BY_NAME(.init_array.*))
 *(.init_array*)
 .init_array    0x000000000801a0e8        0x4 /app/stm32cubeide/plugins/com.st.stm32cube.ide.mcu.externaltools.gnu-tools-for-stm32.10.3-2021.10.linux64_1.0.200.202301161003/tools/bin/../lib/gcc/arm-none-eabi/10.3.1/thumb/v7-m/nofp/crtbegin.o
                0x000000000801a0ec                PROVIDE (__init_array_end = .)
                0x000000000801a0ec                . = ALIGN (0x4)

.fini_array     0x000000000801a0ec        0x4
                0x000000000801a0ec                . = ALIGN (0x4)
                [!provide]                        PROVIDE (__fini_array_start = .)
 *(SORT_BY_NAME(.fini_array.*))
 *(.fini_array*)
 .fini_array    0x000000000801a0ec        0x4 /app/stm32cubeide/plugins/com.st.stm32cube.ide.mcu.externaltools.gnu-tools-for-stm32.10.3-2021.10.linux64_1.0.200.202301161003/tools/bin/../lib/gcc/arm-none-eabi/10.3.1/thumb/v7-m/nofp/crtbegin.o
                [!provide]                        PROVIDE (__fini_array_end = .)
                0x000000000801a0f0                . = ALIGN (0x4)
                0x000000000801a0f0                _sidata = LOADADDR (.data)

.data           0x0000000020000000       0x84 load address 0x000000000801a0f0
                0x0000000020000000                . = ALIGN (0x4)
                0x0000000020000000                _sdata = .
 *(.data)
 *(.data*)
 .data.LCD_HEIGHT
                0x0000000020000000        0x2 ./Core/Src/ILI9341_GFX.o
                0x0000000020000000                LCD_HEIGHT
 .data.LCD_WIDTH
                0x0000000020000002        0x2 ./Core/Src/ILI9341_GFX.o
                0x0000000020000002                LCD_WIDTH
 .data.snakeLength
                0x0000000020000004        0x2 ./Core/Src/main.o
                0x0000000020000004                snakeLength
 .data.snakeSpeed
                0x0000000020000006        0x2 ./Core/Src/main.o
                0x0000000020000006                snakeSpeed
 .data.buttonPrevRight
                0x0000000020000008        0x1 ./Core/Src/main.o
                0x0000000020000008                buttonPrevRight
 .data.buttonPrevLeft
                0x0000000020000009        0x1 ./Core/Src/main.o
                0x0000000020000009                buttonPrevLeft
 .data.prevHeadX
                0x000000002000000a        0x2 ./Core/Src/main.o
                0x000000002000000a                prevHeadX
 .data.prevHeadY
                0x000000002000000c        0x2 ./Core/Src/main.o
                0x000000002000000c                prevHeadY
 .data.prevTailX
                0x000000002000000e        0x2 ./Core/Src/main.o
                0x000000002000000e                prevTailX
 .data.prevTailY
                0x0000000020000010        0x2 ./Core/Src/main.o
                0x0000000020000010                prevTailY
 *fill*         0x0000000020000012        0x2 
 .data.SystemCoreClock
                0x0000000020000014        0x4 ./Core/Src/system_stm32f1xx.o
                0x0000000020000014                SystemCoreClock
 .data.uwTickPrio
                0x0000000020000018        0x4 ./Drivers/STM32F1xx_HAL_Driver/Src/stm32f1xx_hal.o
                0x0000000020000018                uwTickPrio
 .data.uwTickFreq
                0x000000002000001c        0x1 ./Drivers/STM32F1xx_HAL_Driver/Src/stm32f1xx_hal.o
                0x000000002000001c                uwTickFreq
 *fill*         0x000000002000001d        0x3 
 .data._impure_ptr
                0x0000000020000020        0x4 /app/stm32cubeide/plugins/com.st.stm32cube.ide.mcu.externaltools.gnu-tools-for-stm32.10.3-2021.10.linux64_1.0.200.202301161003/tools/bin/../lib/gcc/arm-none-eabi/10.3.1/../../../../arm-none-eabi/lib/thumb/v7-m/nofp/libc_nano.a(lib_a-impure.o)
                0x0000000020000020                _impure_ptr
 .data.impure_data
                0x0000000020000024       0x60 /app/stm32cubeide/plugins/com.st.stm32cube.ide.mcu.externaltools.gnu-tools-for-stm32.10.3-2021.10.linux64_1.0.200.202301161003/tools/bin/../lib/gcc/arm-none-eabi/10.3.1/../../../../arm-none-eabi/lib/thumb/v7-m/nofp/libc_nano.a(lib_a-impure.o)
 *(.RamFunc)
 *(.RamFunc*)
                0x0000000020000084                . = ALIGN (0x4)
                0x0000000020000084                _edata = .

.igot.plt       0x0000000020000084        0x0 load address 0x000000000801a174
 .igot.plt      0x0000000020000084        0x0 /app/stm32cubeide/plugins/com.st.stm32cube.ide.mcu.externaltools.gnu-tools-for-stm32.10.3-2021.10.linux64_1.0.200.202301161003/tools/bin/../lib/gcc/arm-none-eabi/10.3.1/thumb/v7-m/nofp/crtbegin.o
                0x0000000020000084                . = ALIGN (0x4)

.bss            0x0000000020000084      0x4b0 load address 0x000000000801a174
                0x0000000020000084                _sbss = .
                0x0000000020000084                __bss_start__ = _sbss
 *(.bss)
 .bss           0x0000000020000084       0x1c /app/stm32cubeide/plugins/com.st.stm32cube.ide.mcu.externaltools.gnu-tools-for-stm32.10.3-2021.10.linux64_1.0.200.202301161003/tools/bin/../lib/gcc/arm-none-eabi/10.3.1/thumb/v7-m/nofp/crtbegin.o
 *(.bss*)
 .bss.hspi1     0x00000000200000a0       0x58 ./Core/Src/main.o
                0x00000000200000a0                hspi1
 .bss.hdma_spi1_tx
                0x00000000200000f8       0x44 ./Core/Src/main.o
                0x00000000200000f8                hdma_spi1_tx
 .bss.snakeX    0x000000002000013c       0xc8 ./Core/Src/main.o
                0x000000002000013c                snakeX
 .bss.snakeY    0x0000000020000204       0xc8 ./Core/Src/main.o
                0x0000000020000204                snakeY
 .bss.direction
                0x00000000200002cc        0x4 ./Core/Src/main.o
                0x00000000200002cc                direction
 .bss.foodX     0x00000000200002d0        0x2 ./Core/Src/main.o
                0x00000000200002d0                foodX
 .bss.foodY     0x00000000200002d2        0x2 ./Core/Src/main.o
                0x00000000200002d2                foodY
 .bss.lastMoveTime
                0x00000000200002d4        0x4 ./Core/Src/main.o
                0x00000000200002d4                lastMoveTime
 .bss.directionChanged
                0x00000000200002d8        0x1 ./Core/Src/main.o
                0x00000000200002d8                directionChanged
 *fill*         0x00000000200002d9        0x3 
 .bss.lastLedToggleTime
                0x00000000200002dc        0x4 ./Core/Src/main.o
                0x00000000200002dc                lastLedToggleTime
 .bss.snakeJustAteFood
                0x00000000200002e0        0x1 ./Core/Src/main.o
                0x00000000200002e0                snakeJustAteFood
 *fill*         0x00000000200002e1        0x3 
 .bss.prevDirection
                0x00000000200002e4        0x4 ./Core/Src/main.o
                0x00000000200002e4                prevDirection
 .bss.lastButtonPressTime
                0x00000000200002e8        0x4 ./Core/Src/main.o
                0x00000000200002e8                lastButtonPressTime
 .bss.gameRunning
                0x00000000200002ec        0x1 ./Core/Src/main.o
                0x00000000200002ec                gameRunning
 .bss.snakeDead
                0x00000000200002ed        0x1 ./Core/Src/main.o
                0x00000000200002ed                snakeDead
 *fill*         0x00000000200002ee        0x2 
 .bss.logoX     0x00000000200002f0        0x4 ./Core/Src/main.o
                0x00000000200002f0                logoX
 .bss.logoY     0x00000000200002f4        0x4 ./Core/Src/main.o
                0x00000000200002f4                logoY
 .bss.startX    0x00000000200002f8        0x4 ./Core/Src/main.o
                0x00000000200002f8                startX
 .bss.lettersY  0x00000000200002fc        0x4 ./Core/Src/main.o
                0x00000000200002fc                lettersY
 .bss.num_letters
                0x0000000020000300        0x4 ./Core/Src/main.o
                0x0000000020000300                num_letters
 .bss.letters   0x0000000020000304        0x4 ./Core/Src/main.o
                0x0000000020000304                letters
 .bss.spacing   0x0000000020000308        0x4 ./Core/Src/main.o
                0x0000000020000308                spacing
 .bss.stars     0x000000002000030c      0x1e0 ./Core/Src/main.o
                0x000000002000030c                stars
 .bss.exclusionAreas
                0x00000000200004ec       0x30 ./Core/Src/main.o
                0x00000000200004ec                exclusionAreas
 .bss.__sbrk_heap_end
                0x000000002000051c        0x4 ./Core/Src/sysmem.o
 .bss.uwTick    0x0000000020000520        0x4 ./Drivers/STM32F1xx_HAL_Driver/Src/stm32f1xx_hal.o
                0x0000000020000520                uwTick
 .bss.__malloc_free_list
                0x0000000020000524        0x4 /app/stm32cubeide/plugins/com.st.stm32cube.ide.mcu.externaltools.gnu-tools-for-stm32.10.3-2021.10.linux64_1.0.200.202301161003/tools/bin/../lib/gcc/arm-none-eabi/10.3.1/../../../../arm-none-eabi/lib/thumb/v7-m/nofp/libc_nano.a(lib_a-nano-mallocr.o)
                0x0000000020000524                __malloc_free_list
 .bss.__malloc_sbrk_start
                0x0000000020000528        0x4 /app/stm32cubeide/plugins/com.st.stm32cube.ide.mcu.externaltools.gnu-tools-for-stm32.10.3-2021.10.linux64_1.0.200.202301161003/tools/bin/../lib/gcc/arm-none-eabi/10.3.1/../../../../arm-none-eabi/lib/thumb/v7-m/nofp/libc_nano.a(lib_a-nano-mallocr.o)
                0x0000000020000528                __malloc_sbrk_start
 .bss.__lock___malloc_recursive_mutex
                0x000000002000052c        0x1 /app/stm32cubeide/plugins/com.st.stm32cube.ide.mcu.externaltools.gnu-tools-for-stm32.10.3-2021.10.linux64_1.0.200.202301161003/tools/bin/../lib/gcc/arm-none-eabi/10.3.1/../../../../arm-none-eabi/lib/thumb/v7-m/nofp/libc_nano.a(lib_a-lock.o)
                0x000000002000052c                __lock___malloc_recursive_mutex
 .bss.__lock___sfp_recursive_mutex
                0x000000002000052d        0x1 /app/stm32cubeide/plugins/com.st.stm32cube.ide.mcu.externaltools.gnu-tools-for-stm32.10.3-2021.10.linux64_1.0.200.202301161003/tools/bin/../lib/gcc/arm-none-eabi/10.3.1/../../../../arm-none-eabi/lib/thumb/v7-m/nofp/libc_nano.a(lib_a-lock.o)
                0x000000002000052d                __lock___sfp_recursive_mutex
 .bss.__lock___sinit_recursive_mutex
                0x000000002000052e        0x1 /app/stm32cubeide/plugins/com.st.stm32cube.ide.mcu.externaltools.gnu-tools-for-stm32.10.3-2021.10.linux64_1.0.200.202301161003/tools/bin/../lib/gcc/arm-none-eabi/10.3.1/../../../../arm-none-eabi/lib/thumb/v7-m/nofp/libc_nano.a(lib_a-lock.o)
                0x000000002000052e                __lock___sinit_recursive_mutex
 *fill*         0x000000002000052f        0x1 
 .bss.errno     0x0000000020000530        0x4 /app/stm32cubeide/plugins/com.st.stm32cube.ide.mcu.externaltools.gnu-tools-for-stm32.10.3-2021.10.linux64_1.0.200.202301161003/tools/bin/../lib/gcc/arm-none-eabi/10.3.1/../../../../arm-none-eabi/lib/thumb/v7-m/nofp/libc_nano.a(lib_a-reent.o)
                0x0000000020000530                errno
 *(COMMON)
                0x0000000020000534                . = ALIGN (0x4)
                0x0000000020000534                _ebss = .
                0x0000000020000534                __bss_end__ = _ebss

._user_heap_stack
                0x0000000020000534      0x604 load address 0x000000000801a174
                0x0000000020000538                . = ALIGN (0x8)
 *fill*         0x0000000020000534        0x4 
                [!provide]                        PROVIDE (end = .)
                0x0000000020000538                PROVIDE (_end = .)
                0x0000000020000738                . = (. + _Min_Heap_Size)
 *fill*         0x0000000020000538      0x200 
                0x0000000020000b38                . = (. + _Min_Stack_Size)
 *fill*         0x0000000020000738      0x400 
                0x0000000020000b38                . = ALIGN (0x8)

/DISCARD/
 libc.a(*)
 libm.a(*)
 libgcc.a(*)

.ARM.attributes
                0x0000000000000000       0x29
 *(.ARM.attributes)
 .ARM.attributes
                0x0000000000000000       0x1d /app/stm32cubeide/plugins/com.st.stm32cube.ide.mcu.externaltools.gnu-tools-for-stm32.10.3-2021.10.linux64_1.0.200.202301161003/tools/bin/../lib/gcc/arm-none-eabi/10.3.1/thumb/v7-m/nofp/crti.o
 .ARM.attributes
                0x000000000000001d       0x2d /app/stm32cubeide/plugins/com.st.stm32cube.ide.mcu.externaltools.gnu-tools-for-stm32.10.3-2021.10.linux64_1.0.200.202301161003/tools/bin/../lib/gcc/arm-none-eabi/10.3.1/thumb/v7-m/nofp/crtbegin.o
 .ARM.attributes
                0x000000000000004a       0x2d ./Core/Src/ILI9341_GFX.o
 .ARM.attributes
                0x0000000000000077       0x2d ./Core/Src/main.o
 .ARM.attributes
                0x00000000000000a4       0x2d ./Core/Src/stm32f1xx_hal_msp.o
 .ARM.attributes
                0x00000000000000d1       0x2d ./Core/Src/stm32f1xx_it.o
 .ARM.attributes
                0x00000000000000fe       0x2d ./Core/Src/syscalls.o
 .ARM.attributes
                0x000000000000012b       0x2d ./Core/Src/sysmem.o
 .ARM.attributes
                0x0000000000000158       0x2d ./Core/Src/system_stm32f1xx.o
 .ARM.attributes
                0x0000000000000185       0x21 ./Core/Startup/startup_stm32f103c8tx.o
 .ARM.attributes
                0x00000000000001a6       0x2d ./Drivers/STM32F1xx_HAL_Driver/Src/stm32f1xx_hal.o
 .ARM.attributes
                0x00000000000001d3       0x2d ./Drivers/STM32F1xx_HAL_Driver/Src/stm32f1xx_hal_cortex.o
 .ARM.attributes
                0x0000000000000200       0x2d ./Drivers/STM32F1xx_HAL_Driver/Src/stm32f1xx_hal_dma.o
 .ARM.attributes
                0x000000000000022d       0x2d ./Drivers/STM32F1xx_HAL_Driver/Src/stm32f1xx_hal_gpio.o
 .ARM.attributes
                0x000000000000025a       0x2d ./Drivers/STM32F1xx_HAL_Driver/Src/stm32f1xx_hal_rcc.o
 .ARM.attributes
                0x0000000000000287       0x2d ./Drivers/STM32F1xx_HAL_Driver/Src/stm32f1xx_hal_spi.o
 .ARM.attributes
                0x00000000000002b4       0x2d /app/stm32cubeide/plugins/com.st.stm32cube.ide.mcu.externaltools.gnu-tools-for-stm32.10.3-2021.10.linux64_1.0.200.202301161003/tools/bin/../lib/gcc/arm-none-eabi/10.3.1/../../../../arm-none-eabi/lib/thumb/v7-m/nofp/libc_nano.a(lib_a-errno.o)
 .ARM.attributes
                0x00000000000002e1       0x2d /app/stm32cubeide/plugins/com.st.stm32cube.ide.mcu.externaltools.gnu-tools-for-stm32.10.3-2021.10.linux64_1.0.200.202301161003/tools/bin/../lib/gcc/arm-none-eabi/10.3.1/../../../../arm-none-eabi/lib/thumb/v7-m/nofp/libc_nano.a(lib_a-impure.o)
 .ARM.attributes
                0x000000000000030e       0x2d /app/stm32cubeide/plugins/com.st.stm32cube.ide.mcu.externaltools.gnu-tools-for-stm32.10.3-2021.10.linux64_1.0.200.202301161003/tools/bin/../lib/gcc/arm-none-eabi/10.3.1/../../../../arm-none-eabi/lib/thumb/v7-m/nofp/libc_nano.a(lib_a-init.o)
 .ARM.attributes
                0x000000000000033b       0x2d /app/stm32cubeide/plugins/com.st.stm32cube.ide.mcu.externaltools.gnu-tools-for-stm32.10.3-2021.10.linux64_1.0.200.202301161003/tools/bin/../lib/gcc/arm-none-eabi/10.3.1/../../../../arm-none-eabi/lib/thumb/v7-m/nofp/libc_nano.a(lib_a-memset.o)
 .ARM.attributes
                0x0000000000000368       0x2d /app/stm32cubeide/plugins/com.st.stm32cube.ide.mcu.externaltools.gnu-tools-for-stm32.10.3-2021.10.linux64_1.0.200.202301161003/tools/bin/../lib/gcc/arm-none-eabi/10.3.1/../../../../arm-none-eabi/lib/thumb/v7-m/nofp/libc_nano.a(lib_a-rand.o)
 .ARM.attributes
                0x0000000000000395       0x17 /app/stm32cubeide/plugins/com.st.stm32cube.ide.mcu.externaltools.gnu-tools-for-stm32.10.3-2021.10.linux64_1.0.200.202301161003/tools/bin/../lib/gcc/arm-none-eabi/10.3.1/../../../../arm-none-eabi/lib/thumb/v7-m/nofp/libc_nano.a(lib_a-strlen.o)
 .ARM.attributes
                0x00000000000003ac       0x2d /app/stm32cubeide/plugins/com.st.stm32cube.ide.mcu.externaltools.gnu-tools-for-stm32.10.3-2021.10.linux64_1.0.200.202301161003/tools/bin/../lib/gcc/arm-none-eabi/10.3.1/../../../../arm-none-eabi/lib/thumb/v7-m/nofp/libc_nano.a(lib_a-assert.o)
 .ARM.attributes
                0x00000000000003d9       0x2d /app/stm32cubeide/plugins/com.st.stm32cube.ide.mcu.externaltools.gnu-tools-for-stm32.10.3-2021.10.linux64_1.0.200.202301161003/tools/bin/../lib/gcc/arm-none-eabi/10.3.1/../../../../arm-none-eabi/lib/thumb/v7-m/nofp/libc_nano.a(lib_a-fprintf.o)
 .ARM.attributes
                0x0000000000000406       0x2d /app/stm32cubeide/plugins/com.st.stm32cube.ide.mcu.externaltools.gnu-tools-for-stm32.10.3-2021.10.linux64_1.0.200.202301161003/tools/bin/../lib/gcc/arm-none-eabi/10.3.1/../../../../arm-none-eabi/lib/thumb/v7-m/nofp/libc_nano.a(lib_a-malloc.o)
 .ARM.attributes
                0x0000000000000433       0x2d /app/stm32cubeide/plugins/com.st.stm32cube.ide.mcu.externaltools.gnu-tools-for-stm32.10.3-2021.10.linux64_1.0.200.202301161003/tools/bin/../lib/gcc/arm-none-eabi/10.3.1/../../../../arm-none-eabi/lib/thumb/v7-m/nofp/libc_nano.a(lib_a-nano-freer.o)
 .ARM.attributes
                0x0000000000000460       0x2d /app/stm32cubeide/plugins/com.st.stm32cube.ide.mcu.externaltools.gnu-tools-for-stm32.10.3-2021.10.linux64_1.0.200.202301161003/tools/bin/../lib/gcc/arm-none-eabi/10.3.1/../../../../arm-none-eabi/lib/thumb/v7-m/nofp/libc_nano.a(lib_a-nano-mallocr.o)
 .ARM.attributes
                0x000000000000048d       0x2d /app/stm32cubeide/plugins/com.st.stm32cube.ide.mcu.externaltools.gnu-tools-for-stm32.10.3-2021.10.linux64_1.0.200.202301161003/tools/bin/../lib/gcc/arm-none-eabi/10.3.1/../../../../arm-none-eabi/lib/thumb/v7-m/nofp/libc_nano.a(lib_a-nano-vfprintf.o)
 .ARM.attributes
                0x00000000000004ba       0x2d /app/stm32cubeide/plugins/com.st.stm32cube.ide.mcu.externaltools.gnu-tools-for-stm32.10.3-2021.10.linux64_1.0.200.202301161003/tools/bin/../lib/gcc/arm-none-eabi/10.3.1/../../../../arm-none-eabi/lib/thumb/v7-m/nofp/libc_nano.a(lib_a-nano-vfprintf_i.o)
 .ARM.attributes
                0x00000000000004e7       0x2d /app/stm32cubeide/plugins/com.st.stm32cube.ide.mcu.externaltools.gnu-tools-for-stm32.10.3-2021.10.linux64_1.0.200.202301161003/tools/bin/../lib/gcc/arm-none-eabi/10.3.1/../../../../arm-none-eabi/lib/thumb/v7-m/nofp/libc_nano.a(lib_a-sbrkr.o)
 .ARM.attributes
                0x0000000000000514       0x2d /app/stm32cubeide/plugins/com.st.stm32cube.ide.mcu.externaltools.gnu-tools-for-stm32.10.3-2021.10.linux64_1.0.200.202301161003/tools/bin/../lib/gcc/arm-none-eabi/10.3.1/../../../../arm-none-eabi/lib/thumb/v7-m/nofp/libc_nano.a(lib_a-wbuf.o)
 .ARM.attributes
                0x0000000000000541       0x2d /app/stm32cubeide/plugins/com.st.stm32cube.ide.mcu.externaltools.gnu-tools-for-stm32.10.3-2021.10.linux64_1.0.200.202301161003/tools/bin/../lib/gcc/arm-none-eabi/10.3.1/../../../../arm-none-eabi/lib/thumb/v7-m/nofp/libc_nano.a(lib_a-wsetup.o)
 .ARM.attributes
                0x000000000000056e       0x2d /app/stm32cubeide/plugins/com.st.stm32cube.ide.mcu.externaltools.gnu-tools-for-stm32.10.3-2021.10.linux64_1.0.200.202301161003/tools/bin/../lib/gcc/arm-none-eabi/10.3.1/../../../../arm-none-eabi/lib/thumb/v7-m/nofp/libc_nano.a(lib_a-abort.o)
 .ARM.attributes
                0x000000000000059b       0x2d /app/stm32cubeide/plugins/com.st.stm32cube.ide.mcu.externaltools.gnu-tools-for-stm32.10.3-2021.10.linux64_1.0.200.202301161003/tools/bin/../lib/gcc/arm-none-eabi/10.3.1/../../../../arm-none-eabi/lib/thumb/v7-m/nofp/libc_nano.a(lib_a-fflush.o)
 .ARM.attributes
                0x00000000000005c8       0x2d /app/stm32cubeide/plugins/com.st.stm32cube.ide.mcu.externaltools.gnu-tools-for-stm32.10.3-2021.10.linux64_1.0.200.202301161003/tools/bin/../lib/gcc/arm-none-eabi/10.3.1/../../../../arm-none-eabi/lib/thumb/v7-m/nofp/libc_nano.a(lib_a-findfp.o)
 .ARM.attributes
                0x00000000000005f5       0x2d /app/stm32cubeide/plugins/com.st.stm32cube.ide.mcu.externaltools.gnu-tools-for-stm32.10.3-2021.10.linux64_1.0.200.202301161003/tools/bin/../lib/gcc/arm-none-eabi/10.3.1/../../../../arm-none-eabi/lib/thumb/v7-m/nofp/libc_nano.a(lib_a-fwalk.o)
 .ARM.attributes
                0x0000000000000622       0x2d /app/stm32cubeide/plugins/com.st.stm32cube.ide.mcu.externaltools.gnu-tools-for-stm32.10.3-2021.10.linux64_1.0.200.202301161003/tools/bin/../lib/gcc/arm-none-eabi/10.3.1/../../../../arm-none-eabi/lib/thumb/v7-m/nofp/libc_nano.a(lib_a-lock.o)
 .ARM.attributes
                0x000000000000064f       0x2d /app/stm32cubeide/plugins/com.st.stm32cube.ide.mcu.externaltools.gnu-tools-for-stm32.10.3-2021.10.linux64_1.0.200.202301161003/tools/bin/../lib/gcc/arm-none-eabi/10.3.1/../../../../arm-none-eabi/lib/thumb/v7-m/nofp/libc_nano.a(lib_a-makebuf.o)
 .ARM.attributes
                0x000000000000067c       0x2d /app/stm32cubeide/plugins/com.st.stm32cube.ide.mcu.externaltools.gnu-tools-for-stm32.10.3-2021.10.linux64_1.0.200.202301161003/tools/bin/../lib/gcc/arm-none-eabi/10.3.1/../../../../arm-none-eabi/lib/thumb/v7-m/nofp/libc_nano.a(lib_a-memchr-stub.o)
 .ARM.attributes
                0x00000000000006a9       0x2d /app/stm32cubeide/plugins/com.st.stm32cube.ide.mcu.externaltools.gnu-tools-for-stm32.10.3-2021.10.linux64_1.0.200.202301161003/tools/bin/../lib/gcc/arm-none-eabi/10.3.1/../../../../arm-none-eabi/lib/thumb/v7-m/nofp/libc_nano.a(lib_a-mlock.o)
 .ARM.attributes
                0x00000000000006d6       0x2d /app/stm32cubeide/plugins/com.st.stm32cube.ide.mcu.externaltools.gnu-tools-for-stm32.10.3-2021.10.linux64_1.0.200.202301161003/tools/bin/../lib/gcc/arm-none-eabi/10.3.1/../../../../arm-none-eabi/lib/thumb/v7-m/nofp/libc_nano.a(lib_a-reent.o)
 .ARM.attributes
                0x0000000000000703       0x2d /app/stm32cubeide/plugins/com.st.stm32cube.ide.mcu.externaltools.gnu-tools-for-stm32.10.3-2021.10.linux64_1.0.200.202301161003/tools/bin/../lib/gcc/arm-none-eabi/10.3.1/../../../../arm-none-eabi/lib/thumb/v7-m/nofp/libc_nano.a(lib_a-signal.o)
 .ARM.attributes
                0x0000000000000730       0x2d /app/stm32cubeide/plugins/com.st.stm32cube.ide.mcu.externaltools.gnu-tools-for-stm32.10.3-2021.10.linux64_1.0.200.202301161003/tools/bin/../lib/gcc/arm-none-eabi/10.3.1/../../../../arm-none-eabi/lib/thumb/v7-m/nofp/libc_nano.a(lib_a-signalr.o)
 .ARM.attributes
                0x000000000000075d       0x2d /app/stm32cubeide/plugins/com.st.stm32cube.ide.mcu.externaltools.gnu-tools-for-stm32.10.3-2021.10.linux64_1.0.200.202301161003/tools/bin/../lib/gcc/arm-none-eabi/10.3.1/../../../../arm-none-eabi/lib/thumb/v7-m/nofp/libc_nano.a(lib_a-stdio.o)
 .ARM.attributes
                0x000000000000078a       0x2d /app/stm32cubeide/plugins/com.st.stm32cube.ide.mcu.externaltools.gnu-tools-for-stm32.10.3-2021.10.linux64_1.0.200.202301161003/tools/bin/../lib/gcc/arm-none-eabi/10.3.1/../../../../arm-none-eabi/lib/thumb/v7-m/nofp/libc_nano.a(lib_a-writer.o)
 .ARM.attributes
                0x00000000000007b7       0x2d /app/stm32cubeide/plugins/com.st.stm32cube.ide.mcu.externaltools.gnu-tools-for-stm32.10.3-2021.10.linux64_1.0.200.202301161003/tools/bin/../lib/gcc/arm-none-eabi/10.3.1/../../../../arm-none-eabi/lib/thumb/v7-m/nofp/libc_nano.a(lib_a-closer.o)
 .ARM.attributes
                0x00000000000007e4       0x2d /app/stm32cubeide/plugins/com.st.stm32cube.ide.mcu.externaltools.gnu-tools-for-stm32.10.3-2021.10.linux64_1.0.200.202301161003/tools/bin/../lib/gcc/arm-none-eabi/10.3.1/../../../../arm-none-eabi/lib/thumb/v7-m/nofp/libc_nano.a(lib_a-fstatr.o)
 .ARM.attributes
                0x0000000000000811       0x2d /app/stm32cubeide/plugins/com.st.stm32cube.ide.mcu.externaltools.gnu-tools-for-stm32.10.3-2021.10.linux64_1.0.200.202301161003/tools/bin/../lib/gcc/arm-none-eabi/10.3.1/../../../../arm-none-eabi/lib/thumb/v7-m/nofp/libc_nano.a(lib_a-isattyr.o)
 .ARM.attributes
                0x000000000000083e       0x2d /app/stm32cubeide/plugins/com.st.stm32cube.ide.mcu.externaltools.gnu-tools-for-stm32.10.3-2021.10.linux64_1.0.200.202301161003/tools/bin/../lib/gcc/arm-none-eabi/10.3.1/../../../../arm-none-eabi/lib/thumb/v7-m/nofp/libc_nano.a(lib_a-lseekr.o)
 .ARM.attributes
                0x000000000000086b       0x2d /app/stm32cubeide/plugins/com.st.stm32cube.ide.mcu.externaltools.gnu-tools-for-stm32.10.3-2021.10.linux64_1.0.200.202301161003/tools/bin/../lib/gcc/arm-none-eabi/10.3.1/../../../../arm-none-eabi/lib/thumb/v7-m/nofp/libc_nano.a(lib_a-readr.o)
 .ARM.attributes
                0x0000000000000898       0x1d /app/stm32cubeide/plugins/com.st.stm32cube.ide.mcu.externaltools.gnu-tools-for-stm32.10.3-2021.10.linux64_1.0.200.202301161003/tools/bin/../lib/gcc/arm-none-eabi/10.3.1/thumb/v7-m/nofp/crtn.o
OUTPUT(imager.elf elf32-littlearm)
LOAD linker stubs
LOAD /app/stm32cubeide/plugins/com.st.stm32cube.ide.mcu.externaltools.gnu-tools-for-stm32.10.3-2021.10.linux64_1.0.200.202301161003/tools/bin/../lib/gcc/arm-none-eabi/10.3.1/../../../../arm-none-eabi/lib/thumb/v7-m/nofp/libc.a
LOAD /app/stm32cubeide/plugins/com.st.stm32cube.ide.mcu.externaltools.gnu-tools-for-stm32.10.3-2021.10.linux64_1.0.200.202301161003/tools/bin/../lib/gcc/arm-none-eabi/10.3.1/../../../../arm-none-eabi/lib/thumb/v7-m/nofp/libm.a
LOAD /app/stm32cubeide/plugins/com.st.stm32cube.ide.mcu.externaltools.gnu-tools-for-stm32.10.3-2021.10.linux64_1.0.200.202301161003/tools/bin/../lib/gcc/arm-none-eabi/10.3.1/thumb/v7-m/nofp/libgcc.a

.debug_info     0x0000000000000000     0x82e4
 .debug_info    0x0000000000000000      0xb9d ./Core/Src/ILI9341_GFX.o
 .debug_info    0x0000000000000b9d     0x2268 ./Core/Src/main.o
 .debug_info    0x0000000000002e05      0x90a ./Core/Src/stm32f1xx_hal_msp.o
 .debug_info    0x000000000000370f      0x3a5 ./Core/Src/stm32f1xx_it.o
 .debug_info    0x0000000000003ab4      0x6e0 ./Core/Src/syscalls.o
 .debug_info    0x0000000000004194      0x171 ./Core/Src/sysmem.o
 .debug_info    0x0000000000004305      0x23d ./Core/Src/system_stm32f1xx.o
 .debug_info    0x0000000000004542       0x22 ./Core/Startup/startup_stm32f103c8tx.o
 .debug_info    0x0000000000004564      0x734 ./Drivers/STM32F1xx_HAL_Driver/Src/stm32f1xx_hal.o
 .debug_info    0x0000000000004c98      0xb20 ./Drivers/STM32F1xx_HAL_Driver/Src/stm32f1xx_hal_cortex.o
 .debug_info    0x00000000000057b8      0x744 ./Drivers/STM32F1xx_HAL_Driver/Src/stm32f1xx_hal_dma.o
 .debug_info    0x0000000000005efc      0x615 ./Drivers/STM32F1xx_HAL_Driver/Src/stm32f1xx_hal_gpio.o
 .debug_info    0x0000000000006511      0x865 ./Drivers/STM32F1xx_HAL_Driver/Src/stm32f1xx_hal_rcc.o
 .debug_info    0x0000000000006d76     0x156e ./Drivers/STM32F1xx_HAL_Driver/Src/stm32f1xx_hal_spi.o

.debug_abbrev   0x0000000000000000     0x1aa6
 .debug_abbrev  0x0000000000000000      0x213 ./Core/Src/ILI9341_GFX.o
 .debug_abbrev  0x0000000000000213      0x3f2 ./Core/Src/main.o
 .debug_abbrev  0x0000000000000605      0x1d8 ./Core/Src/stm32f1xx_hal_msp.o
 .debug_abbrev  0x00000000000007dd      0x15f ./Core/Src/stm32f1xx_it.o
 .debug_abbrev  0x000000000000093c      0x1b3 ./Core/Src/syscalls.o
 .debug_abbrev  0x0000000000000aef       0xbb ./Core/Src/sysmem.o
 .debug_abbrev  0x0000000000000baa      0x13b ./Core/Src/system_stm32f1xx.o
 .debug_abbrev  0x0000000000000ce5       0x12 ./Core/Startup/startup_stm32f103c8tx.o
 .debug_abbrev  0x0000000000000cf7      0x1fb ./Drivers/STM32F1xx_HAL_Driver/Src/stm32f1xx_hal.o
 .debug_abbrev  0x0000000000000ef2      0x2ed ./Drivers/STM32F1xx_HAL_Driver/Src/stm32f1xx_hal_cortex.o
 .debug_abbrev  0x00000000000011df      0x1fe ./Drivers/STM32F1xx_HAL_Driver/Src/stm32f1xx_hal_dma.o
 .debug_abbrev  0x00000000000013dd      0x1bb ./Drivers/STM32F1xx_HAL_Driver/Src/stm32f1xx_hal_gpio.o
 .debug_abbrev  0x0000000000001598      0x2a8 ./Drivers/STM32F1xx_HAL_Driver/Src/stm32f1xx_hal_rcc.o
 .debug_abbrev  0x0000000000001840      0x266 ./Drivers/STM32F1xx_HAL_Driver/Src/stm32f1xx_hal_spi.o

.debug_aranges  0x0000000000000000      0x868
 .debug_aranges
                0x0000000000000000       0xc0 ./Core/Src/ILI9341_GFX.o
 .debug_aranges
                0x00000000000000c0       0xe0 ./Core/Src/main.o
 .debug_aranges
                0x00000000000001a0       0x30 ./Core/Src/stm32f1xx_hal_msp.o
 .debug_aranges
                0x00000000000001d0       0x68 ./Core/Src/stm32f1xx_it.o
 .debug_aranges
                0x0000000000000238       0xa8 ./Core/Src/syscalls.o
 .debug_aranges
                0x00000000000002e0       0x20 ./Core/Src/sysmem.o
 .debug_aranges
                0x0000000000000300       0x28 ./Core/Src/system_stm32f1xx.o
 .debug_aranges
                0x0000000000000328       0x28 ./Core/Startup/startup_stm32f103c8tx.o
 .debug_aranges
                0x0000000000000350       0xe0 ./Drivers/STM32F1xx_HAL_Driver/Src/stm32f1xx_hal.o
 .debug_aranges
                0x0000000000000430      0x100 ./Drivers/STM32F1xx_HAL_Driver/Src/stm32f1xx_hal_cortex.o
 .debug_aranges
                0x0000000000000530       0x80 ./Drivers/STM32F1xx_HAL_Driver/Src/stm32f1xx_hal_dma.o
 .debug_aranges
                0x00000000000005b0       0x58 ./Drivers/STM32F1xx_HAL_Driver/Src/stm32f1xx_hal_gpio.o
 .debug_aranges
                0x0000000000000608       0x90 ./Drivers/STM32F1xx_HAL_Driver/Src/stm32f1xx_hal_rcc.o
 .debug_aranges
                0x0000000000000698      0x1d0 ./Drivers/STM32F1xx_HAL_Driver/Src/stm32f1xx_hal_spi.o

.debug_ranges   0x0000000000000000      0x790
 .debug_ranges  0x0000000000000000       0xb0 ./Core/Src/ILI9341_GFX.o
 .debug_ranges  0x00000000000000b0       0xd0 ./Core/Src/main.o
 .debug_ranges  0x0000000000000180       0x20 ./Core/Src/stm32f1xx_hal_msp.o
 .debug_ranges  0x00000000000001a0       0x58 ./Core/Src/stm32f1xx_it.o
 .debug_ranges  0x00000000000001f8       0x98 ./Core/Src/syscalls.o
 .debug_ranges  0x0000000000000290       0x10 ./Core/Src/sysmem.o
 .debug_ranges  0x00000000000002a0       0x18 ./Core/Src/system_stm32f1xx.o
 .debug_ranges  0x00000000000002b8       0x20 ./Core/Startup/startup_stm32f103c8tx.o
 .debug_ranges  0x00000000000002d8       0xd0 ./Drivers/STM32F1xx_HAL_Driver/Src/stm32f1xx_hal.o
 .debug_ranges  0x00000000000003a8       0xf0 ./Drivers/STM32F1xx_HAL_Driver/Src/stm32f1xx_hal_cortex.o
 .debug_ranges  0x0000000000000498       0x70 ./Drivers/STM32F1xx_HAL_Driver/Src/stm32f1xx_hal_dma.o
 .debug_ranges  0x0000000000000508       0x48 ./Drivers/STM32F1xx_HAL_Driver/Src/stm32f1xx_hal_gpio.o
 .debug_ranges  0x0000000000000550       0x80 ./Drivers/STM32F1xx_HAL_Driver/Src/stm32f1xx_hal_rcc.o
 .debug_ranges  0x00000000000005d0      0x1c0 ./Drivers/STM32F1xx_HAL_Driver/Src/stm32f1xx_hal_spi.o

.debug_macro    0x0000000000000000    0x17d20
 .debug_macro   0x0000000000000000      0x294 ./Core/Src/ILI9341_GFX.o
 .debug_macro   0x0000000000000294      0xa6c ./Core/Src/ILI9341_GFX.o
 .debug_macro   0x0000000000000d00      0x21b ./Core/Src/ILI9341_GFX.o
 .debug_macro   0x0000000000000f1b       0x2e ./Core/Src/ILI9341_GFX.o
 .debug_macro   0x0000000000000f49       0x22 ./Core/Src/ILI9341_GFX.o
 .debug_macro   0x0000000000000f6b       0x22 ./Core/Src/ILI9341_GFX.o
 .debug_macro   0x0000000000000f8d       0x8e ./Core/Src/ILI9341_GFX.o
 .debug_macro   0x000000000000101b       0x51 ./Core/Src/ILI9341_GFX.o
 .debug_macro   0x000000000000106c      0x103 ./Core/Src/ILI9341_GFX.o
 .debug_macro   0x000000000000116f       0x6a ./Core/Src/ILI9341_GFX.o
 .debug_macro   0x00000000000011d9      0x1df ./Core/Src/ILI9341_GFX.o
 .debug_macro   0x00000000000013b8       0x1c ./Core/Src/ILI9341_GFX.o
 .debug_macro   0x00000000000013d4       0x22 ./Core/Src/ILI9341_GFX.o
 .debug_macro   0x00000000000013f6       0xbd ./Core/Src/ILI9341_GFX.o
 .debug_macro   0x00000000000014b3      0xd23 ./Core/Src/ILI9341_GFX.o
 .debug_macro   0x00000000000021d6     0xe09e ./Core/Src/ILI9341_GFX.o
 .debug_macro   0x0000000000010274       0x6d ./Core/Src/ILI9341_GFX.o
 .debug_macro   0x00000000000102e1     0x34a2 ./Core/Src/ILI9341_GFX.o
 .debug_macro   0x0000000000013783      0x174 ./Core/Src/ILI9341_GFX.o
 .debug_macro   0x00000000000138f7       0x5c ./Core/Src/ILI9341_GFX.o
 .debug_macro   0x0000000000013953      0x5bc ./Core/Src/ILI9341_GFX.o
 .debug_macro   0x0000000000013f0f      0x289 ./Core/Src/ILI9341_GFX.o
 .debug_macro   0x0000000000014198      0x1cb ./Core/Src/ILI9341_GFX.o
 .debug_macro   0x0000000000014363      0x114 ./Core/Src/ILI9341_GFX.o
 .debug_macro   0x0000000000014477      0x1b2 ./Core/Src/ILI9341_GFX.o
 .debug_macro   0x0000000000014629       0x27 ./Core/Src/ILI9341_GFX.o
 .debug_macro   0x0000000000014650      0x136 ./Core/Src/ILI9341_GFX.o
 .debug_macro   0x0000000000014786      0x1bc ./Core/Src/ILI9341_GFX.o
 .debug_macro   0x0000000000014942       0x34 ./Core/Src/ILI9341_GFX.o
 .debug_macro   0x0000000000014976       0x3c ./Core/Src/ILI9341_GFX.o
 .debug_macro   0x00000000000149b2       0x57 ./Core/Src/ILI9341_GFX.o
 .debug_macro   0x0000000000014a09       0x87 ./Core/Src/ILI9341_GFX.o
 .debug_macro   0x0000000000014a90      0x240 ./Core/Src/ILI9341_GFX.o
 .debug_macro   0x0000000000014cd0      0x140 ./Core/Src/ILI9341_GFX.o
 .debug_macro   0x0000000000014e10      0x217 ./Core/Src/ILI9341_GFX.o
 .debug_macro   0x0000000000015027       0x83 ./Core/Src/ILI9341_GFX.o
 .debug_macro   0x00000000000150aa       0x28 ./Core/Src/ILI9341_GFX.o
 .debug_macro   0x00000000000150d2       0xd6 ./Core/Src/ILI9341_GFX.o
 .debug_macro   0x00000000000151a8       0x18 ./Core/Src/ILI9341_GFX.o
 .debug_macro   0x00000000000151c0       0x52 ./Core/Src/ILI9341_GFX.o
 .debug_macro   0x0000000000015212       0x3c ./Core/Src/ILI9341_GFX.o
 .debug_macro   0x000000000001524e       0x34 ./Core/Src/ILI9341_GFX.o
 .debug_macro   0x0000000000015282       0x16 ./Core/Src/ILI9341_GFX.o
 .debug_macro   0x0000000000015298       0x35 ./Core/Src/ILI9341_GFX.o
 .debug_macro   0x00000000000152cd       0x16 ./Core/Src/ILI9341_GFX.o
 .debug_macro   0x00000000000152e3       0x43 ./Core/Src/ILI9341_GFX.o
 .debug_macro   0x0000000000015326       0x34 ./Core/Src/ILI9341_GFX.o
 .debug_macro   0x000000000001535a       0x10 ./Core/Src/ILI9341_GFX.o
 .debug_macro   0x000000000001536a       0x58 ./Core/Src/ILI9341_GFX.o
 .debug_macro   0x00000000000153c2       0x71 ./Core/Src/ILI9341_GFX.o
 .debug_macro   0x0000000000015433       0x1c ./Core/Src/ILI9341_GFX.o
 .debug_macro   0x000000000001544f      0x12a ./Core/Src/ILI9341_GFX.o
 .debug_macro   0x0000000000015579      0x341 ./Core/Src/ILI9341_GFX.o
 .debug_macro   0x00000000000158ba       0x16 ./Core/Src/ILI9341_GFX.o
 .debug_macro   0x00000000000158d0       0x29 ./Core/Src/ILI9341_GFX.o
 .debug_macro   0x00000000000158f9      0x455 ./Core/Src/main.o
 .debug_macro   0x0000000000015d4e       0x10 ./Core/Src/main.o
 .debug_macro   0x0000000000015d5e       0x20 ./Core/Src/main.o
 .debug_macro   0x0000000000015d7e       0x1c ./Core/Src/main.o
 .debug_macro   0x0000000000015d9a       0x10 ./Core/Src/main.o
 .debug_macro   0x0000000000015daa       0x10 ./Core/Src/main.o
 .debug_macro   0x0000000000015dba       0x1c ./Core/Src/main.o
 .debug_macro   0x0000000000015dd6       0x52 ./Core/Src/main.o
 .debug_macro   0x0000000000015e28       0x22 ./Core/Src/main.o
 .debug_macro   0x0000000000015e4a       0x10 ./Core/Src/main.o
 .debug_macro   0x0000000000015e5a       0x52 ./Core/Src/main.o
 .debug_macro   0x0000000000015eac       0xd5 ./Core/Src/main.o
 .debug_macro   0x0000000000015f81       0x1c ./Core/Src/main.o
 .debug_macro   0x0000000000015f9d       0x3d ./Core/Src/main.o
 .debug_macro   0x0000000000015fda       0x16 ./Core/Src/main.o
 .debug_macro   0x0000000000015ff0      0x145 ./Core/Src/main.o
 .debug_macro   0x0000000000016135      0x19d ./Core/Src/stm32f1xx_hal_msp.o
 .debug_macro   0x00000000000162d2      0x1a7 ./Core/Src/stm32f1xx_it.o
 .debug_macro   0x0000000000016479      0x24c ./Core/Src/syscalls.o
 .debug_macro   0x00000000000166c5       0x4c ./Core/Src/syscalls.o
 .debug_macro   0x0000000000016711       0x94 ./Core/Src/syscalls.o
 .debug_macro   0x00000000000167a5       0x57 ./Core/Src/syscalls.o
 .debug_macro   0x00000000000167fc       0x10 ./Core/Src/syscalls.o
 .debug_macro   0x000000000001680c       0x10 ./Core/Src/syscalls.o
 .debug_macro   0x000000000001681c       0x10 ./Core/Src/syscalls.o
 .debug_macro   0x000000000001682c       0x35 ./Core/Src/syscalls.o
 .debug_macro   0x0000000000016861      0x12c ./Core/Src/syscalls.o
 .debug_macro   0x000000000001698d       0x10 ./Core/Src/syscalls.o
 .debug_macro   0x000000000001699d      0x241 ./Core/Src/syscalls.o
 .debug_macro   0x0000000000016bde       0x10 ./Core/Src/syscalls.o
 .debug_macro   0x0000000000016bee      0x189 ./Core/Src/syscalls.o
 .debug_macro   0x0000000000016d77       0x16 ./Core/Src/syscalls.o
 .debug_macro   0x0000000000016d8d       0xce ./Core/Src/syscalls.o
 .debug_macro   0x0000000000016e5b       0xff ./Core/Src/sysmem.o
 .debug_macro   0x0000000000016f5a      0x23b ./Core/Src/sysmem.o
 .debug_macro   0x0000000000017195      0x18e ./Core/Src/system_stm32f1xx.o
 .debug_macro   0x0000000000017323      0x1b2 ./Drivers/STM32F1xx_HAL_Driver/Src/stm32f1xx_hal.o
 .debug_macro   0x00000000000174d5      0x18e ./Drivers/STM32F1xx_HAL_Driver/Src/stm32f1xx_hal_cortex.o
 .debug_macro   0x0000000000017663      0x18e ./Drivers/STM32F1xx_HAL_Driver/Src/stm32f1xx_hal_dma.o
 .debug_macro   0x00000000000177f1      0x1f9 ./Drivers/STM32F1xx_HAL_Driver/Src/stm32f1xx_hal_gpio.o
 .debug_macro   0x00000000000179ea      0x1a0 ./Drivers/STM32F1xx_HAL_Driver/Src/stm32f1xx_hal_rcc.o
 .debug_macro   0x0000000000017b8a      0x196 ./Drivers/STM32F1xx_HAL_Driver/Src/stm32f1xx_hal_spi.o

.debug_line     0x0000000000000000     0x9e48
 .debug_line    0x0000000000000000     0x12e5 ./Core/Src/ILI9341_GFX.o
 .debug_line    0x00000000000012e5     0x192d ./Core/Src/main.o
 .debug_line    0x0000000000002c12      0x669 ./Core/Src/stm32f1xx_hal_msp.o
 .debug_line    0x000000000000327b      0x6d6 ./Core/Src/stm32f1xx_it.o
 .debug_line    0x0000000000003951      0x79f ./Core/Src/syscalls.o
 .debug_line    0x00000000000040f0      0x495 ./Core/Src/sysmem.o
 .debug_line    0x0000000000004585      0x67a ./Core/Src/system_stm32f1xx.o
 .debug_line    0x0000000000004bff       0x86 ./Core/Startup/startup_stm32f103c8tx.o
 .debug_line    0x0000000000004c85      0x8a7 ./Drivers/STM32F1xx_HAL_Driver/Src/stm32f1xx_hal.o
 .debug_line    0x000000000000552c      0xa8f ./Drivers/STM32F1xx_HAL_Driver/Src/stm32f1xx_hal_cortex.o
 .debug_line    0x0000000000005fbb      0xd00 ./Drivers/STM32F1xx_HAL_Driver/Src/stm32f1xx_hal_dma.o