../Core/Src/main.c:218:6:DrawClippedFilledRectangle	40	static
../Core/Src/main.c:238:6:EraseHead	32	static
../Core/Src/main.c:256:6:EraseTail	32	static
../Core/Src/main.c:271:5:GetWrappedDelta	32	static
../Core/Src/main.c:283:6:InitializeSnowflakes	112	static
../Core/Src/main.c:440:6:DrawClippedFilledRectangleSnow	64	static
../Core/Src/main.c:468:6:UpdateAndDrawSnowflakes	112	static
../Core/Src/main.c:585:5:main	8	static
../Core/Src/main.c:635:6:ShowStartScreen	168	static
../Core/Src/main.c:791:6:ShowGameOverScreen	136	static
../Core/Src/main.c:837:6:InitSnakeGame	24	static
../Core/Src/main.c:865:6:RunSnakeGame	24	static
../Core/Src/main.c:950:6:UpdateSnakePosition	16	static
../Core/Src/main.c:995:6:DrawSnake	72	static
../Core/Src/main.c:1086:6:CheckCollision	16	static
../Core/Src/main.c:1106:6:GenerateFood	16	static
../Core/Src/main.c:1124:6:DrawFood	16	static
../Core/Src/main.c:1129:9:IsButtonPressed	32	static
../Core/Src/main.c:1145:6:SystemClock_Config	72	static
../Core/Src/main.c:1185:13:MX_SPI1_Init	8	static
../Core/Src/main.c:1222:13:MX_DMA_Init	16	static
../Core/Src/main.c:1241:13:MX_GPIO_Init	40	static
../Core/Src/main.c:1289:6:Error_Handler	8	static,ignoring_inline_asm
