Archive member included to satisfy reference by file (symbol)

/app/stm32cubeide/plugins/com.st.stm32cube.ide.mcu.externaltools.gnu-tools-for-stm32.10.3-2021.10.linux64_1.0.200.202301161003/tools/bin/../lib/gcc/arm-none-eabi/10.3.1/../../../../arm-none-eabi/lib/thumb/v7-m/nofp/libc_nano.a(lib_a-errno.o)
                              ./Core/Src/syscalls.o (__errno)
/app/stm32cubeide/plugins/com.st.stm32cube.ide.mcu.externaltools.gnu-tools-for-stm32.10.3-2021.10.linux64_1.0.200.202301161003/tools/bin/../lib/gcc/arm-none-eabi/10.3.1/../../../../arm-none-eabi/lib/thumb/v7-m/nofp/libc_nano.a(lib_a-exit.o)
                              /app/stm32cubeide/plugins/com.st.stm32cube.ide.mcu.externaltools.gnu-tools-for-stm32.10.3-2021.10.linux64_1.0.200.202301161003/tools/bin/../lib/gcc/arm-none-eabi/10.3.1/../../../../arm-none-eabi/lib/thumb/v7-m/nofp/crt0.o (exit)
/app/stm32cubeide/plugins/com.st.stm32cube.ide.mcu.externaltools.gnu-tools-for-stm32.10.3-2021.10.linux64_1.0.200.202301161003/tools/bin/../lib/gcc/arm-none-eabi/10.3.1/../../../../arm-none-eabi/lib/thumb/v7-m/nofp/libc_nano.a(lib_a-impure.o)
                              /app/stm32cubeide/plugins/com.st.stm32cube.ide.mcu.externaltools.gnu-tools-for-stm32.10.3-2021.10.linux64_1.0.200.202301161003/tools/bin/../lib/gcc/arm-none-eabi/10.3.1/../../../../arm-none-eabi/lib/thumb/v7-m/nofp/libc_nano.a(lib_a-exit.o) (_global_impure_ptr)
/app/stm32cubeide/plugins/com.st.stm32cube.ide.mcu.externaltools.gnu-tools-for-stm32.10.3-2021.10.linux64_1.0.200.202301161003/tools/bin/../lib/gcc/arm-none-eabi/10.3.1/../../../../arm-none-eabi/lib/thumb/v7-m/nofp/libc_nano.a(lib_a-init.o)
                              /app/stm32cubeide/plugins/com.st.stm32cube.ide.mcu.externaltools.gnu-tools-for-stm32.10.3-2021.10.linux64_1.0.200.202301161003/tools/bin/../lib/gcc/arm-none-eabi/10.3.1/../../../../arm-none-eabi/lib/thumb/v7-m/nofp/crt0.o (__libc_init_array)
/app/stm32cubeide/plugins/com.st.stm32cube.ide.mcu.externaltools.gnu-tools-for-stm32.10.3-2021.10.linux64_1.0.200.202301161003/tools/bin/../lib/gcc/arm-none-eabi/10.3.1/../../../../arm-none-eabi/lib/thumb/v7-m/nofp/libc_nano.a(lib_a-memset.o)
                              /app/stm32cubeide/plugins/com.st.stm32cube.ide.mcu.externaltools.gnu-tools-for-stm32.10.3-2021.10.linux64_1.0.200.202301161003/tools/bin/../lib/gcc/arm-none-eabi/10.3.1/../../../../arm-none-eabi/lib/thumb/v7-m/nofp/crt0.o (memset)
/app/stm32cubeide/plugins/com.st.stm32cube.ide.mcu.externaltools.gnu-tools-for-stm32.10.3-2021.10.linux64_1.0.200.202301161003/tools/bin/../lib/gcc/arm-none-eabi/10.3.1/../../../../arm-none-eabi/lib/thumb/v7-m/nofp/libc_nano.a(lib_a-rand.o)
                              ./Core/Src/main.o (srand)
/app/stm32cubeide/plugins/com.st.stm32cube.ide.mcu.externaltools.gnu-tools-for-stm32.10.3-2021.10.linux64_1.0.200.202301161003/tools/bin/../lib/gcc/arm-none-eabi/10.3.1/../../../../arm-none-eabi/lib/thumb/v7-m/nofp/libc_nano.a(lib_a-strlen.o)
                              ./Core/Src/main.o (strlen)
/app/stm32cubeide/plugins/com.st.stm32cube.ide.mcu.externaltools.gnu-tools-for-stm32.10.3-2021.10.linux64_1.0.200.202301161003/tools/bin/../lib/gcc/arm-none-eabi/10.3.1/../../../../arm-none-eabi/lib/thumb/v7-m/nofp/libc_nano.a(lib_a-assert.o)
                              /app/stm32cubeide/plugins/com.st.stm32cube.ide.mcu.externaltools.gnu-tools-for-stm32.10.3-2021.10.linux64_1.0.200.202301161003/tools/bin/../lib/gcc/arm-none-eabi/10.3.1/../../../../arm-none-eabi/lib/thumb/v7-m/nofp/libc_nano.a(lib_a-rand.o) (__assert_func)
/app/stm32cubeide/plugins/com.st.stm32cube.ide.mcu.externaltools.gnu-tools-for-stm32.10.3-2021.10.linux64_1.0.200.202301161003/tools/bin/../lib/gcc/arm-none-eabi/10.3.1/../../../../arm-none-eabi/lib/thumb/v7-m/nofp/libc_nano.a(lib_a-fprintf.o)
                              /app/stm32cubeide/plugins/com.st.stm32cube.ide.mcu.externaltools.gnu-tools-for-stm32.10.3-2021.10.linux64_1.0.200.202301161003/tools/bin/../lib/gcc/arm-none-eabi/10.3.1/../../../../arm-none-eabi/lib/thumb/v7-m/nofp/libc_nano.a(lib_a-assert.o) (fiprintf)
/app/stm32cubeide/plugins/com.st.stm32cube.ide.mcu.externaltools.gnu-tools-for-stm32.10.3-2021.10.linux64_1.0.200.202301161003/tools/bin/../lib/gcc/arm-none-eabi/10.3.1/../../../../arm-none-eabi/lib/thumb/v7-m/nofp/libc_nano.a(lib_a-malloc.o)
                              /app/stm32cubeide/plugins/com.st.stm32cube.ide.mcu.externaltools.gnu-tools-for-stm32.10.3-2021.10.linux64_1.0.200.202301161003/tools/bin/../lib/gcc/arm-none-eabi/10.3.1/../../../../arm-none-eabi/lib/thumb/v7-m/nofp/libc_nano.a(lib_a-rand.o) (malloc)
/app/stm32cubeide/plugins/com.st.stm32cube.ide.mcu.externaltools.gnu-tools-for-stm32.10.3-2021.10.linux64_1.0.200.202301161003/tools/bin/../lib/gcc/arm-none-eabi/10.3.1/../../../../arm-none-eabi/lib/thumb/v7-m/nofp/libc_nano.a(lib_a-nano-freer.o)
[...]
Memory Configuration

Name             Origin             Length             Attributes
RAM              0x0000000020000000 0x0000000000005000 xrw
FLASH            0x0000000008000000 0x0000000000020000 xr
*default*        0x0000000000000000 0xffffffffffffffff

Linker script and memory map

LOAD /app/stm32cubeide/plugins/com.st.stm32cube.ide.mcu.externaltools.gnu-tools-for-stm32.10.3-2021.10.linux64_1.0.200.202301161003/tools/bin/../lib/gcc/arm-none-eabi/10.3.1/thumb/v7-m/nofp/crti.o
LOAD /app/stm32cubeide/plugins/com.st.stm32cube.ide.mcu.externaltools.gnu-tools-for-stm32.10.3-2021.10.linux64_1.0.200.202301161003/tools/bin/../lib/gcc/arm-none-eabi/10.3.1/thumb/v7-m/nofp/crtbegin.o
LOAD /app/stm32cubeide/plugins/com.st.stm32cube.ide.mcu.externaltools.gnu-tools-for-stm32.10.3-2021.10.linux64_1.0.200.202301161003/tools/bin/../lib/gcc/arm-none-eabi/10.3.1/../../../../arm-none-eabi/lib/thumb/v7-m/nofp/crt0.o
LOAD ./Core/Src/ILI9341_GFX.o
LOAD ./Core/Src/fonts.o
LOAD ./Core/Src/main.o
LOAD ./Core/Src/stm32f1xx_hal_msp.o
LOAD ./Core/Src/stm32f1xx_it.o
LOAD ./Core/Src/syscalls.o
LOAD ./Core/Src/sysmem.o
LOAD ./Core/Src/system_stm32f1xx.o
LOAD ./Core/Startup/startup_stm32f103c8tx.o
LOAD ./Drivers/STM32F1xx_HAL_Driver/Src/stm32f1xx_hal.o
LOAD ./Drivers/STM32F1xx_HAL_Driver/Src/stm32f1xx_hal_cortex.o
LOAD ./Drivers/STM32F1xx_HAL_Driver/Src/stm32f1xx_hal_dma.o
LOAD ./Drivers/STM32F1xx_HAL_Driver/Src/stm32f1xx_hal_exti.o
LOAD ./Drivers/STM32F1xx_HAL_Driver/Src/stm32f1xx_hal_flash.o
LOAD ./Drivers/STM32F1xx_HAL_Driver/Src/stm32f1xx_hal_flash_ex.o
LOAD ./Drivers/STM32F1xx_HAL_Driver/Src/stm32f1xx_hal_gpio.o
LOAD ./Drivers/STM32F1xx_HAL_Driver/Src/stm32f1xx_hal_gpio_ex.o
LOAD ./Drivers/STM32F1xx_HAL_Driver/Src/stm32f1xx_hal_pwr.o
LOAD ./Drivers/STM32F1xx_HAL_Driver/Src/stm32f1xx_hal_rcc.o
LOAD ./Drivers/STM32F1xx_HAL_Driver/Src/stm32f1xx_hal_rcc_ex.o
LOAD ./Drivers/STM32F1xx_HAL_Driver/Src/stm32f1xx_hal_spi.o
LOAD ./Drivers/STM32F1xx_HAL_Driver/Src/stm32f1xx_hal_tim.o
LOAD ./Drivers/STM32F1xx_HAL_Driver/Src/stm32f1xx_hal_tim_ex.o
START GROUP
LOAD /app/stm32cubeide/plugins/com.st.stm32cube.ide.mcu.externaltools.gnu-tools-for-stm32.10.3-2021.10.linux64_1.0.200.202301161003/tools/bin/../lib/gcc/arm-none-eabi/10.3.1/../../../../arm-none-eabi/lib/thumb/v7-m/nofp/libc_nano.a
LOAD /app/stm32cubeide/plugins/com.st.stm32cube.ide.mcu.externaltools.gnu-tools-for-stm32.10.3-2021.10.linux64_1.0.200.202301161003/tools/bin/../lib/gcc/arm-none-eabi/10.3.1/../../../../arm-none-eabi/lib/thumb/v7-m/nofp/libm.a
END GROUP
START GROUP
LOAD /app/stm32cubeide/plugins/com.st.stm32cube.ide.mcu.externaltools.gnu-tools-for-stm32.10.3-2021.10.linux64_1.0.200.202301161003/tools/bin/../lib/gcc/arm-none-eabi/10.3.1/thumb/v7-m/nofp/libgcc.a
LOAD /app/stm32cubeide/plugins/com.st.stm32cube.ide.mcu.externaltools.gnu-tools-for-stm32.10.3-2021.10.linux64_1.0.200.202301161003/tools/bin/../lib/gcc/arm-none-eabi/10.3.1/../../../../arm-none-eabi/lib/thumb/v7-m/nofp/libc_nano.a
END GROUP
START GROUP
LOAD /app/stm32cubeide/plugins/com.st.stm32cube.ide.mcu.externaltools.gnu-tools-for-stm32.10.3-2021.10.linux64_1.0.200.202301161003/tools/bin/../lib/gcc/arm-none-eabi/10.3.1/thumb/v7-m/nofp/libgcc.a
LOAD /app/stm32cubeide/plugins/com.st.stm32cube.ide.mcu.externaltools.gnu-tools-for-stm32.10.3-2021.10.linux64_1.0.200.202301161003/tools/bin/../lib/gcc/arm-none-eabi/10.3.1/../../../../arm-none-eabi/lib/thumb/v7-m/nofp/libc_nano.a
LOAD /app/stm32cubeide/plugins/com.st.stm32cube.ide.mcu.externaltools.gnu-tools-for-stm32.10.3-2021.10.linux64_1.0.200.202301161003/tools/bin/../lib/gcc/arm-none-eabi/10.3.1/../../../../arm-none-eabi/lib/thumb/v7-m/nofp/libnosys.a
END GROUP
START GROUP
LOAD /app/stm32cubeide/plugins/com.st.stm32cube.ide.mcu.externaltools.gnu-tools-for-stm32.10.3-2021.10.linux64_1.0.200.202301161003/tools/bin/../lib/gcc/arm-none-eabi/10.3.1/thumb/v7-m/nofp/libgcc.a
LOAD /app/stm32cubeide/plugins/com.st.stm32cube.ide.mcu.externaltools.gnu-tools-for-stm32.10.3-2021.10.linux64_1.0.200.202301161003/tools/bin/../lib/gcc/arm-none-eabi/10.3.1/../../../../arm-none-eabi/lib/thumb/v7-m/nofp/libc_nano.a
LOAD /app/stm32cubeide/plugins/com.st.stm32cube.ide.mcu.externaltools.gnu-tools-for-stm32.10.3-2021.10.linux64_1.0.200.202301161003/tools/bin/../lib/gcc/arm-none-eabi/10.3.1/../../../../arm-none-eabi/lib/thumb/v7-m/nofp/libnosys.a
END GROUP
LOAD /app/stm32cubeide/plugins/com.st.stm32cube.ide.mcu.externaltools.gnu-tools-for-stm32.10.3-2021.10.linux64_1.0.200.202301161003/tools/bin/../lib/gcc/arm-none-eabi/10.3.1/thumb/v7-m/nofp/crtend.o
LOAD /app/stm32cubeide/plugins/com.st.stm32cube.ide.mcu.externaltools.gnu-tools-for-stm32.10.3-2021.10.linux64_1.0.200.202301161003/tools/bin/../lib/gcc/arm-none-eabi/10.3.1/thumb/v7-m/nofp/crtn.o
                0x0000000020005000                _estack = (ORIGIN (RAM) + LENGTH (RAM))
                0x0000000000000200                _Min_Heap_Size = 0x200
                0x0000000000000400                _Min_Stack_Size = 0x400

.isr_vector     0x0000000008000000      0x10c
                0x0000000008000000                . = ALIGN (0x4)
 *(.isr_vector)
 .isr_vector    0x0000000008000000      0x10c ./Core/Startup/startup_stm32f103c8tx.o
                0x0000000008000000                g_pfnVectors
                0x000000000800010c                . = ALIGN (0x4)

.text           0x000000000800010c     0x5298
                0x000000000800010c                . = ALIGN (0x4)
 *(.text)
 .text          0x000000000800010c       0x40 /app/stm32cubeide/plugins/com.st.stm32cube.ide.mcu.externaltools.gnu-tools-for-stm32.10.3-2021.10.linux64_1.0.200.202301161003/tools/bin/../lib/gcc/arm-none-eabi/10.3.1/thumb/v7-m/nofp/crtbegin.o
 .text          0x000000000800014c       0x10 /app/stm32cubeide/plugins/com.st.stm32cube.ide.mcu.externaltools.gnu-tools-for-stm32.10.3-2021.10.linux64_1.0.200.202301161003/tools/bin/../lib/gcc/arm-none-eabi/10.3.1/../../../../arm-none-eabi/lib/thumb/v7-m/nofp/libc_nano.a(lib_a-strlen.o)
                0x000000000800014c                strlen
 .text          0x000000000800015c      0x21c /app/stm32cubeide/plugins/com.st.stm32cube.ide.mcu.externaltools.gnu-tools-for-stm32.10.3-2021.10.linux64_1.0.200.202301161003/tools/bin/../lib/gcc/arm-none-eabi/10.3.1/thumb/v7-m/nofp/libgcc.a(_arm_addsubsf3.o)
                0x000000000800015c                __aeabi_frsub
                0x0000000008000164                __subsf3
                0x0000000008000164                __aeabi_fsub
                0x0000000008000168                __aeabi_fadd
                0x0000000008000168                __addsf3
                0x00000000080002c8                __aeabi_ui2f
                0x00000000080002c8                __floatunsisf
                0x00000000080002d0                __aeabi_i2f
                0x00000000080002d0                __floatsisf
                0x00000000080002ec                __floatundisf
                0x00000000080002ec                __aeabi_ul2f
                0x00000000080002fc                __floatdisf
                0x00000000080002fc                __aeabi_l2f
 .text          0x0000000008000378      0x2a0 /app/stm32cubeide/plugins/com.st.stm32cube.ide.mcu.externaltools.gnu-tools-for-stm32.10.3-2021.10.linux64_1.0.200.202301161003/tools/bin/../lib/gcc/arm-none-eabi/10.3.1/thumb/v7-m/nofp/libgcc.a(_arm_muldivsf3.o)
                0x0000000008000378                __mulsf3
                0x0000000008000378                __aeabi_fmul
                0x00000000080004e0                __divsf3
                0x00000000080004e0                __aeabi_fdiv
 .text          0x0000000008000618       0x4c /app/stm32cubeide/plugins/com.st.stm32cube.ide.mcu.externaltools.gnu-tools-for-stm32.10.3-2021.10.linux64_1.0.200.202301161003/tools/bin/../lib/gcc/arm-none-eabi/10.3.1/thumb/v7-m/nofp/libgcc.a(_arm_fixsfsi.o)
                0x0000000008000618                __fixsfsi
                0x0000000008000618                __aeabi_f2iz
 *(.text*)
 .text.ILI9341_Write_Command
                0x0000000008000664       0x60 ./Core/Src/ILI9341_GFX.o
                0x0000000008000664                ILI9341_Write_Command
 .text.ILI9341_Write_Data
                0x00000000080006c4       0x60 ./Core/Src/ILI9341_GFX.o
                0x00000000080006c4                ILI9341_Write_Data
 .text.ILI9341_Set_Address
                0x0000000008000724      0x1bc ./Core/Src/ILI9341_GFX.o
                0x0000000008000724                ILI9341_Set_Address
 .text.ILI9341_Reset
                0x00000000080008e0       0x38 ./Core/Src/ILI9341_GFX.o
                0x00000000080008e0                ILI9341_Reset
 .text.ILI9341_Set_Rotation
                0x0000000008000918       0xe0 ./Core/Src/ILI9341_GFX.o
                0x0000000008000918                ILI9341_Set_Rotation
 .text.ILI9341_Init
                0x00000000080009f8      0x220 ./Core/Src/ILI9341_GFX.o
                0x00000000080009f8                ILI9341_Init
 .text.ILI9341_Draw_Colour_Burst
                0x0000000008000c18       0x94 ./Core/Src/ILI9341_GFX.o
                0x0000000008000c18                ILI9341_Draw_Colour_Burst
 .text.ILI9341_Fill_Screen
                0x0000000008000cac       0x4c ./Core/Src/ILI9341_GFX.o
                0x0000000008000cac                ILI9341_Fill_Screen
 .text.ILI9341_Draw_Rectangle
                0x0000000008000cf8       0xb8 ./Core/Src/ILI9341_GFX.o
                0x0000000008000cf8                ILI9341_Draw_Rectangle
 .text.ILI9341_Draw_Filled_Rectangle_Coord
                0x0000000008000db0       0xbc ./Core/Src/ILI9341_GFX.o
                0x0000000008000db0                ILI9341_Draw_Filled_Rectangle_Coord
 .text.ILI9341_Draw_Image
                0x0000000008000e6c       0xb8 ./Core/Src/ILI9341_GFX.o
                0x0000000008000e6c                ILI9341_Draw_Image
 .text.DrawClippedFilledRectangle
                0x0000000008000f24       0x98 ./Core/Src/main.o
                0x0000000008000f24                DrawClippedFilledRectangle
 .text.EraseHead
                0x0000000008000fbc       0x58 ./Core/Src/main.o
                0x0000000008000fbc                EraseHead
 .text.EraseTail
                0x0000000008001014       0x58 ./Core/Src/main.o
                0x0000000008001014                EraseTail
 .text.GetWrappedDelta
                0x000000000800106c       0x40 ./Core/Src/main.o
                0x000000000800106c                GetWrappedDelta
 .text.InitializeSnowflakes
                0x00000000080010ac      0x548 ./Core/Src/main.o
                0x00000000080010ac                InitializeSnowflakes
 .text.DrawClippedFilledRectangleSnow
                0x00000000080015f4       0x98 ./Core/Src/main.o
                0x00000000080015f4                DrawClippedFilledRectangleSnow
 .text.UpdateAndDrawSnowflakes
                0x000000000800168c      0x3a4 ./Core/Src/main.o
                0x000000000800168c                UpdateAndDrawSnowflakes
 .text.main     0x0000000008001a30       0x58 ./Core/Src/main.o
                0x0000000008001a30                main
 .text.ShowStartScreen
                0x0000000008001a88      0x3b4 ./Core/Src/main.o
                0x0000000008001a88                ShowStartScreen
 .text.ShowGameOverScreen
                0x0000000008001e3c      0x19c ./Core/Src/main.o
                0x0000000008001e3c                ShowGameOverScreen
 .text.InitSnakeGame
                0x0000000008001fd8       0xfc ./Core/Src/main.o
                0x0000000008001fd8                InitSnakeGame
 .text.RunSnakeGame
                0x00000000080020d4      0x1f4 ./Core/Src/main.o
                0x00000000080020d4                RunSnakeGame
 .text.UpdateSnakePosition
                0x00000000080022c8      0x130 ./Core/Src/main.o
                0x00000000080022c8                UpdateSnakePosition
 .text.DrawSnake
                0x00000000080023f8      0x498 ./Core/Src/main.o
                0x00000000080023f8                DrawSnake
 .text.CheckCollision
                0x0000000008002890       0xac ./Core/Src/main.o
                0x0000000008002890                CheckCollision
 .text.GenerateFood
                0x000000000800293c       0xc8 ./Core/Src/main.o
                0x000000000800293c                GenerateFood
 .text.DrawFood
                0x0000000008002a04       0x34 ./Core/Src/main.o
                0x0000000008002a04                DrawFood
 .text.IsButtonPressed
                0x0000000008002a38       0x42 ./Core/Src/main.o
                0x0000000008002a38                IsButtonPressed
 .text.SystemClock_Config
                0x0000000008002a7a       0x8a ./Core/Src/main.o
                0x0000000008002a7a                SystemClock_Config
 .text.MX_SPI1_Init
                0x0000000008002b04       0x6c ./Core/Src/main.o
 .text.MX_DMA_Init
                0x0000000008002b70       0x3c ./Core/Src/main.o
 .text.MX_GPIO_Init
                0x0000000008002bac       0xd8 ./Core/Src/main.o
 .text.Error_Handler
                0x0000000008002c84       0x18 ./Core/Src/main.o
                0x0000000008002c84                Error_Handler
 .text.HAL_MspInit
                0x0000000008002c9c       0x64 ./Core/Src/stm32f1xx_hal_msp.o
                0x0000000008002c9c                HAL_MspInit
 .text.HAL_SPI_MspInit
                0x0000000008002d00       0xd0 ./Core/Src/stm32f1xx_hal_msp.o
                0x0000000008002d00                HAL_SPI_MspInit
 .text.NMI_Handler
                0x0000000008002dd0        0x6 ./Core/Src/stm32f1xx_it.o
                0x0000000008002dd0                NMI_Handler
 .text.HardFault_Handler
                0x0000000008002dd6        0x6 ./Core/Src/stm32f1xx_it.o
                0x0000000008002dd6                HardFault_Handler
 .text.MemManage_Handler
                0x0000000008002ddc        0x6 ./Core/Src/stm32f1xx_it.o
                0x0000000008002ddc                MemManage_Handler
 .text.BusFault_Handler
                0x0000000008002de2        0x6 ./Core/Src/stm32f1xx_it.o
                0x0000000008002de2                BusFault_Handler
 .text.UsageFault_Handler
                0x0000000008002de8        0x6 ./Core/Src/stm32f1xx_it.o
                0x0000000008002de8                UsageFault_Handler
 .text.SVC_Handler
                0x0000000008002dee        0xc ./Core/Src/stm32f1xx_it.o
                0x0000000008002dee                SVC_Handler
 .text.DebugMon_Handler
                0x0000000008002dfa        0xc ./Core/Src/stm32f1xx_it.o
                0x0000000008002dfa                DebugMon_Handler
 .text.PendSV_Handler
                0x0000000008002e06        0xc ./Core/Src/stm32f1xx_it.o
                0x0000000008002e06                PendSV_Handler
 .text.SysTick_Handler
                0x0000000008002e12        0xc ./Core/Src/stm32f1xx_it.o
                0x0000000008002e12                SysTick_Handler
 *fill*         0x0000000008002e1e        0x2 
 .text.DMA1_Channel3_IRQHandler
                0x0000000008002e20       0x14 ./Core/Src/stm32f1xx_it.o
                0x0000000008002e20                DMA1_Channel3_IRQHandler
 .text._getpid  0x0000000008002e34        0xe ./Core/Src/syscalls.o
                0x0000000008002e34                _getpid
 .text._kill    0x0000000008002e42       0x20 ./Core/Src/syscalls.o
                0x0000000008002e42                _kill
 .text._exit    0x0000000008002e62       0x14 ./Core/Src/syscalls.o
                0x0000000008002e62                _exit
 .text._read    0x0000000008002e76       0x3a ./Core/Src/syscalls.o
                0x0000000008002e76                _read
 .text._write   0x0000000008002eb0       0x38 ./Core/Src/syscalls.o
                0x0000000008002eb0                _write
 .text._close   0x0000000008002ee8       0x16 ./Core/Src/syscalls.o
                0x0000000008002ee8                _close
 .text._fstat   0x0000000008002efe       0x1e ./Core/Src/syscalls.o
                0x0000000008002efe                _fstat
 .text._isatty  0x0000000008002f1c       0x14 ./Core/Src/syscalls.o
                0x0000000008002f1c                _isatty
 .text._lseek   0x0000000008002f30       0x18 ./Core/Src/syscalls.o
                0x0000000008002f30                _lseek
 .text._sbrk    0x0000000008002f48       0x6c ./Core/Src/sysmem.o
                0x0000000008002f48                _sbrk
 .text.SystemInit
                0x0000000008002fb4        0xc ./Core/Src/system_stm32f1xx.o
                0x0000000008002fb4                SystemInit
 .text.Reset_Handler
                0x0000000008002fc0       0x48 ./Core/Startup/startup_stm32f103c8tx.o
                0x0000000008002fc0                Reset_Handler
 .text.Default_Handler
                0x0000000008003008        0x2 ./Core/Startup/startup_stm32f103c8tx.o
                0x0000000008003008                RTC_Alarm_IRQHandler
                0x0000000008003008                EXTI2_IRQHandler
                0x0000000008003008                TIM1_CC_IRQHandler
                0x0000000008003008                PVD_IRQHandler
                0x0000000008003008                EXTI3_IRQHandler
                0x0000000008003008                EXTI0_IRQHandler
                0x0000000008003008                I2C2_EV_IRQHandler
                0x0000000008003008                ADC1_2_IRQHandler
                0x0000000008003008                SPI1_IRQHandler
                0x0000000008003008                TAMPER_IRQHandler
                0x0000000008003008                DMA1_Channel4_IRQHandler
                0x0000000008003008                USART3_IRQHandler
                0x0000000008003008                RTC_IRQHandler
                0x0000000008003008                DMA1_Channel7_IRQHandler
                0x0000000008003008                CAN1_RX1_IRQHandler
                0x0000000008003008                TIM4_IRQHandler
                0x0000000008003008                I2C1_EV_IRQHandler
                0x0000000008003008                DMA1_Channel6_IRQHandler
                0x0000000008003008                TIM3_IRQHandler
                0x0000000008003008                RCC_IRQHandler
                0x0000000008003008                TIM1_TRG_COM_IRQHandler
                0x0000000008003008                DMA1_Channel1_IRQHandler
                0x0000000008003008                Default_Handler
                0x0000000008003008                EXTI15_10_IRQHandler
                0x0000000008003008                EXTI9_5_IRQHandler
                0x0000000008003008                SPI2_IRQHandler
                0x0000000008003008                DMA1_Channel5_IRQHandler
                0x0000000008003008                EXTI4_IRQHandler
                0x0000000008003008                USB_LP_CAN1_RX0_IRQHandler
                0x0000000008003008                USB_HP_CAN1_TX_IRQHandler
                0x0000000008003008                TIM1_UP_IRQHandler
                0x0000000008003008                WWDG_IRQHandler
                0x0000000008003008                TIM2_IRQHandler
                0x0000000008003008                TIM1_BRK_IRQHandler
                0x0000000008003008                EXTI1_IRQHandler
                0x0000000008003008                USART2_IRQHandler
                0x0000000008003008                I2C2_ER_IRQHandler
                0x0000000008003008                DMA1_Channel2_IRQHandler
                0x0000000008003008                CAN1_SCE_IRQHandler
                0x0000000008003008                FLASH_IRQHandler
                0x0000000008003008                USART1_IRQHandler
                0x0000000008003008                I2C1_ER_IRQHandler
                0x0000000008003008                USBWakeUp_IRQHandler
 *fill*         0x000000000800300a        0x2 
 .text.HAL_Init
                0x000000000800300c       0x2c ./Drivers/STM32F1xx_HAL_Driver/Src/stm32f1xx_hal.o
                0x000000000800300c                HAL_Init
 .text.HAL_InitTick
                0x0000000008003038       0x60 ./Drivers/STM32F1xx_HAL_Driver/Src/stm32f1xx_hal.o
                0x0000000008003038                HAL_InitTick
 .text.HAL_IncTick
                0x0000000008003098       0x24 ./Drivers/STM32F1xx_HAL_Driver/Src/stm32f1xx_hal.o
                0x0000000008003098                HAL_IncTick
 .text.HAL_GetTick
                0x00000000080030bc       0x14 ./Drivers/STM32F1xx_HAL_Driver/Src/stm32f1xx_hal.o
                0x00000000080030bc                HAL_GetTick
 .text.HAL_Delay
                0x00000000080030d0       0x48 ./Drivers/STM32F1xx_HAL_Driver/Src/stm32f1xx_hal.o
                0x00000000080030d0                HAL_Delay
 .text.__NVIC_SetPriorityGrouping
                0x0000000008003118       0x48 ./Drivers/STM32F1xx_HAL_Driver/Src/stm32f1xx_hal_cortex.o
 .text.__NVIC_GetPriorityGrouping
                0x0000000008003160       0x1c ./Drivers/STM32F1xx_HAL_Driver/Src/stm32f1xx_hal_cortex.o
 .text.__NVIC_EnableIRQ
                0x000000000800317c       0x38 ./Drivers/STM32F1xx_HAL_Driver/Src/stm32f1xx_hal_cortex.o
 .text.__NVIC_SetPriority
                0x00000000080031b4       0x54 ./Drivers/STM32F1xx_HAL_Driver/Src/stm32f1xx_hal_cortex.o
 .text.NVIC_EncodePriority
                0x0000000008003208       0x64 ./Drivers/STM32F1xx_HAL_Driver/Src/stm32f1xx_hal_cortex.o
 .text.SysTick_Config
                0x000000000800326c       0x44 ./Drivers/STM32F1xx_HAL_Driver/Src/stm32f1xx_hal_cortex.o
 .text.HAL_NVIC_SetPriorityGrouping
                0x00000000080032b0       0x16 ./Drivers/STM32F1xx_HAL_Driver/Src/stm32f1xx_hal_cortex.o
                0x00000000080032b0                HAL_NVIC_SetPriorityGrouping
 .text.HAL_NVIC_SetPriority
                0x00000000080032c6       0x38 ./Drivers/STM32F1xx_HAL_Driver/Src/stm32f1xx_hal_cortex.o
                0x00000000080032c6                HAL_NVIC_SetPriority
 .text.HAL_NVIC_EnableIRQ
                0x00000000080032fe       0x1c ./Drivers/STM32F1xx_HAL_Driver/Src/stm32f1xx_hal_cortex.o
                0x00000000080032fe                HAL_NVIC_EnableIRQ
 .text.HAL_SYSTICK_Config
                0x000000000800331a       0x18 ./Drivers/STM32F1xx_HAL_Driver/Src/stm32f1xx_hal_cortex.o
                0x000000000800331a                HAL_SYSTICK_Config
 *fill*         0x0000000008003332        0x2 
 .text.HAL_DMA_Init
                0x0000000008003334       0xb4 ./Drivers/STM32F1xx_HAL_Driver/Src/stm32f1xx_hal_dma.o
                0x0000000008003334                HAL_DMA_Init
 .text.HAL_DMA_IRQHandler
                0x00000000080033e8      0x20c ./Drivers/STM32F1xx_HAL_Driver/Src/stm32f1xx_hal_dma.o
                0x00000000080033e8                HAL_DMA_IRQHandler
 .text.HAL_GPIO_Init
                0x00000000080035f4      0x308 ./Drivers/STM32F1xx_HAL_Driver/Src/stm32f1xx_hal_gpio.o
                0x00000000080035f4                HAL_GPIO_Init
 .text.HAL_GPIO_ReadPin
                0x00000000080038fc       0x2e ./Drivers/STM32F1xx_HAL_Driver/Src/stm32f1xx_hal_gpio.o
                0x00000000080038fc                HAL_GPIO_ReadPin
 .text.HAL_GPIO_WritePin
                0x000000000800392a       0x30 ./Drivers/STM32F1xx_HAL_Driver/Src/stm32f1xx_hal_gpio.o
                0x000000000800392a                HAL_GPIO_WritePin
 .text.HAL_GPIO_TogglePin
                0x000000000800395a       0x32 ./Drivers/STM32F1xx_HAL_Driver/Src/stm32f1xx_hal_gpio.o
                0x000000000800395a                HAL_GPIO_TogglePin
 .text.HAL_RCC_OscConfig
                0x000000000800398c      0x504 ./Drivers/STM32F1xx_HAL_Driver/Src/stm32f1xx_hal_rcc.o
                0x000000000800398c                HAL_RCC_OscConfig
 .text.HAL_RCC_ClockConfig
                0x0000000008003e90      0x1d4 ./Drivers/STM32F1xx_HAL_Driver/Src/stm32f1xx_hal_rcc.o
                0x0000000008003e90                HAL_RCC_ClockConfig
 .text.HAL_RCC_GetSysClockFreq
                0x0000000008004064       0xa8 ./Drivers/STM32F1xx_HAL_Driver/Src/stm32f1xx_hal_rcc.o
                0x0000000008004064                HAL_RCC_GetSysClockFreq
 .text.RCC_Delay
                0x000000000800410c       0x3c ./Drivers/STM32F1xx_HAL_Driver/Src/stm32f1xx_hal_rcc.o
 .text.HAL_SPI_Init
                0x0000000008004148      0x108 ./Drivers/STM32F1xx_HAL_Driver/Src/stm32f1xx_hal_spi.o
                0x0000000008004148                HAL_SPI_Init
 .text.__errno  0x0000000008004250        0xc /app/stm32cubeide/plugins/com.st.stm32cube.ide.mcu.externaltools.gnu-tools-for-stm32.10.3-2021.10.linux64_1.0.200.202301161003/tools/bin/../lib/gcc/arm-none-eabi/10.3.1/../../../../arm-none-eabi/lib/thumb/v7-m/nofp/libc_nano.a(lib_a-errno.o)
                0x0000000008004250                __errno
 .text.__libc_init_array
                0x000000000800425c       0x48 /app/stm32cubeide/plugins/com.st.stm32cube.ide.mcu.externaltools.gnu-tools-for-stm32.10.3-2021.10.linux64_1.0.200.202301161003/tools/bin/../lib/gcc/arm-none-eabi/10.3.1/../../../../arm-none-eabi/lib/thumb/v7-m/nofp/libc_nano.a(lib_a-init.o)
                0x000000000800425c                __libc_init_array
 .text.memset   0x00000000080042a4       0x10 /app/stm32cubeide/plugins/com.st.stm32cube.ide.mcu.externaltools.gnu-tools-for-stm32.10.3-2021.10.linux64_1.0.200.202301161003/tools/bin/../lib/gcc/arm-none-eabi/10.3.1/../../../../arm-none-eabi/lib/thumb/v7-m/nofp/libc_nano.a(lib_a-memset.o)
                0x00000000080042a4                memset
 .text.srand    0x00000000080042b4       0x5c /app/stm32cubeide/plugins/com.st.stm32cube.ide.mcu.externaltools.gnu-tools-for-stm32.10.3-2021.10.linux64_1.0.200.202301161003/tools/bin/../lib/gcc/arm-none-eabi/10.3.1/../../../../arm-none-eabi/lib/thumb/v7-m/nofp/libc_nano.a(lib_a-rand.o)
                0x00000000080042b4                srand
 .text.rand     0x0000000008004310       0x7c /app/stm32cubeide/plugins/com.st.stm32cube.ide.mcu.externaltools.gnu-tools-for-stm32.10.3-2021.10.linux64_1.0.200.202301161003/tools/bin/../lib/gcc/arm-none-eabi/10.3.1/../../../../arm-none-eabi/lib/thumb/v7-m/nofp/libc_nano.a(lib_a-rand.o)
                0x0000000008004310                rand
 .text.__assert_func
                0x000000000800438c       0x3c /app/stm32cubeide/plugins/com.st.stm32cube.ide.mcu.externaltools.gnu-tools-for-stm32.10.3-2021.10.linux64_1.0.200.202301161003/tools/bin/../lib/gcc/arm-none-eabi/10.3.1/../../../../arm-none-eabi/lib/thumb/v7-m/nofp/libc_nano.a(lib_a-assert.o)
                0x000000000800438c                __assert_func
 .text.fprintf  0x00000000080043c8       0x24 /app/stm32cubeide/plugins/com.st.stm32cube.ide.mcu.externaltools.gnu-tools-for-stm32.10.3-2021.10.linux64_1.0.200.202301161003/tools/bin/../lib/gcc/arm-none-eabi/10.3.1/../../../../arm-none-eabi/lib/thumb/v7-m/nofp/libc_nano.a(lib_a-fprintf.o)
                0x00000000080043c8                fprintf
                0x00000000080043c8                fiprintf
 .text.malloc   0x00000000080043ec       0x10 /app/stm32cubeide/plugins/com.st.stm32cube.ide.mcu.externaltools.gnu-tools-for-stm32.10.3-2021.10.linux64_1.0.200.202301161003/tools/bin/../lib/gcc/arm-none-eabi/10.3.1/../../../../arm-none-eabi/lib/thumb/v7-m/nofp/libc_nano.a(lib_a-malloc.o)
                0x00000000080043ec                malloc
 .text._free_r  0x00000000080043fc       0x90 /app/stm32cubeide/plugins/com.st.stm32cube.ide.mcu.externaltools.gnu-tools-for-stm32.10.3-2021.10.linux64_1.0.200.202301161003/tools/bin/../lib/gcc/arm-none-eabi/10.3.1/../../../../arm-none-eabi/lib/thumb/v7-m/nofp/libc_nano.a(lib_a-nano-freer.o)
                0x00000000080043fc                _free_r
 .text.sbrk_aligned
                0x000000000800448c       0x40 /app/stm32cubeide/plugins/com.st.stm32cube.ide.mcu.externaltools.gnu-tools-for-stm32.10.3-2021.10.linux64_1.0.200.202301161003/tools/bin/../lib/gcc/arm-none-eabi/10.3.1/../../../../arm-none-eabi/lib/thumb/v7-m/nofp/libc_nano.a(lib_a-nano-mallocr.o)
 .text._malloc_r
                0x00000000080044cc       0xe8 /app/stm32cubeide/plugins/com.st.stm32cube.ide.mcu.externaltools.gnu-tools-for-stm32.10.3-2021.10.linux64_1.0.200.202301161003/tools/bin/../lib/gcc/arm-none-eabi/10.3.1/../../../../arm-none-eabi/lib/thumb/v7-m/nofp/libc_nano.a(lib_a-nano-mallocr.o)
                0x00000000080044cc                _malloc_r
 .text.__sfputc_r
                0x00000000080045b4       0x2a /app/stm32cubeide/plugins/com.st.stm32cube.ide.mcu.externaltools.gnu-tools-for-stm32.10.3-2021.10.linux64_1.0.200.202301161003/tools/bin/../lib/gcc/arm-none-eabi/10.3.1/../../../../arm-none-eabi/lib/thumb/v7-m/nofp/libc_nano.a(lib_a-nano-vfprintf.o)
 .text.__sfputs_r
                0x00000000080045de       0x24 /app/stm32cubeide/plugins/com.st.stm32cube.ide.mcu.externaltools.gnu-tools-for-stm32.10.3-2021.10.linux64_1.0.200.202301161003/tools/bin/../lib/gcc/arm-none-eabi/10.3.1/../../../../arm-none-eabi/lib/thumb/v7-m/nofp/libc_nano.a(lib_a-nano-vfprintf.o)
                0x00000000080045de                __sfputs_r
 *fill*         0x0000000008004602        0x2 
 .text._vfprintf_r
                0x0000000008004604      0x260 /app/stm32cubeide/plugins/com.st.stm32cube.ide.mcu.externaltools.gnu-tools-for-stm32.10.3-2021.10.linux64_1.0.200.202301161003/tools/bin/../lib/gcc/arm-none-eabi/10.3.1/../../../../arm-none-eabi/lib/thumb/v7-m/nofp/libc_nano.a(lib_a-nano-vfprintf.o)
                0x0000000008004604                _vfiprintf_r
                0x0000000008004604                _vfprintf_r
 .text._printf_common
                0x0000000008004864       0xde /app/stm32cubeide/plugins/com.st.stm32cube.ide.mcu.externaltools.gnu-tools-for-stm32.10.3-2021.10.linux64_1.0.200.202301161003/tools/bin/../lib/gcc/arm-none-eabi/10.3.1/../../../../arm-none-eabi/lib/thumb/v7-m/nofp/libc_nano.a(lib_a-nano-vfprintf_i.o)
                0x0000000008004864                _printf_common
 *fill*         0x0000000008004942        0x2 
 .text._printf_i
                0x0000000008004944      0x24c /app/stm32cubeide/plugins/com.st.stm32cube.ide.mcu.externaltools.gnu-tools-for-stm32.10.3-2021.10.linux64_1.0.200.202301161003/tools/bin/../lib/gcc/arm-none-eabi/10.3.1/../../../../arm-none-eabi/lib/thumb/v7-m/nofp/libc_nano.a(lib_a-nano-vfprintf_i.o)
                0x0000000008004944                _printf_i
 .text._sbrk_r  0x0000000008004b90       0x20 /app/stm32cubeide/plugins/com.st.stm32cube.ide.mcu.externaltools.gnu-tools-for-stm32.10.3-2021.10.linux64_1.0.200.202301161003/tools/bin/../lib/gcc/arm-none-eabi/10.3.1/../../../../arm-none-eabi/lib/thumb/v7-m/nofp/libc_nano.a(lib_a-sbrkr.o)
                0x0000000008004b90                _sbrk_r
 .text.__swbuf_r
                0x0000000008004bb0       0xa4 /app/stm32cubeide/plugins/com.st.stm32cube.ide.mcu.externaltools.gnu-tools-for-stm32.10.3-2021.10.linux64_1.0.200.202301161003/tools/bin/../lib/gcc/arm-none-eabi/10.3.1/../../../../arm-none-eabi/lib/thumb/v7-m/nofp/libc_nano.a(lib_a-wbuf.o)
                0x0000000008004bb0                __swbuf_r
 .text.__swsetup_r
                0x0000000008004c54       0xdc /app/stm32cubeide/plugins/com.st.stm32cube.ide.mcu.externaltools.gnu-tools-for-stm32.10.3-2021.10.linux64_1.0.200.202301161003/tools/bin/../lib/gcc/arm-none-eabi/10.3.1/../../../../arm-none-eabi/lib/thumb/v7-m/nofp/libc_nano.a(lib_a-wsetup.o)
                0x0000000008004c54                __swsetup_r
 .text.abort    0x0000000008004d30        0xe /app/stm32cubeide/plugins/com.st.stm32cube.ide.mcu.externaltools.gnu-tools-for-stm32.10.3-2021.10.linux64_1.0.200.202301161003/tools/bin/../lib/gcc/arm-none-eabi/10.3.1/../../../../arm-none-eabi/lib/thumb/v7-m/nofp/libc_nano.a(lib_a-abort.o)
                0x0000000008004d30                abort
 *fill*         0x0000000008004d3e        0x2 
 .text.__sflush_r
                0x0000000008004d40      0x104 /app/stm32cubeide/plugins/com.st.stm32cube.ide.mcu.externaltools.gnu-tools-for-stm32.10.3-2021.10.linux64_1.0.200.202301161003/tools/bin/../lib/gcc/arm-none-eabi/10.3.1/../../../../arm-none-eabi/lib/thumb/v7-m/nofp/libc_nano.a(lib_a-fflush.o)
                0x0000000008004d40                __sflush_r
 .text._fflush_r
                0x0000000008004e44       0x78 /app/stm32cubeide/plugins/com.st.stm32cube.ide.mcu.externaltools.gnu-tools-for-stm32.10.3-2021.10.linux64_1.0.200.202301161003/tools/bin/../lib/gcc/arm-none-eabi/10.3.1/../../../../arm-none-eabi/lib/thumb/v7-m/nofp/libc_nano.a(lib_a-fflush.o)
                0x0000000008004e44                _fflush_r
 .text.std      0x0000000008004ebc       0x48 /app/stm32cubeide/plugins/com.st.stm32cube.ide.mcu.externaltools.gnu-tools-for-stm32.10.3-2021.10.linux64_1.0.200.202301161003/tools/bin/../lib/gcc/arm-none-eabi/10.3.1/../../../../arm-none-eabi/lib/thumb/v7-m/nofp/libc_nano.a(lib_a-findfp.o)
 .text._cleanup_r
                0x0000000008004f04        0xc /app/stm32cubeide/plugins/com.st.stm32cube.ide.mcu.externaltools.gnu-tools-for-stm32.10.3-2021.10.linux64_1.0.200.202301161003/tools/bin/../lib/gcc/arm-none-eabi/10.3.1/../../../../arm-none-eabi/lib/thumb/v7-m/nofp/libc_nano.a(lib_a-findfp.o)
                0x0000000008004f04                _cleanup_r
 .text.__sfmoreglue
                0x0000000008004f10       0x2c /app/stm32cubeide/plugins/com.st.stm32cube.ide.mcu.externaltools.gnu-tools-for-stm32.10.3-2021.10.linux64_1.0.200.202301161003/tools/bin/../lib/gcc/arm-none-eabi/10.3.1/../../../../arm-none-eabi/lib/thumb/v7-m/nofp/libc_nano.a(lib_a-findfp.o)
                0x0000000008004f10                __sfmoreglue
 .text.__sfp_lock_acquire
                0x0000000008004f3c        0xc /app/stm32cubeide/plugins/com.st.stm32cube.ide.mcu.externaltools.gnu-tools-for-stm32.10.3-2021.10.linux64_1.0.200.202301161003/tools/bin/../lib/gcc/arm-none-eabi/10.3.1/../../../../arm-none-eabi/lib/thumb/v7-m/nofp/libc_nano.a(lib_a-findfp.o)
                0x0000000008004f3c                __sfp_lock_acquire
 .text.__sfp_lock_release
                0x0000000008004f48        0xc /app/stm32cubeide/plugins/com.st.stm32cube.ide.mcu.externaltools.gnu-tools-for-stm32.10.3-2021.10.linux64_1.0.200.202301161003/tools/bin/../lib/gcc/arm-none-eabi/10.3.1/../../../../arm-none-eabi/lib/thumb/v7-m/nofp/libc_nano.a(lib_a-findfp.o)
                0x0000000008004f48                __sfp_lock_release
 .text.__sinit_lock_acquire
                0x0000000008004f54        0xc /app/stm32cubeide/plugins/com.st.stm32cube.ide.mcu.externaltools.gnu-tools-for-stm32.10.3-2021.10.linux64_1.0.200.202301161003/tools/bin/../lib/gcc/arm-none-eabi/10.3.1/../../../../arm-none-eabi/lib/thumb/v7-m/nofp/libc_nano.a(lib_a-findfp.o)
                0x0000000008004f54                __sinit_lock_acquire
 .text.__sinit_lock_release
                0x0000000008004f60        0xc /app/stm32cubeide/plugins/com.st.stm32cube.ide.mcu.externaltools.gnu-tools-for-stm32.10.3-2021.10.linux64_1.0.200.202301161003/tools/bin/../lib/gcc/arm-none-eabi/10.3.1/../../../../arm-none-eabi/lib/thumb/v7-m/nofp/libc_nano.a(lib_a-findfp.o)
                0x0000000008004f60                __sinit_lock_release
 .text.__sinit  0x0000000008004f6c       0x70 /app/stm32cubeide/plugins/com.st.stm32cube.ide.mcu.externaltools.gnu-tools-for-stm32.10.3-2021.10.linux64_1.0.200.202301161003/tools/bin/../lib/gcc/arm-none-eabi/10.3.1/../../../../arm-none-eabi/lib/thumb/v7-m/nofp/libc_nano.a(lib_a-findfp.o)
                0x0000000008004f6c                __sinit
 .text.__sfp    0x0000000008004fdc       0x8c /app/stm32cubeide/plugins/com.st.stm32cube.ide.mcu.externaltools.gnu-tools-for-stm32.10.3-2021.10.linux64_1.0.200.202301161003/tools/bin/../lib/gcc/arm-none-eabi/10.3.1/../../../../arm-none-eabi/lib/thumb/v7-m/nofp/libc_nano.a(lib_a-findfp.o)
                0x0000000008004fdc                __sfp
 .text._fwalk_reent
                0x0000000008005068       0x3e /app/stm32cubeide/plugins/com.st.stm32cube.ide.mcu.externaltools.gnu-tools-for-stm32.10.3-2021.10.linux64_1.0.200.202301161003/tools/bin/../lib/gcc/arm-none-eabi/10.3.1/../../../../arm-none-eabi/lib/thumb/v7-m/nofp/libc_nano.a(lib_a-fwalk.o)
                0x0000000008005068                _fwalk_reent
 .text.__retarget_lock_init_recursive
                0x00000000080050a6        0x2 /app/stm32cubeide/plugins/com.st.stm32cube.ide.mcu.externaltools.gnu-tools-for-stm32.10.3-2021.10.linux64_1.0.200.202301161003/tools/bin/../lib/gcc/arm-none-eabi/10.3.1/../../../../arm-none-eabi/lib/thumb/v7-m/nofp/libc_nano.a(lib_a-lock.o)
                0x00000000080050a6                __retarget_lock_init_recursive
 .text.__retarget_lock_acquire_recursive
                0x00000000080050a8        0x2 /app/stm32cubeide/plugins/com.st.stm32cube.ide.mcu.externaltools.gnu-tools-for-stm32.10.3-2021.10.linux64_1.0.200.202301161003/tools/bin/../lib/gcc/arm-none-eabi/10.3.1/../../../../arm-none-eabi/lib/thumb/v7-m/nofp/libc_nano.a(lib_a-lock.o)
                0x00000000080050a8                __retarget_lock_acquire_recursive
 .text.__retarget_lock_release_recursive
                0x00000000080050aa        0x2 /app/stm32cubeide/plugins/com.st.stm32cube.ide.mcu.externaltools.gnu-tools-for-stm32.10.3-2021.10.linux64_1.0.200.202301161003/tools/bin/../lib/gcc/arm-none-eabi/10.3.1/../../../../arm-none-eabi/lib/thumb/v7-m/nofp/libc_nano.a(lib_a-lock.o)
                0x00000000080050aa                __retarget_lock_release_recursive
 .text.__swhatbuf_r
                0x00000000080050ac       0x4a /app/stm32cubeide/plugins/com.st.stm32cube.ide.mcu.externaltools.gnu-tools-for-stm32.10.3-2021.10.linux64_1.0.200.202301161003/tools/bin/../lib/gcc/arm-none-eabi/10.3.1/../../../../arm-none-eabi/lib/thumb/v7-m/nofp/libc_nano.a(lib_a-makebuf.o)
                0x00000000080050ac                __swhatbuf_r
 *fill*         0x00000000080050f6        0x2 
 .text.__smakebuf_r
                0x00000000080050f8       0x80 /app/stm32cubeide/plugins/com.st.stm32cube.ide.mcu.externaltools.gnu-tools-for-stm32.10.3-2021.10.linux64_1.0.200.202301161003/tools/bin/../lib/gcc/arm-none-eabi/10.3.1/../../../../arm-none-eabi/lib/thumb/v7-m/nofp/libc_nano.a(lib_a-makebuf.o)
                0x00000000080050f8                __smakebuf_r
 .text.memchr   0x0000000008005178       0x1c /app/stm32cubeide/plugins/com.st.stm32cube.ide.mcu.externaltools.gnu-tools-for-stm32.10.3-2021.10.linux64_1.0.200.202301161003/tools/bin/../lib/gcc/arm-none-eabi/10.3.1/../../../../arm-none-eabi/lib/thumb/v7-m/nofp/libc_nano.a(lib_a-memchr-stub.o)
                0x0000000008005178                memchr
 .text.__malloc_lock
                0x0000000008005194        0xc /app/stm32cubeide/plugins/com.st.stm32cube.ide.mcu.externaltools.gnu-tools-for-stm32.10.3-2021.10.linux64_1.0.200.202301161003/tools/bin/../lib/gcc/arm-none-eabi/10.3.1/../../../../arm-none-eabi/lib/thumb/v7-m/nofp/libc_nano.a(lib_a-mlock.o)
                0x0000000008005194                __malloc_lock
 .text.__malloc_unlock
                0x00000000080051a0        0xc /app/stm32cubeide/plugins/com.st.stm32cube.ide.mcu.externaltools.gnu-tools-for-stm32.10.3-2021.10.linux64_1.0.200.202301161003/tools/bin/../lib/gcc/arm-none-eabi/10.3.1/../../../../arm-none-eabi/lib/thumb/v7-m/nofp/libc_nano.a(lib_a-mlock.o)
                0x00000000080051a0                __malloc_unlock
 .text._raise_r
                0x00000000080051ac       0x50 /app/stm32cubeide/plugins/com.st.stm32cube.ide.mcu.externaltools.gnu-tools-for-stm32.10.3-2021.10.linux64_1.0.200.202301161003/tools/bin/../lib/gcc/arm-none-eabi/10.3.1/../../../../arm-none-eabi/lib/thumb/v7-m/nofp/libc_nano.a(lib_a-signal.o)
                0x00000000080051ac                _raise_r
 .text.raise    0x00000000080051fc       0x10 /app/stm32cubeide/plugins/com.st.stm32cube.ide.mcu.externaltools.gnu-tools-for-stm32.10.3-2021.10.linux64_1.0.200.202301161003/tools/bin/../lib/gcc/arm-none-eabi/10.3.1/../../../../arm-none-eabi/lib/thumb/v7-m/nofp/libc_nano.a(lib_a-signal.o)
                0x00000000080051fc                raise
 .text._kill_r  0x000000000800520c       0x24 /app/stm32cubeide/plugins/com.st.stm32cube.ide.mcu.externaltools.gnu-tools-for-stm32.10.3-2021.10.linux64_1.0.200.202301161003/tools/bin/../lib/gcc/arm-none-eabi/10.3.1/../../../../arm-none-eabi/lib/thumb/v7-m/nofp/libc_nano.a(lib_a-signalr.o)
                0x000000000800520c                _kill_r
 .text._getpid_r
                0x0000000008005230        0x4 /app/stm32cubeide/plugins/com.st.stm32cube.ide.mcu.externaltools.gnu-tools-for-stm32.10.3-2021.10.linux64_1.0.200.202301161003/tools/bin/../lib/gcc/arm-none-eabi/10.3.1/../../../../arm-none-eabi/lib/thumb/v7-m/nofp/libc_nano.a(lib_a-signalr.o)
                0x0000000008005230                _getpid_r
 .text.__sread  0x0000000008005234       0x22 /app/stm32cubeide/plugins/com.st.stm32cube.ide.mcu.externaltools.gnu-tools-for-stm32.10.3-2021.10.linux64_1.0.200.202301161003/tools/bin/../lib/gcc/arm-none-eabi/10.3.1/../../../../arm-none-eabi/lib/thumb/v7-m/nofp/libc_nano.a(lib_a-stdio.o)
                0x0000000008005234                __sread
 .text.__swrite
                0x0000000008005256       0x38 /app/stm32cubeide/plugins/com.st.stm32cube.ide.mcu.externaltools.gnu-tools-for-stm32.10.3-2021.10.linux64_1.0.200.202301161003/tools/bin/../lib/gcc/arm-none-eabi/10.3.1/../../../../arm-none-eabi/lib/thumb/v7-m/nofp/libc_nano.a(lib_a-stdio.o)
                0x0000000008005256                __swrite
 .text.__sseek  0x000000000800528e       0x24 /app/stm32cubeide/plugins/com.st.stm32cube.ide.mcu.externaltools.gnu-tools-for-stm32.10.3-2021.10.linux64_1.0.200.202301161003/tools/bin/../lib/gcc/arm-none-eabi/10.3.1/../../../../arm-none-eabi/lib/thumb/v7-m/nofp/libc_nano.a(lib_a-stdio.o)
                0x000000000800528e                __sseek
 .text.__sclose
                0x00000000080052b2        0x8 /app/stm32cubeide/plugins/com.st.stm32cube.ide.mcu.externaltools.gnu-tools-for-stm32.10.3-2021.10.linux64_1.0.200.202301161003/tools/bin/../lib/gcc/arm-none-eabi/10.3.1/../../../../arm-none-eabi/lib/thumb/v7-m/nofp/libc_nano.a(lib_a-stdio.o)
                0x00000000080052b2                __sclose
 *fill*         0x00000000080052ba        0x2 
 .text._write_r
                0x00000000080052bc       0x24 /app/stm32cubeide/plugins/com.st.stm32cube.ide.mcu.externaltools.gnu-tools-for-stm32.10.3-2021.10.linux64_1.0.200.202301161003/tools/bin/../lib/gcc/arm-none-eabi/10.3.1/../../../../arm-none-eabi/lib/thumb/v7-m/nofp/libc_nano.a(lib_a-writer.o)
                0x00000000080052bc                _write_r
 .text._close_r
                0x00000000080052e0       0x20 /app/stm32cubeide/plugins/com.st.stm32cube.ide.mcu.externaltools.gnu-tools-for-stm32.10.3-2021.10.linux64_1.0.200.202301161003/tools/bin/../lib/gcc/arm-none-eabi/10.3.1/../../../../arm-none-eabi/lib/thumb/v7-m/nofp/libc_nano.a(lib_a-closer.o)
                0x00000000080052e0                _close_r
 .text._fstat_r
                0x0000000008005300       0x24 /app/stm32cubeide/plugins/com.st.stm32cube.ide.mcu.externaltools.gnu-tools-for-stm32.10.3-2021.10.linux64_1.0.200.202301161003/tools/bin/../lib/gcc/arm-none-eabi/10.3.1/../../../../arm-none-eabi/lib/thumb/v7-m/nofp/libc_nano.a(lib_a-fstatr.o)
                0x0000000008005300                _fstat_r
 .text._isatty_r
                0x0000000008005324       0x20 /app/stm32cubeide/plugins/com.st.stm32cube.ide.mcu.externaltools.gnu-tools-for-stm32.10.3-2021.10.linux64_1.0.200.202301161003/tools/bin/../lib/gcc/arm-none-eabi/10.3.1/../../../../arm-none-eabi/lib/thumb/v7-m/nofp/libc_nano.a(lib_a-isattyr.o)
                0x0000000008005324                _isatty_r
 .text._lseek_r
                0x0000000008005344       0x24 /app/stm32cubeide/plugins/com.st.stm32cube.ide.mcu.externaltools.gnu-tools-for-stm32.10.3-2021.10.linux64_1.0.200.202301161003/tools/bin/../lib/gcc/arm-none-eabi/10.3.1/../../../../arm-none-eabi/lib/thumb/v7-m/nofp/libc_nano.a(lib_a-lseekr.o)
                0x0000000008005344                _lseek_r
 .text._read_r  0x0000000008005368       0x24 /app/stm32cubeide/plugins/com.st.stm32cube.ide.mcu.externaltools.gnu-tools-for-stm32.10.3-2021.10.linux64_1.0.200.202301161003/tools/bin/../lib/gcc/arm-none-eabi/10.3.1/../../../../arm-none-eabi/lib/thumb/v7-m/nofp/libc_nano.a(lib_a-readr.o)
                0x0000000008005368                _read_r
 *(.glue_7)
 .glue_7        0x000000000800538c        0x0 linker stubs
 *(.glue_7t)
 .glue_7t       0x000000000800538c        0x0 linker stubs
 *(.eh_frame)
 .eh_frame      0x000000000800538c        0x0 /app/stm32cubeide/plugins/com.st.stm32cube.ide.mcu.externaltools.gnu-tools-for-stm32.10.3-2021.10.linux64_1.0.200.202301161003/tools/bin/../lib/gcc/arm-none-eabi/10.3.1/thumb/v7-m/nofp/crtbegin.o
 *(.init)
 .init          0x000000000800538c        0x4 /app/stm32cubeide/plugins/com.st.stm32cube.ide.mcu.externaltools.gnu-tools-for-stm32.10.3-2021.10.linux64_1.0.200.202301161003/tools/bin/../lib/gcc/arm-none-eabi/10.3.1/thumb/v7-m/nofp/crti.o
                0x000000000800538c                _init
 .init          0x0000000008005390        0x8 /app/stm32cubeide/plugins/com.st.stm32cube.ide.mcu.externaltools.gnu-tools-for-stm32.10.3-2021.10.linux64_1.0.200.202301161003/tools/bin/../lib/gcc/arm-none-eabi/10.3.1/thumb/v7-m/nofp/crtn.o
 *(.fini)
 .fini          0x0000000008005398        0x4 /app/stm32cubeide/plugins/com.st.stm32cube.ide.mcu.externaltools.gnu-tools-for-stm32.10.3-2021.10.linux64_1.0.200.202301161003/tools/bin/../lib/gcc/arm-none-eabi/10.3.1/thumb/v7-m/nofp/crti.o
                0x0000000008005398                _fini
 .fini          0x000000000800539c        0x8 /app/stm32cubeide/plugins/com.st.stm32cube.ide.mcu.externaltools.gnu-tools-for-stm32.10.3-2021.10.linux64_1.0.200.202301161003/tools/bin/../lib/gcc/arm-none-eabi/10.3.1/thumb/v7-m/nofp/crtn.o
                0x00000000080053a4                . = ALIGN (0x4)
                0x00000000080053a4                _etext = .

.vfp11_veneer   0x00000000080053a4        0x0
 .vfp11_veneer  0x00000000080053a4        0x0 linker stubs

.v4_bx          0x00000000080053a4        0x0
 .v4_bx         0x00000000080053a4        0x0 linker stubs

.iplt           0x00000000080053a4        0x0
 .iplt          0x00000000080053a4        0x0 /app/stm32cubeide/plugins/com.st.stm32cube.ide.mcu.externaltools.gnu-tools-for-stm32.10.3-2021.10.linux64_1.0.200.202301161003/tools/bin/../lib/gcc/arm-none-eabi/10.3.1/thumb/v7-m/nofp/crtbegin.o

.rodata         0x00000000080053a4    0x15ff4
                0x00000000080053a4                . = ALIGN (0x4)
 *(.rodata)
 .rodata        0x00000000080053a4       0xac ./Core/Src/main.o
 *(.rodata*)
 .rodata.line1  0x0000000008005450     0x28ac ./Core/Src/main.o
                0x0000000008005450                line1
 .rodata.line2  0x0000000008007cfc     0x1fe0 ./Core/Src/main.o
                0x0000000008007cfc                line2
 .rodata.line3  0x0000000008009cdc     0x207c ./Core/Src/main.o
                0x0000000008009cdc                line3
 .rodata.line4  0x000000000800bd58     0x208a ./Core/Src/main.o
                0x000000000800bd58                line4
 *fill*         0x000000000800dde2        0x2 
 .rodata.gameover1
                0x000000000800dde4     0x2618 ./Core/Src/main.o
                0x000000000800dde4                gameover1
 .rodata.gameover2
                0x00000000080103fc     0x10e0 ./Core/Src/main.o
                0x00000000080103fc                gameover2
 .rodata.gameover3
                0x00000000080114dc     0x1820 ./Core/Src/main.o
                0x00000000080114dc                gameover3
 .rodata.gameover4
                0x0000000008012cfc     0x1b86 ./Core/Src/main.o
                0x0000000008012cfc                gameover4
 *fill*         0x0000000008014882        0x2 
 .rodata.gameover5
                0x0000000008014884     0x1c08 ./Core/Src/main.o
                0x0000000008014884                gameover5
 .rodata.gameover6
                0x000000000801648c      0x79e ./Core/Src/main.o
                0x000000000801648c                gameover6
 *fill*         0x0000000008016c2a        0x2 
 .rodata.img_logo
                0x0000000008016c2c     0x1200 ./Core/Src/main.o
                0x0000000008016c2c                img_logo
 .rodata.A      0x0000000008017e2c      0x200 ./Core/Src/main.o
                0x0000000008017e2c                A
 .rodata.P      0x000000000801802c      0x200 ./Core/Src/main.o
                0x000000000801802c                P
 .rodata.L      0x000000000801822c      0x200 ./Core/Src/main.o
                0x000000000801822c                L
 .rodata.I      0x000000000801842c      0x200 ./Core/Src/main.o
                0x000000000801842c                I
 .rodata.N      0x000000000801862c      0x200 ./Core/Src/main.o
                0x000000000801862c                N
 .rodata.E      0x000000000801882c      0x200 ./Core/Src/main.o
                0x000000000801882c                E
 .rodata.R      0x0000000008018a2c      0x200 ./Core/Src/main.o
                0x0000000008018a2c                R
 .rodata.snow_large
                0x0000000008018c2c      0x200 ./Core/Src/main.o
                0x0000000008018c2c                snow_large
 .rodata.snow_medium
                0x0000000008018e2c      0x200 ./Core/Src/main.o
                0x0000000008018e2c                snow_medium
 .rodata.snow_small
                0x000000000801902c      0x200 ./Core/Src/main.o
                0x000000000801902c                snow_small
 .rodata.snow_xsmall
                0x000000000801922c      0x200 ./Core/Src/main.o
                0x000000000801922c                snow_xsmall
 .rodata.chiken
                0x000000000801942c      0x200 ./Core/Src/main.o
                0x000000000801942c                chiken
 .rodata.snake_head_right
                0x000000000801962c      0x200 ./Core/Src/main.o
                0x000000000801962c                snake_head_right
 .rodata.snake_head_down
                0x000000000801982c      0x200 ./Core/Src/main.o
                0x000000000801982c                snake_head_down
 .rodata.snake_head_left
                0x0000000008019a2c      0x200 ./Core/Src/main.o
                0x0000000008019a2c                snake_head_left
 .rodata.snake_head_up
                0x0000000008019c2c      0x200 ./Core/Src/main.o
                0x0000000008019c2c                snake_head_up
 .rodata.snake_body_horizontal
                0x0000000008019e2c      0x200 ./Core/Src/main.o
                0x0000000008019e2c                snake_body_horizontal
 .rodata.snake_body_vertical
                0x000000000801a02c      0x200 ./Core/Src/main.o
                0x000000000801a02c                snake_body_vertical
 .rodata.snake_tail_right
                0x000000000801a22c      0x200 ./Core/Src/main.o
                0x000000000801a22c                snake_tail_right
 .rodata.snake_tail_down
                0x000000000801a42c      0x200 ./Core/Src/main.o
                0x000000000801a42c                snake_tail_down
 .rodata.snake_tail_left
                0x000000000801a62c      0x200 ./Core/Src/main.o
                0x000000000801a62c                snake_tail_left
 .rodata.snake_tail_up
                0x000000000801a82c      0x200 ./Core/Src/main.o
                0x000000000801a82c                snake_tail_up
 .rodata.snake_turn_up_to_right
                0x000000000801aa2c      0x200 ./Core/Src/main.o
                0x000000000801aa2c                snake_turn_up_to_right
 .rodata.snake_turn_up_to_left
                0x000000000801ac2c      0x200 ./Core/Src/main.o
                0x000000000801ac2c                snake_turn_up_to_left
 .rodata.snake_turn_down_to_right
                0x000000000801ae2c      0x200 ./Core/Src/main.o
                0x000000000801ae2c                snake_turn_down_to_right
 .rodata.snake_turn_down_to_left
                0x000000000801b02c      0x200 ./Core/Src/main.o
                0x000000000801b02c                snake_turn_down_to_left
 .rodata.AHBPrescTable
                0x000000000801b22c       0x10 ./Core/Src/system_stm32f1xx.o
                0x000000000801b22c                AHBPrescTable
 .rodata.aPLLMULFactorTable.1
                0x000000000801b23c       0x10 ./Drivers/STM32F1xx_HAL_Driver/Src/stm32f1xx_hal_rcc.o
 .rodata.aPredivFactorTable.0
                0x000000000801b24c        0x2 ./Drivers/STM32F1xx_HAL_Driver/Src/stm32f1xx_hal_rcc.o
 *fill*         0x000000000801b24e        0x2 
 .rodata._global_impure_ptr
                0x000000000801b250        0x4 /app/stm32cubeide/plugins/com.st.stm32cube.ide.mcu.externaltools.gnu-tools-for-stm32.10.3-2021.10.linux64_1.0.200.202301161003/tools/bin/../lib/gcc/arm-none-eabi/10.3.1/../../../../arm-none-eabi/lib/thumb/v7-m/nofp/libc_nano.a(lib_a-impure.o)
                0x000000000801b250                _global_impure_ptr
 .rodata.srand.str1.1
                0x000000000801b254       0x72 /app/stm32cubeide/plugins/com.st.stm32cube.ide.mcu.externaltools.gnu-tools-for-stm32.10.3-2021.10.linux64_1.0.200.202301161003/tools/bin/../lib/gcc/arm-none-eabi/10.3.1/../../../../arm-none-eabi/lib/thumb/v7-m/nofp/libc_nano.a(lib_a-rand.o)
 .rodata.__assert_func.str1.1
                0x000000000801b2c6       0x3c /app/stm32cubeide/plugins/com.st.stm32cube.ide.mcu.externaltools.gnu-tools-for-stm32.10.3-2021.10.linux64_1.0.200.202301161003/tools/bin/../lib/gcc/arm-none-eabi/10.3.1/../../../../arm-none-eabi/lib/thumb/v7-m/nofp/libc_nano.a(lib_a-assert.o)
                                         0x3d (size before relaxing)
 .rodata._vfprintf_r.str1.1
                0x000000000801b302       0x11 /app/stm32cubeide/plugins/com.st.stm32cube.ide.mcu.externaltools.gnu-tools-for-stm32.10.3-2021.10.linux64_1.0.200.202301161003/tools/bin/../lib/gcc/arm-none-eabi/10.3.1/../../../../arm-none-eabi/lib/thumb/v7-m/nofp/libc_nano.a(lib_a-nano-vfprintf.o)
 .rodata._printf_i.str1.1
                0x000000000801b313       0x22 /app/stm32cubeide/plugins/com.st.stm32cube.ide.mcu.externaltools.gnu-tools-for-stm32.10.3-2021.10.linux64_1.0.200.202301161003/tools/bin/../lib/gcc/arm-none-eabi/10.3.1/../../../../arm-none-eabi/lib/thumb/v7-m/nofp/libc_nano.a(lib_a-nano-vfprintf_i.o)
 *fill*         0x000000000801b335        0x3 
 .rodata.__sf_fake_stderr
                0x000000000801b338       0x20 /app/stm32cubeide/plugins/com.st.stm32cube.ide.mcu.externaltools.gnu-tools-for-stm32.10.3-2021.10.linux64_1.0.200.202301161003/tools/bin/../lib/gcc/arm-none-eabi/10.3.1/../../../../arm-none-eabi/lib/thumb/v7-m/nofp/libc_nano.a(lib_a-findfp.o)
                0x000000000801b338                __sf_fake_stderr
 .rodata.__sf_fake_stdin
                0x000000000801b358       0x20 /app/stm32cubeide/plugins/com.st.stm32cube.ide.mcu.externaltools.gnu-tools-for-stm32.10.3-2021.10.linux64_1.0.200.202301161003/tools/bin/../lib/gcc/arm-none-eabi/10.3.1/../../../../arm-none-eabi/lib/thumb/v7-m/nofp/libc_nano.a(lib_a-findfp.o)
                0x000000000801b358                __sf_fake_stdin
 .rodata.__sf_fake_stdout
                0x000000000801b378       0x20 /app/stm32cubeide/plugins/com.st.stm32cube.ide.mcu.externaltools.gnu-tools-for-stm32.10.3-2021.10.linux64_1.0.200.202301161003/tools/bin/../lib/gcc/arm-none-eabi/10.3.1/../../../../arm-none-eabi/lib/thumb/v7-m/nofp/libc_nano.a(lib_a-findfp.o)
                0x000000000801b378                __sf_fake_stdout
                0x000000000801b398                . = ALIGN (0x4)

.rel.dyn        0x000000000801b398        0x0
 .rel.iplt      0x000000000801b398        0x0 /app/stm32cubeide/plugins/com.st.stm32cube.ide.mcu.externaltools.gnu-tools-for-stm32.10.3-2021.10.linux64_1.0.200.202301161003/tools/bin/../lib/gcc/arm-none-eabi/10.3.1/thumb/v7-m/nofp/crtbegin.o

.ARM.extab      0x000000000801b398        0x0
                0x000000000801b398                . = ALIGN (0x4)
 *(.ARM.extab* .gnu.linkonce.armextab.*)
                0x000000000801b398                . = ALIGN (0x4)

.ARM            0x000000000801b398        0x0
                0x000000000801b398                . = ALIGN (0x4)
                0x000000000801b398                __exidx_start = .
 *(.ARM.exidx*)
                0x000000000801b398                __exidx_end = .
                0x000000000801b398                . = ALIGN (0x4)

.preinit_array  0x000000000801b398        0x0
                0x000000000801b398                . = ALIGN (0x4)
                0x000000000801b398                PROVIDE (__preinit_array_start = .)
 *(.preinit_array*)
                0x000000000801b398                PROVIDE (__preinit_array_end = .)
                0x000000000801b398                . = ALIGN (0x4)

.init_array     0x000000000801b398        0x4
                0x000000000801b398                . = ALIGN (0x4)
                0x000000000801b398                PROVIDE (__init_array_start = .)
 *(SORT_BY_NAME(.init_array.*))
 *(.init_array*)
 .init_array    0x000000000801b398        0x4 /app/stm32cubeide/plugins/com.st.stm32cube.ide.mcu.externaltools.gnu-tools-for-stm32.10.3-2021.10.linux64_1.0.200.202301161003/tools/bin/../lib/gcc/arm-none-eabi/10.3.1/thumb/v7-m/nofp/crtbegin.o
                0x000000000801b39c                PROVIDE (__init_array_end = .)
                0x000000000801b39c                . = ALIGN (0x4)

.fini_array     0x000000000801b39c        0x4
                0x000000000801b39c                . = ALIGN (0x4)
                [!provide]                        PROVIDE (__fini_array_start = .)
 *(SORT_BY_NAME(.fini_array.*))
 *(.fini_array*)
 .fini_array    0x000000000801b39c        0x4 /app/stm32cubeide/plugins/com.st.stm32cube.ide.mcu.externaltools.gnu-tools-for-stm32.10.3-2021.10.linux64_1.0.200.202301161003/tools/bin/../lib/gcc/arm-none-eabi/10.3.1/thumb/v7-m/nofp/crtbegin.o
                [!provide]                        PROVIDE (__fini_array_end = .)
                0x000000000801b3a0                . = ALIGN (0x4)
                0x000000000801b3a0                _sidata = LOADADDR (.data)

.data           0x0000000020000000       0x84 load address 0x000000000801b3a0
                0x0000000020000000                . = ALIGN (0x4)
                0x0000000020000000                _sdata = .
 *(.data)
 *(.data*)
 .data.LCD_HEIGHT
                0x0000000020000000        0x2 ./Core/Src/ILI9341_GFX.o
                0x0000000020000000                LCD_HEIGHT
 .data.LCD_WIDTH
                0x0000000020000002        0x2 ./Core/Src/ILI9341_GFX.o
                0x0000000020000002                LCD_WIDTH
 .data.snakeLength
                0x0000000020000004        0x2 ./Core/Src/main.o
                0x0000000020000004                snakeLength
 .data.snakeSpeed
                0x0000000020000006        0x2 ./Core/Src/main.o
                0x0000000020000006                snakeSpeed
 .data.buttonPrevRight
                0x0000000020000008        0x1 ./Core/Src/main.o
                0x0000000020000008                buttonPrevRight
 .data.buttonPrevLeft
                0x0000000020000009        0x1 ./Core/Src/main.o
                0x0000000020000009                buttonPrevLeft
 .data.prevHeadX
                0x000000002000000a        0x2 ./Core/Src/main.o
                0x000000002000000a                prevHeadX
 .data.prevHeadY
                0x000000002000000c        0x2 ./Core/Src/main.o
                0x000000002000000c                prevHeadY
 .data.prevTailX
                0x000000002000000e        0x2 ./Core/Src/main.o
                0x000000002000000e                prevTailX
 .data.prevTailY
                0x0000000020000010        0x2 ./Core/Src/main.o
                0x0000000020000010                prevTailY
 .data.isFirstFrame
                0x0000000020000012        0x1 ./Core/Src/main.o
                0x0000000020000012                isFirstFrame
 *fill*         0x0000000020000013        0x1 
 .data.SystemCoreClock
                0x0000000020000014        0x4 ./Core/Src/system_stm32f1xx.o
                0x0000000020000014                SystemCoreClock
 .data.uwTickPrio
                0x0000000020000018        0x4 ./Drivers/STM32F1xx_HAL_Driver/Src/stm32f1xx_hal.o
                0x0000000020000018                uwTickPrio
 .data.uwTickFreq
                0x000000002000001c        0x1 ./Drivers/STM32F1xx_HAL_Driver/Src/stm32f1xx_hal.o
                0x000000002000001c                uwTickFreq
 *fill*         0x000000002000001d        0x3 
 .data._impure_ptr
                0x0000000020000020        0x4 /app/stm32cubeide/plugins/com.st.stm32cube.ide.mcu.externaltools.gnu-tools-for-stm32.10.3-2021.10.linux64_1.0.200.202301161003/tools/bin/../lib/gcc/arm-none-eabi/10.3.1/../../../../arm-none-eabi/lib/thumb/v7-m/nofp/libc_nano.a(lib_a-impure.o)
                0x0000000020000020                _impure_ptr
 .data.impure_data
                0x0000000020000024       0x60 /app/stm32cubeide/plugins/com.st.stm32cube.ide.mcu.externaltools.gnu-tools-for-stm32.10.3-2021.10.linux64_1.0.200.202301161003/tools/bin/../lib/gcc/arm-none-eabi/10.3.1/../../../../arm-none-eabi/lib/thumb/v7-m/nofp/libc_nano.a(lib_a-impure.o)
 *(.RamFunc)
 *(.RamFunc*)
                0x0000000020000084                . = ALIGN (0x4)
                0x0000000020000084                _edata = .

.igot.plt       0x0000000020000084        0x0 load address 0x000000000801b424
 .igot.plt      0x0000000020000084        0x0 /app/stm32cubeide/plugins/com.st.stm32cube.ide.mcu.externaltools.gnu-tools-for-stm32.10.3-2021.10.linux64_1.0.200.202301161003/tools/bin/../lib/gcc/arm-none-eabi/10.3.1/thumb/v7-m/nofp/crtbegin.o
                0x0000000020000084                . = ALIGN (0x4)

.bss            0x0000000020000084      0xc30 load address 0x000000000801b424
                0x0000000020000084                _sbss = .
                0x0000000020000084                __bss_start__ = _sbss
 *(.bss)
 .bss           0x0000000020000084       0x1c /app/stm32cubeide/plugins/com.st.stm32cube.ide.mcu.externaltools.gnu-tools-for-stm32.10.3-2021.10.linux64_1.0.200.202301161003/tools/bin/../lib/gcc/arm-none-eabi/10.3.1/thumb/v7-m/nofp/crtbegin.o
 *(.bss*)
 .bss.hspi1     0x00000000200000a0       0x58 ./Core/Src/main.o
                0x00000000200000a0                hspi1
 .bss.hdma_spi1_tx
                0x00000000200000f8       0x44 ./Core/Src/main.o
                0x00000000200000f8                hdma_spi1_tx
 .bss.snakeX    0x000000002000013c       0xc8 ./Core/Src/main.o
                0x000000002000013c                snakeX
 .bss.snakeY    0x0000000020000204       0xc8 ./Core/Src/main.o
                0x0000000020000204                snakeY
 .bss.direction
                0x00000000200002cc        0x4 ./Core/Src/main.o
                0x00000000200002cc                direction
 .bss.foodX     0x00000000200002d0        0x2 ./Core/Src/main.o
                0x00000000200002d0                foodX
 .bss.foodY     0x00000000200002d2        0x2 ./Core/Src/main.o
                0x00000000200002d2                foodY
 .bss.lastMoveTime
                0x00000000200002d4        0x4 ./Core/Src/main.o
                0x00000000200002d4                lastMoveTime
 .bss.directionChanged
                0x00000000200002d8        0x1 ./Core/Src/main.o
                0x00000000200002d8                directionChanged
 *fill*         0x00000000200002d9        0x3 
 .bss.lastLedToggleTime
                0x00000000200002dc        0x4 ./Core/Src/main.o
                0x00000000200002dc                lastLedToggleTime
 .bss.snakeJustAteFood
                0x00000000200002e0        0x1 ./Core/Src/main.o
                0x00000000200002e0                snakeJustAteFood
 *fill*         0x00000000200002e1        0x3 
 .bss.prevDirection
                0x00000000200002e4        0x4 ./Core/Src/main.o
                0x00000000200002e4                prevDirection
 .bss.lastButtonPressTime
                0x00000000200002e8        0x4 ./Core/Src/main.o
                0x00000000200002e8                lastButtonPressTime
 .bss.gameRunning
                0x00000000200002ec        0x1 ./Core/Src/main.o
                0x00000000200002ec                gameRunning
 .bss.snakeDead
                0x00000000200002ed        0x1 ./Core/Src/main.o
                0x00000000200002ed                snakeDead
 *fill*         0x00000000200002ee        0x2 
 .bss.snowflakes
                0x00000000200002f0      0x988 ./Core/Src/main.o
                0x00000000200002f0                snowflakes
 .bss.textAreaTop
                0x0000000020000c78        0x4 ./Core/Src/main.o
                0x0000000020000c78                textAreaTop
 .bss.textAreaBottom
                0x0000000020000c7c        0x4 ./Core/Src/main.o
                0x0000000020000c7c                textAreaBottom
 .bss.logoX     0x0000000020000c80        0x4 ./Core/Src/main.o
                0x0000000020000c80                logoX
 .bss.logoY     0x0000000020000c84        0x4 ./Core/Src/main.o
                0x0000000020000c84                logoY
 .bss.startX    0x0000000020000c88        0x4 ./Core/Src/main.o
                0x0000000020000c88                startX
 .bss.lettersY  0x0000000020000c8c        0x4 ./Core/Src/main.o
                0x0000000020000c8c                lettersY
 .bss.num_letters
                0x0000000020000c90        0x4 ./Core/Src/main.o
                0x0000000020000c90                num_letters
 .bss.letters   0x0000000020000c94        0x4 ./Core/Src/main.o
                0x0000000020000c94                letters
 .bss.spacing   0x0000000020000c98        0x4 ./Core/Src/main.o
                0x0000000020000c98                spacing
 .bss.__sbrk_heap_end
                0x0000000020000c9c        0x4 ./Core/Src/sysmem.o
 .bss.uwTick    0x0000000020000ca0        0x4 ./Drivers/STM32F1xx_HAL_Driver/Src/stm32f1xx_hal.o
                0x0000000020000ca0                uwTick
 .bss.__malloc_free_list
                0x0000000020000ca4        0x4 /app/stm32cubeide/plugins/com.st.stm32cube.ide.mcu.externaltools.gnu-tools-for-stm32.10.3-2021.10.linux64_1.0.200.202301161003/tools/bin/../lib/gcc/arm-none-eabi/10.3.1/../../../../arm-none-eabi/lib/thumb/v7-m/nofp/libc_nano.a(lib_a-nano-mallocr.o)
                0x0000000020000ca4                __malloc_free_list
 .bss.__malloc_sbrk_start
                0x0000000020000ca8        0x4 /app/stm32cubeide/plugins/com.st.stm32cube.ide.mcu.externaltools.gnu-tools-for-stm32.10.3-2021.10.linux64_1.0.200.202301161003/tools/bin/../lib/gcc/arm-none-eabi/10.3.1/../../../../arm-none-eabi/lib/thumb/v7-m/nofp/libc_nano.a(lib_a-nano-mallocr.o)
                0x0000000020000ca8                __malloc_sbrk_start
 .bss.__lock___malloc_recursive_mutex
                0x0000000020000cac        0x1 /app/stm32cubeide/plugins/com.st.stm32cube.ide.mcu.externaltools.gnu-tools-for-stm32.10.3-2021.10.linux64_1.0.200.202301161003/tools/bin/../lib/gcc/arm-none-eabi/10.3.1/../../../../arm-none-eabi/lib/thumb/v7-m/nofp/libc_nano.a(lib_a-lock.o)
                0x0000000020000cac                __lock___malloc_recursive_mutex
 .bss.__lock___sfp_recursive_mutex
                0x0000000020000cad        0x1 /app/stm32cubeide/plugins/com.st.stm32cube.ide.mcu.externaltools.gnu-tools-for-stm32.10.3-2021.10.linux64_1.0.200.202301161003/tools/bin/../lib/gcc/arm-none-eabi/10.3.1/../../../../arm-none-eabi/lib/thumb/v7-m/nofp/libc_nano.a(lib_a-lock.o)
                0x0000000020000cad                __lock___sfp_recursive_mutex
 .bss.__lock___sinit_recursive_mutex
                0x0000000020000cae        0x1 /app/stm32cubeide/plugins/com.st.stm32cube.ide.mcu.externaltools.gnu-tools-for-stm32.10.3-2021.10.linux64_1.0.200.202301161003/tools/bin/../lib/gcc/arm-none-eabi/10.3.1/../../../../arm-none-eabi/lib/thumb/v7-m/nofp/libc_nano.a(lib_a-lock.o)
                0x0000000020000cae                __lock___sinit_recursive_mutex
 *fill*         0x0000000020000caf        0x1 
 .bss.errno     0x0000000020000cb0        0x4 /app/stm32cubeide/plugins/com.st.stm32cube.ide.mcu.externaltools.gnu-tools-for-stm32.10.3-2021.10.linux64_1.0.200.202301161003/tools/bin/../lib/gcc/arm-none-eabi/10.3.1/../../../../arm-none-eabi/lib/thumb/v7-m/nofp/libc_nano.a(lib_a-reent.o)
                0x0000000020000cb0                errno
 *(COMMON)
                0x0000000020000cb4                . = ALIGN (0x4)
                0x0000000020000cb4                _ebss = .
                0x0000000020000cb4                __bss_end__ = _ebss

._user_heap_stack
                0x0000000020000cb4      0x604 load address 0x000000000801b424
                0x0000000020000cb8                . = ALIGN (0x8)
 *fill*         0x0000000020000cb4        0x4 
                [!provide]                        PROVIDE (end = .)
                0x0000000020000cb8                PROVIDE (_end = .)
                0x0000000020000eb8                . = (. + _Min_Heap_Size)
 *fill*         0x0000000020000cb8      0x200 
                0x00000000200012b8                . = (. + _Min_Stack_Size)
 *fill*         0x0000000020000eb8      0x400 
                0x00000000200012b8                . = ALIGN (0x8)

/DISCARD/
 libc.a(*)
 libm.a(*)
 libgcc.a(*)

.ARM.attributes
                0x0000000000000000       0x29
 *(.ARM.attributes)
 .ARM.attributes
                0x0000000000000000       0x1d /app/stm32cubeide/plugins/com.st.stm32cube.ide.mcu.externaltools.gnu-tools-for-stm32.10.3-2021.10.linux64_1.0.200.202301161003/tools/bin/../lib/gcc/arm-none-eabi/10.3.1/thumb/v7-m/nofp/crti.o
 .ARM.attributes
                0x000000000000001d       0x2d /app/stm32cubeide/plugins/com.st.stm32cube.ide.mcu.externaltools.gnu-tools-for-stm32.10.3-2021.10.linux64_1.0.200.202301161003/tools/bin/../lib/gcc/arm-none-eabi/10.3.1/thumb/v7-m/nofp/crtbegin.o
 .ARM.attributes
                0x000000000000004a       0x2d ./Core/Src/ILI9341_GFX.o
 .ARM.attributes
                0x0000000000000077       0x2d ./Core/Src/main.o
 .ARM.attributes
                0x00000000000000a4       0x2d ./Core/Src/stm32f1xx_hal_msp.o
 .ARM.attributes
                0x00000000000000d1       0x2d ./Core/Src/stm32f1xx_it.o
 .ARM.attributes
                0x00000000000000fe       0x2d ./Core/Src/syscalls.o
 .ARM.attributes
                0x000000000000012b       0x2d ./Core/Src/sysmem.o
 .ARM.attributes
                0x0000000000000158       0x2d ./Core/Src/system_stm32f1xx.o
 .ARM.attributes
                0x0000000000000185       0x21 ./Core/Startup/startup_stm32f103c8tx.o
 .ARM.attributes
                0x00000000000001a6       0x2d ./Drivers/STM32F1xx_HAL_Driver/Src/stm32f1xx_hal.o
 .ARM.attributes
                0x00000000000001d3       0x2d ./Drivers/STM32F1xx_HAL_Driver/Src/stm32f1xx_hal_cortex.o
 .ARM.attributes
                0x0000000000000200       0x2d ./Drivers/STM32F1xx_HAL_Driver/Src/stm32f1xx_hal_dma.o
 .ARM.attributes
                0x000000000000022d       0x2d ./Drivers/STM32F1xx_HAL_Driver/Src/stm32f1xx_hal_gpio.o
 .ARM.attributes
                0x000000000000025a       0x2d ./Drivers/STM32F1xx_HAL_Driver/Src/stm32f1xx_hal_rcc.o
 .ARM.attributes
                0x0000000000000287       0x2d ./Drivers/STM32F1xx_HAL_Driver/Src/stm32f1xx_hal_spi.o
 .ARM.attributes
                0x00000000000002b4       0x2d /app/stm32cubeide/plugins/com.st.stm32cube.ide.mcu.externaltools.gnu-tools-for-stm32.10.3-2021.10.linux64_1.0.200.202301161003/tools/bin/../lib/gcc/arm-none-eabi/10.3.1/../../../../arm-none-eabi/lib/thumb/v7-m/nofp/libc_nano.a(lib_a-errno.o)
 .ARM.attributes
                0x00000000000002e1       0x2d /app/stm32cubeide/plugins/com.st.stm32cube.ide.mcu.externaltools.gnu-tools-for-stm32.10.3-2021.10.linux64_1.0.200.202301161003/tools/bin/../lib/gcc/arm-none-eabi/10.3.1/../../../../arm-none-eabi/lib/thumb/v7-m/nofp/libc_nano.a(lib_a-impure.o)
 .ARM.attributes
                0x000000000000030e       0x2d /app/stm32cubeide/plugins/com.st.stm32cube.ide.mcu.externaltools.gnu-tools-for-stm32.10.3-2021.10.linux64_1.0.200.202301161003/tools/bin/../lib/gcc/arm-none-eabi/10.3.1/../../../../arm-none-eabi/lib/thumb/v7-m/nofp/libc_nano.a(lib_a-init.o)
 .ARM.attributes
                0x000000000000033b       0x2d /app/stm32cubeide/plugins/com.st.stm32cube.ide.mcu.externaltools.gnu-tools-for-stm32.10.3-2021.10.linux64_1.0.200.202301161003/tools/bin/../lib/gcc/arm-none-eabi/10.3.1/../../../../arm-none-eabi/lib/thumb/v7-m/nofp/libc_nano.a(lib_a-memset.o)
 .ARM.attributes
                0x0000000000000368       0x2d /app/stm32cubeide/plugins/com.st.stm32cube.ide.mcu.externaltools.gnu-tools-for-stm32.10.3-2021.10.linux64_1.0.200.202301161003/tools/bin/../lib/gcc/arm-none-eabi/10.3.1/../../../../arm-none-eabi/lib/thumb/v7-m/nofp/libc_nano.a(lib_a-rand.o)
 .ARM.attributes
                0x0000000000000395       0x17 /app/stm32cubeide/plugins/com.st.stm32cube.ide.mcu.externaltools.gnu-tools-for-stm32.10.3-2021.10.linux64_1.0.200.202301161003/tools/bin/../lib/gcc/arm-none-eabi/10.3.1/../../../../arm-none-eabi/lib/thumb/v7-m/nofp/libc_nano.a(lib_a-strlen.o)
 .ARM.attributes
                0x00000000000003ac       0x2d /app/stm32cubeide/plugins/com.st.stm32cube.ide.mcu.externaltools.gnu-tools-for-stm32.10.3-2021.10.linux64_1.0.200.202301161003/tools/bin/../lib/gcc/arm-none-eabi/10.3.1/../../../../arm-none-eabi/lib/thumb/v7-m/nofp/libc_nano.a(lib_a-assert.o)
 .ARM.attributes
                0x00000000000003d9       0x2d /app/stm32cubeide/plugins/com.st.stm32cube.ide.mcu.externaltools.gnu-tools-for-stm32.10.3-2021.10.linux64_1.0.200.202301161003/tools/bin/../lib/gcc/arm-none-eabi/10.3.1/../../../../arm-none-eabi/lib/thumb/v7-m/nofp/libc_nano.a(lib_a-fprintf.o)
 .ARM.attributes
                0x0000000000000406       0x2d /app/stm32cubeide/plugins/com.st.stm32cube.ide.mcu.externaltools.gnu-tools-for-stm32.10.3-2021.10.linux64_1.0.200.202301161003/tools/bin/../lib/gcc/arm-none-eabi/10.3.1/../../../../arm-none-eabi/lib/thumb/v7-m/nofp/libc_nano.a(lib_a-malloc.o)
 .ARM.attributes
                0x0000000000000433       0x2d /app/stm32cubeide/plugins/com.st.stm32cube.ide.mcu.externaltools.gnu-tools-for-stm32.10.3-2021.10.linux64_1.0.200.202301161003/tools/bin/../lib/gcc/arm-none-eabi/10.3.1/../../../../arm-none-eabi/lib/thumb/v7-m/nofp/libc_nano.a(lib_a-nano-freer.o)
 .ARM.attributes
                0x0000000000000460       0x2d /app/stm32cubeide/plugins/com.st.stm32cube.ide.mcu.externaltools.gnu-tools-for-stm32.10.3-2021.10.linux64_1.0.200.202301161003/tools/bin/../lib/gcc/arm-none-eabi/10.3.1/../../../../arm-none-eabi/lib/thumb/v7-m/nofp/libc_nano.a(lib_a-nano-mallocr.o)
 .ARM.attributes
                0x000000000000048d       0x2d /app/stm32cubeide/plugins/com.st.stm32cube.ide.mcu.externaltools.gnu-tools-for-stm32.10.3-2021.10.linux64_1.0.200.202301161003/tools/bin/../lib/gcc/arm-none-eabi/10.3.1/../../../../arm-none-eabi/lib/thumb/v7-m/nofp/libc_nano.a(lib_a-nano-vfprintf.o)
 .ARM.attributes
                0x00000000000004ba       0x2d /app/stm32cubeide/plugins/com.st.stm32cube.ide.mcu.externaltools.gnu-tools-for-stm32.10.3-2021.10.linux64_1.0.200.202301161003/tools/bin/../lib/gcc/arm-none-eabi/10.3.1/../../../../arm-none-eabi/lib/thumb/v7-m/nofp/libc_nano.a(lib_a-nano-vfprintf_i.o)
 .ARM.attributes
                0x00000000000004e7       0x2d /app/stm32cubeide/plugins/com.st.stm32cube.ide.mcu.externaltools.gnu-tools-for-stm32.10.3-2021.10.linux64_1.0.200.202301161003/tools/bin/../lib/gcc/arm-none-eabi/10.3.1/../../../../arm-none-eabi/lib/thumb/v7-m/nofp/libc_nano.a(lib_a-sbrkr.o)
 .ARM.attributes
                0x0000000000000514       0x2d /app/stm32cubeide/plugins/com.st.stm32cube.ide.mcu.externaltools.gnu-tools-for-stm32.10.3-2021.10.linux64_1.0.200.202301161003/tools/bin/../lib/gcc/arm-none-eabi/10.3.1/../../../../arm-none-eabi/lib/thumb/v7-m/nofp/libc_nano.a(lib_a-wbuf.o)
 .ARM.attributes
                0x0000000000000541       0x2d /app/stm32cubeide/plugins/com.st.stm32cube.ide.mcu.externaltools.gnu-tools-for-stm32.10.3-2021.10.linux64_1.0.200.202301161003/tools/bin/../lib/gcc/arm-none-eabi/10.3.1/../../../../arm-none-eabi/lib/thumb/v7-m/nofp/libc_nano.a(lib_a-wsetup.o)
 .ARM.attributes
                0x000000000000056e       0x2d /app/stm32cubeide/plugins/com.st.stm32cube.ide.mcu.externaltools.gnu-tools-for-stm32.10.3-2021.10.linux64_1.0.200.202301161003/tools/bin/../lib/gcc/arm-none-eabi/10.3.1/../../../../arm-none-eabi/lib/thumb/v7-m/nofp/libc_nano.a(lib_a-abort.o)
 .ARM.attributes
                0x000000000000059b       0x2d /app/stm32cubeide/plugins/com.st.stm32cube.ide.mcu.externaltools.gnu-tools-for-stm32.10.3-2021.10.linux64_1.0.200.202301161003/tools/bin/../lib/gcc/arm-none-eabi/10.3.1/../../../../arm-none-eabi/lib/thumb/v7-m/nofp/libc_nano.a(lib_a-fflush.o)
 .ARM.attributes
                0x00000000000005c8       0x2d /app/stm32cubeide/plugins/com.st.stm32cube.ide.mcu.externaltools.gnu-tools-for-stm32.10.3-2021.10.linux64_1.0.200.202301161003/tools/bin/../lib/gcc/arm-none-eabi/10.3.1/../../../../arm-none-eabi/lib/thumb/v7-m/nofp/libc_nano.a(lib_a-findfp.o)
 .ARM.attributes
                0x00000000000005f5       0x2d /app/stm32cubeide/plugins/com.st.stm32cube.ide.mcu.externaltools.gnu-tools-for-stm32.10.3-2021.10.linux64_1.0.200.202301161003/tools/bin/../lib/gcc/arm-none-eabi/10.3.1/../../../../arm-none-eabi/lib/thumb/v7-m/nofp/libc_nano.a(lib_a-fwalk.o)
 .ARM.attributes
                0x0000000000000622       0x2d /app/stm32cubeide/plugins/com.st.stm32cube.ide.mcu.externaltools.gnu-tools-for-stm32.10.3-2021.10.linux64_1.0.200.202301161003/tools/bin/../lib/gcc/arm-none-eabi/10.3.1/../../../../arm-none-eabi/lib/thumb/v7-m/nofp/libc_nano.a(lib_a-lock.o)
 .ARM.attributes
                0x000000000000064f       0x2d /app/stm32cubeide/plugins/com.st.stm32cube.ide.mcu.externaltools.gnu-tools-for-stm32.10.3-2021.10.linux64_1.0.200.202301161003/tools/bin/../lib/gcc/arm-none-eabi/10.3.1/../../../../arm-none-eabi/lib/thumb/v7-m/nofp/libc_nano.a(lib_a-makebuf.o)
 .ARM.attributes
                0x000000000000067c       0x2d /app/stm32cubeide/plugins/com.st.stm32cube.ide.mcu.externaltools.gnu-tools-for-stm32.10.3-2021.10.linux64_1.0.200.202301161003/tools/bin/../lib/gcc/arm-none-eabi/10.3.1/../../../../arm-none-eabi/lib/thumb/v7-m/nofp/libc_nano.a(lib_a-memchr-stub.o)
 .ARM.attributes
                0x00000000000006a9       0x2d /app/stm32cubeide/plugins/com.st.stm32cube.ide.mcu.externaltools.gnu-tools-for-stm32.10.3-2021.10.linux64_1.0.200.202301161003/tools/bin/../lib/gcc/arm-none-eabi/10.3.1/../../../../arm-none-eabi/lib/thumb/v7-m/nofp/libc_nano.a(lib_a-mlock.o)
 .ARM.attributes
                0x00000000000006d6       0x2d /app/stm32cubeide/plugins/com.st.stm32cube.ide.mcu.externaltools.gnu-tools-for-stm32.10.3-2021.10.linux64_1.0.200.202301161003/tools/bin/../lib/gcc/arm-none-eabi/10.3.1/../../../../arm-none-eabi/lib/thumb/v7-m/nofp/libc_nano.a(lib_a-reent.o)
 .ARM.attributes
                0x0000000000000703       0x2d /app/stm32cubeide/plugins/com.st.stm32cube.ide.mcu.externaltools.gnu-tools-for-stm32.10.3-2021.10.linux64_1.0.200.202301161003/tools/bin/../lib/gcc/arm-none-eabi/10.3.1/../../../../arm-none-eabi/lib/thumb/v7-m/nofp/libc_nano.a(lib_a-signal.o)
 .ARM.attributes
                0x0000000000000730       0x2d /app/stm32cubeide/plugins/com.st.stm32cube.ide.mcu.externaltools.gnu-tools-for-stm32.10.3-2021.10.linux64_1.0.200.202301161003/tools/bin/../lib/gcc/arm-none-eabi/10.3.1/../../../../arm-none-eabi/lib/thumb/v7-m/nofp/libc_nano.a(lib_a-signalr.o)
 .ARM.attributes
                0x000000000000075d       0x2d /app/stm32cubeide/plugins/com.st.stm32cube.ide.mcu.externaltools.gnu-tools-for-stm32.10.3-2021.10.linux64_1.0.200.202301161003/tools/bin/../lib/gcc/arm-none-eabi/10.3.1/../../../../arm-none-eabi/lib/thumb/v7-m/nofp/libc_nano.a(lib_a-stdio.o)
 .ARM.attributes
                0x000000000000078a       0x2d /app/stm32cubeide/plugins/com.st.stm32cube.ide.mcu.externaltools.gnu-tools-for-stm32.10.3-2021.10.linux64_1.0.200.202301161003/tools/bin/../lib/gcc/arm-none-eabi/10.3.1/../../../../arm-none-eabi/lib/thumb/v7-m/nofp/libc_nano.a(lib_a-writer.o)
 .ARM.attributes
                0x00000000000007b7       0x2d /app/stm32cubeide/plugins/com.st.stm32cube.ide.mcu.externaltools.gnu-tools-for-stm32.10.3-2021.10.linux64_1.0.200.202301161003/tools/bin/../lib/gcc/arm-none-eabi/10.3.1/../../../../arm-none-eabi/lib/thumb/v7-m/nofp/libc_nano.a(lib_a-closer.o)
 .ARM.attributes
                0x00000000000007e4       0x2d /app/stm32cubeide/plugins/com.st.stm32cube.ide.mcu.externaltools.gnu-tools-for-stm32.10.3-2021.10.linux64_1.0.200.202301161003/tools/bin/../lib/gcc/arm-none-eabi/10.3.1/../../../../arm-none-eabi/lib/thumb/v7-m/nofp/libc_nano.a(lib_a-fstatr.o)
 .ARM.attributes
                0x0000000000000811       0x2d /app/stm32cubeide/plugins/com.st.stm32cube.ide.mcu.externaltools.gnu-tools-for-stm32.10.3-2021.10.linux64_1.0.200.202301161003/tools/bin/../lib/gcc/arm-none-eabi/10.3.1/../../../../arm-none-eabi/lib/thumb/v7-m/nofp/libc_nano.a(lib_a-isattyr.o)
 .ARM.attributes
                0x000000000000083e       0x2d /app/stm32cubeide/plugins/com.st.stm32cube.ide.mcu.externaltools.gnu-tools-for-stm32.10.3-2021.10.linux64_1.0.200.202301161003/tools/bin/../lib/gcc/arm-none-eabi/10.3.1/../../../../arm-none-eabi/lib/thumb/v7-m/nofp/libc_nano.a(lib_a-lseekr.o)
 .ARM.attributes
                0x000000000000086b       0x2d /app/stm32cubeide/plugins/com.st.stm32cube.ide.mcu.externaltools.gnu-tools-for-stm32.10.3-2021.10.linux64_1.0.200.202301161003/tools/bin/../lib/gcc/arm-none-eabi/10.3.1/../../../../arm-none-eabi/lib/thumb/v7-m/nofp/libc_nano.a(lib_a-readr.o)
 .ARM.attributes
                0x0000000000000898       0x1d /app/stm32cubeide/plugins/com.st.stm32cube.ide.mcu.externaltools.gnu-tools-for-stm32.10.3-2021.10.linux64_1.0.200.202301161003/tools/bin/../lib/gcc/arm-none-eabi/10.3.1/thumb/v7-m/nofp/libgcc.a(_arm_addsubsf3.o)
 .ARM.attributes
                0x00000000000008b5       0x1d /app/stm32cubeide/plugins/com.st.stm32cube.ide.mcu.externaltools.gnu-tools-for-stm32.10.3-2021.10.linux64_1.0.200.202301161003/tools/bin/../lib/gcc/arm-none-eabi/10.3.1/thumb/v7-m/nofp/libgcc.a(_arm_muldivsf3.o)
 .ARM.attributes
                0x00000000000008d2       0x1d /app/stm32cubeide/plugins/com.st.stm32cube.ide.mcu.externaltools.gnu-tools-for-stm32.10.3-2021.10.linux64_1.0.200.202301161003/tools/bin/../lib/gcc/arm-none-eabi/10.3.1/thumb/v7-m/nofp/libgcc.a(_arm_fixsfsi.o)
 .ARM.attributes
                0x00000000000008ef       0x1d /app/stm32cubeide/plugins/com.st.stm32cube.ide.mcu.externaltools.gnu-tools-for-stm32.10.3-2021.10.linux64_1.0.200.202301161003/tools/bin/../lib/gcc/arm-none-eabi/10.3.1/thumb/v7-m/nofp/crtn.o
OUTPUT(imager.elf elf32-littlearm)
LOAD linker stubs
LOAD /app/stm32cubeide/plugins/com.st.stm32cube.ide.mcu.externaltools.gnu-tools-for-stm32.10.3-2021.10.linux64_1.0.200.202301161003/tools/bin/../lib/gcc/arm-none-eabi/10.3.1/../../../../arm-none-eabi/lib/thumb/v7-m/nofp/libc.a
LOAD /app/stm32cubeide/plugins/com.st.stm32cube.ide.mcu.externaltools.gnu-tools-for-stm32.10.3-2021.10.linux64_1.0.200.202301161003/tools/bin/../lib/gcc/arm-none-eabi/10.3.1/../../../../arm-none-eabi/lib/thumb/v7-m/nofp/libm.a
LOAD /app/stm32cubeide/plugins/com.st.stm32cube.ide.mcu.externaltools.gnu-tools-for-stm32.10.3-2021.10.linux64_1.0.200.202301161003/tools/bin/../lib/gcc/arm-none-eabi/10.3.1/thumb/v7-m/nofp/libgcc.a

.debug_info     0x0000000000000000     0x800a
 .debug_info    0x0000000000000000      0xb9d ./Core/Src/ILI9341_GFX.o
 .debug_info    0x0000000000000b9d     0x1f8e ./Core/Src/main.o
 .debug_info    0x0000000000002b2b      0x90a ./Core/Src/stm32f1xx_hal_msp.o
 .debug_info    0x0000000000003435      0x3a5 ./Core/Src/stm32f1xx_it.o
 .debug_info    0x00000000000037da      0x6e0 ./Core/Src/syscalls.o
 .debug_info    0x0000000000003eba      0x171 ./Core/Src/sysmem.o
 .debug_info    0x000000000000402b      0x23d ./Core/Src/system_stm32f1xx.o
 .debug_info    0x0000000000004268       0x22 ./Core/Startup/startup_stm32f103c8tx.o
 .debug_info    0x000000000000428a      0x734 ./Drivers/STM32F1xx_HAL_Driver/Src/stm32f1xx_hal.o
 .debug_info    0x00000000000049be      0xb20 ./Drivers/STM32F1xx_HAL_Driver/Src/stm32f1xx_hal_cortex.o
 .debug_info    0x00000000000054de      0x744 ./Drivers/STM32F1xx_HAL_Driver/Src/stm32f1xx_hal_dma.o
 .debug_info    0x0000000000005c22      0x615 ./Drivers/STM32F1xx_HAL_Driver/Src/stm32f1xx_hal_gpio.o
 .debug_info    0x0000000000006237      0x865 ./Drivers/STM32F1xx_HAL_Driver/Src/stm32f1xx_hal_rcc.o
 .debug_info    0x0000000000006a9c     0x156e ./Drivers/STM32F1xx_HAL_Driver/Src/stm32f1xx_hal_spi.o

.debug_abbrev   0x0000000000000000     0x1a7c
 .debug_abbrev  0x0000000000000000      0x213 ./Core/Src/ILI9341_GFX.o
 .debug_abbrev  0x0000000000000213      0x3c8 ./Core/Src/main.o
 .debug_abbrev  0x00000000000005db      0x1d8 ./Core/Src/stm32f1xx_hal_msp.o
 .debug_abbrev  0x00000000000007b3      0x15f ./Core/Src/stm32f1xx_it.o
 .debug_abbrev  0x0000000000000912      0x1b3 ./Core/Src/syscalls.o
 .debug_abbrev  0x0000000000000ac5       0xbb ./Core/Src/sysmem.o
 .debug_abbrev  0x0000000000000b80      0x13b ./Core/Src/system_stm32f1xx.o
 .debug_abbrev  0x0000000000000cbb       0x12 ./Core/Startup/startup_stm32f103c8tx.o
 .debug_abbrev  0x0000000000000ccd      0x1fb ./Drivers/STM32F1xx_HAL_Driver/Src/stm32f1xx_hal.o
 .debug_abbrev  0x0000000000000ec8      0x2ed ./Drivers/STM32F1xx_HAL_Driver/Src/stm32f1xx_hal_cortex.o
 .debug_abbrev  0x00000000000011b5      0x1fe ./Drivers/STM32F1xx_HAL_Driver/Src/stm32f1xx_hal_dma.o
 .debug_abbrev  0x00000000000013b3      0x1bb ./Drivers/STM32F1xx_HAL_Driver/Src/stm32f1xx_hal_gpio.o
 .debug_abbrev  0x000000000000156e      0x2a8 ./Drivers/STM32F1xx_HAL_Driver/Src/stm32f1xx_hal_rcc.o
 .debug_abbrev  0x0000000000001816      0x266 ./Drivers/STM32F1xx_HAL_Driver/Src/stm32f1xx_hal_spi.o

.debug_aranges  0x0000000000000000      0x858
 .debug_aranges
                0x0000000000000000       0xc0 ./Core/Src/ILI9341_GFX.o
 .debug_aranges
                0x00000000000000c0       0xd0 ./Core/Src/main.o
 .debug_aranges
                0x0000000000000190       0x30 ./Core/Src/stm32f1xx_hal_msp.o
 .debug_aranges
                0x00000000000001c0       0x68 ./Core/Src/stm32f1xx_it.o
 .debug_aranges
                0x0000000000000228       0xa8 ./Core/Src/syscalls.o
 .debug_aranges
                0x00000000000002d0       0x20 ./Core/Src/sysmem.o
 .debug_aranges
                0x00000000000002f0       0x28 ./Core/Src/system_stm32f1xx.o
 .debug_aranges
                0x0000000000000318       0x28 ./Core/Startup/startup_stm32f103c8tx.o
 .debug_aranges
                0x0000000000000340       0xe0 ./Drivers/STM32F1xx_HAL_Driver/Src/stm32f1xx_hal.o
 .debug_aranges
                0x0000000000000420      0x100 ./Drivers/STM32F1xx_HAL_Driver/Src/stm32f1xx_hal_cortex.o
 .debug_aranges
                0x0000000000000520       0x80 ./Drivers/STM32F1xx_HAL_Driver/Src/stm32f1xx_hal_dma.o
 .debug_aranges
                0x00000000000005a0       0x58 ./Drivers/STM32F1xx_HAL_Driver/Src/stm32f1xx_hal_gpio.o
 .debug_aranges
                0x00000000000005f8       0x90 ./Drivers/STM32F1xx_HAL_Driver/Src/stm32f1xx_hal_rcc.o
 .debug_aranges
                0x0000000000000688      0x1d0 ./Drivers/STM32F1xx_HAL_Driver/Src/stm32f1xx_hal_spi.o

.debug_ranges   0x0000000000000000      0x7c8
 .debug_ranges  0x0000000000000000       0xb0 ./Core/Src/ILI9341_GFX.o
 .debug_ranges  0x00000000000000b0      0x108 ./Core/Src/main.o
 .debug_ranges  0x00000000000001b8       0x20 ./Core/Src/stm32f1xx_hal_msp.o
 .debug_ranges  0x00000000000001d8       0x58 ./Core/Src/stm32f1xx_it.o
 .debug_ranges  0x0000000000000230       0x98 ./Core/Src/syscalls.o
 .debug_ranges  0x00000000000002c8       0x10 ./Core/Src/sysmem.o
 .debug_ranges  0x00000000000002d8       0x18 ./Core/Src/system_stm32f1xx.o
 .debug_ranges  0x00000000000002f0       0x20 ./Core/Startup/startup_stm32f103c8tx.o
 .debug_ranges  0x0000000000000310       0xd0 ./Drivers/STM32F1xx_HAL_Driver/Src/stm32f1xx_hal.o
 .debug_ranges  0x00000000000003e0       0xf0 ./Drivers/STM32F1xx_HAL_Driver/Src/stm32f1xx_hal_cortex.o
 .debug_ranges  0x00000000000004d0       0x70 ./Drivers/STM32F1xx_HAL_Driver/Src/stm32f1xx_hal_dma.o
 .debug_ranges  0x0000000000000540       0x48 ./Drivers/STM32F1xx_HAL_Driver/Src/stm32f1xx_hal_gpio.o
 .debug_ranges  0x0000000000000588       0x80 ./Drivers/STM32F1xx_HAL_Driver/Src/stm32f1xx_hal_rcc.o
 .debug_ranges  0x0000000000000608      0x1c0 ./Drivers/STM32F1xx_HAL_Driver/Src/stm32f1xx_hal_spi.o

.debug_macro    0x0000000000000000    0x17d46
 .debug_macro   0x0000000000000000      0x294 ./Core/Src/ILI9341_GFX.o
 .debug_macro   0x0000000000000294      0xa6c ./Core/Src/ILI9341_GFX.o
 .debug_macro   0x0000000000000d00      0x21b ./Core/Src/ILI9341_GFX.o
 .debug_macro   0x0000000000000f1b       0x2e ./Core/Src/ILI9341_GFX.o
 .debug_macro   0x0000000000000f49       0x22 ./Core/Src/ILI9341_GFX.o
 .debug_macro   0x0000000000000f6b       0x22 ./Core/Src/ILI9341_GFX.o
 .debug_macro   0x0000000000000f8d       0x8e ./Core/Src/ILI9341_GFX.o
 .debug_macro   0x000000000000101b       0x51 ./Core/Src/ILI9341_GFX.o
 .debug_macro   0x000000000000106c      0x103 ./Core/Src/ILI9341_GFX.o
 .debug_macro   0x000000000000116f       0x6a ./Core/Src/ILI9341_GFX.o
 .debug_macro   0x00000000000011d9      0x1df ./Core/Src/ILI9341_GFX.o
 .debug_macro   0x00000000000013b8       0x1c ./Core/Src/ILI9341_GFX.o
 .debug_macro   0x00000000000013d4       0x22 ./Core/Src/ILI9341_GFX.o
 .debug_macro   0x00000000000013f6       0xbd ./Core/Src/ILI9341_GFX.o
 .debug_macro   0x00000000000014b3      0xd23 ./Core/Src/ILI9341_GFX.o
 .debug_macro   0x00000000000021d6     0xe09e ./Core/Src/ILI9341_GFX.o
 .debug_macro   0x0000000000010274       0x6d ./Core/Src/ILI9341_GFX.o
 .debug_macro   0x00000000000102e1     0x34a2 ./Core/Src/ILI9341_GFX.o
 .debug_macro   0x0000000000013783      0x174 ./Core/Src/ILI9341_GFX.o
 .debug_macro   0x00000000000138f7       0x5c ./Core/Src/ILI9341_GFX.o
 .debug_macro   0x0000000000013953      0x5bc ./Core/Src/ILI9341_GFX.o
 .debug_macro   0x0000000000013f0f      0x289 ./Core/Src/ILI9341_GFX.o
 .debug_macro   0x0000000000014198      0x1cb ./Core/Src/ILI9341_GFX.o
 .debug_macro   0x0000000000014363      0x114 ./Core/Src/ILI9341_GFX.o
 .debug_macro   0x0000000000014477      0x1b2 ./Core/Src/ILI9341_GFX.o
 .debug_macro   0x0000000000014629       0x27 ./Core/Src/ILI9341_GFX.o
 .debug_macro   0x0000000000014650      0x136 ./Core/Src/ILI9341_GFX.o
 .debug_macro   0x0000000000014786      0x1bc ./Core/Src/ILI9341_GFX.o
 .debug_macro   0x0000000000014942       0x34 ./Core/Src/ILI9341_GFX.o
 .debug_macro   0x0000000000014976       0x3c ./Core/Src/ILI9341_GFX.o
 .debug_macro   0x00000000000149b2       0x57 ./Core/Src/ILI9341_GFX.o
 .debug_macro   0x0000000000014a09       0x87 ./Core/Src/ILI9341_GFX.o
 .debug_macro   0x0000000000014a90      0x240 ./Core/Src/ILI9341_GFX.o
 .debug_macro   0x0000000000014cd0      0x140 ./Core/Src/ILI9341_GFX.o
 .debug_macro   0x0000000000014e10      0x217 ./Core/Src/ILI9341_GFX.o
 .debug_macro   0x0000000000015027       0x83 ./Core/Src/ILI9341_GFX.o
 .debug_macro   0x00000000000150aa       0x28 ./Core/Src/ILI9341_GFX.o
 .debug_macro   0x00000000000150d2       0xd6 ./Core/Src/ILI9341_GFX.o
 .debug_macro   0x00000000000151a8       0x18 ./Core/Src/ILI9341_GFX.o
 .debug_macro   0x00000000000151c0       0x52 ./Core/Src/ILI9341_GFX.o
 .debug_macro   0x0000000000015212       0x3c ./Core/Src/ILI9341_GFX.o
 .debug_macro   0x000000000001524e       0x34 ./Core/Src/ILI9341_GFX.o
 .debug_macro   0x0000000000015282       0x16 ./Core/Src/ILI9341_GFX.o
 .debug_macro   0x0000000000015298       0x35 ./Core/Src/ILI9341_GFX.o
 .debug_macro   0x00000000000152cd       0x16 ./Core/Src/ILI9341_GFX.o
 .debug_macro   0x00000000000152e3       0x43 ./Core/Src/ILI9341_GFX.o
 .debug_macro   0x0000000000015326       0x34 ./Core/Src/ILI9341_GFX.o
 .debug_macro   0x000000000001535a       0x10 ./Core/Src/ILI9341_GFX.o
 .debug_macro   0x000000000001536a       0x58 ./Core/Src/ILI9341_GFX.o
 .debug_macro   0x00000000000153c2       0x71 ./Core/Src/ILI9341_GFX.o
 .debug_macro   0x0000000000015433       0x1c ./Core/Src/ILI9341_GFX.o
 .debug_macro   0x000000000001544f      0x12a ./Core/Src/ILI9341_GFX.o
 .debug_macro   0x0000000000015579      0x341 ./Core/Src/ILI9341_GFX.o
 .debug_macro   0x00000000000158ba       0x16 ./Core/Src/ILI9341_GFX.o
 .debug_macro   0x00000000000158d0       0x29 ./Core/Src/ILI9341_GFX.o
 .debug_macro   0x00000000000158f9      0x47b ./Core/Src/main.o
 .debug_macro   0x0000000000015d74       0x10 ./Core/Src/main.o
 .debug_macro   0x0000000000015d84       0x20 ./Core/Src/main.o
 .debug_macro   0x0000000000015da4       0x1c ./Core/Src/main.o
 .debug_macro   0x0000000000015dc0       0x10 ./Core/Src/main.o
 .debug_macro   0x0000000000015dd0       0x10 ./Core/Src/main.o
 .debug_macro   0x0000000000015de0       0x1c ./Core/Src/main.o
 .debug_macro   0x0000000000015dfc       0x52 ./Core/Src/main.o
 .debug_macro   0x0000000000015e4e       0x22 ./Core/Src/main.o
 .debug_macro   0x0000000000015e70       0x10 ./Core/Src/main.o
 .debug_macro   0x0000000000015e80       0x52 ./Core/Src/main.o
 .debug_macro   0x0000000000015ed2       0xd5 ./Core/Src/main.o
 .debug_macro   0x0000000000015fa7       0x1c ./Core/Src/main.o
 .debug_macro   0x0000000000015fc3       0x3d ./Core/Src/main.o
 .debug_macro   0x0000000000016000       0x16 ./Core/Src/main.o
 .debug_macro   0x0000000000016016      0x145 ./Core/Src/main.o
 .debug_macro   0x000000000001615b      0x19d ./Core/Src/stm32f1xx_hal_msp.o
 .debug_macro   0x00000000000162f8      0x1a7 ./Core/Src/stm32f1xx_it.o
 .debug_macro   0x000000000001649f      0x24c ./Core/Src/syscalls.o
 .debug_macro   0x00000000000166eb       0x4c ./Core/Src/syscalls.o
 .debug_macro   0x0000000000016737       0x94 ./Core/Src/syscalls.o
 .debug_macro   0x00000000000167cb       0x57 ./Core/Src/syscalls.o
 .debug_macro   0x0000000000016822       0x10 ./Core/Src/syscalls.o
 .debug_macro   0x0000000000016832       0x10 ./Core/Src/syscalls.o
 .debug_macro   0x0000000000016842       0x10 ./Core/Src/syscalls.o
 .debug_macro   0x0000000000016852       0x35 ./Core/Src/syscalls.o
 .debug_macro   0x0000000000016887      0x12c ./Core/Src/syscalls.o
 .debug_macro   0x00000000000169b3       0x10 ./Core/Src/syscalls.o
 .debug_macro   0x00000000000169c3      0x241 ./Core/Src/syscalls.o
 .debug_macro   0x0000000000016c04       0x10 ./Core/Src/syscalls.o
 .debug_macro   0x0000000000016c14      0x189 ./Core/Src/syscalls.o
 .debug_macro   0x0000000000016d9d       0x16 ./Core/Src/syscalls.o
 .debug_macro   0x0000000000016db3       0xce ./Core/Src/syscalls.o
 .debug_macro   0x0000000000016e81       0xff ./Core/Src/sysmem.o
 .debug_macro   0x0000000000016f80      0x23b ./Core/Src/sysmem.o